Archive member included to satisfy reference by file (symbol)

/Applications/ArmGNUToolchain/13.2.Rel1/arm-none-eabi/bin/../lib/gcc/arm-none-eabi/13.2.1/thumb/v6-m/nofp/libgcc.a(_dvmd_tls.o)
                              CMakeFiles/mcp4912_spi.dir/Users/lucasolschansky/Pico/pico-sdk/src/rp2_common/pico_divider/divider.S.obj (__aeabi_idiv0)
/Applications/ArmGNUToolchain/13.2.Rel1/arm-none-eabi/bin/../lib/gcc/arm-none-eabi/13.2.1/../../../../arm-none-eabi/lib/thumb/v6-m/nofp/libg.a(libc_a-calloc.o)
                              CMakeFiles/mcp4912_spi.dir/Users/lucasolschansky/Pico/pico-sdk/src/rp2_common/pico_malloc/pico_malloc.c.obj (calloc)
/Applications/ArmGNUToolchain/13.2.Rel1/arm-none-eabi/bin/../lib/gcc/arm-none-eabi/13.2.1/../../../../arm-none-eabi/lib/thumb/v6-m/nofp/libg.a(libc_a-callocr.o)
                              /Applications/ArmGNUToolchain/13.2.Rel1/arm-none-eabi/bin/../lib/gcc/arm-none-eabi/13.2.1/../../../../arm-none-eabi/lib/thumb/v6-m/nofp/libg.a(libc_a-calloc.o) (_calloc_r)
/Applications/ArmGNUToolchain/13.2.Rel1/arm-none-eabi/bin/../lib/gcc/arm-none-eabi/13.2.1/../../../../arm-none-eabi/lib/thumb/v6-m/nofp/libg.a(libc_a-malloc.o)
                              CMakeFiles/mcp4912_spi.dir/Users/lucasolschansky/Pico/pico-sdk/src/rp2_common/pico_malloc/pico_malloc.c.obj (malloc)
/Applications/ArmGNUToolchain/13.2.Rel1/arm-none-eabi/bin/../lib/gcc/arm-none-eabi/13.2.1/../../../../arm-none-eabi/lib/thumb/v6-m/nofp/libg.a(libc_a-mallocr.o)
                              /Applications/ArmGNUToolchain/13.2.Rel1/arm-none-eabi/bin/../lib/gcc/arm-none-eabi/13.2.1/../../../../arm-none-eabi/lib/thumb/v6-m/nofp/libg.a(libc_a-callocr.o) (_malloc_r)
/Applications/ArmGNUToolchain/13.2.Rel1/arm-none-eabi/bin/../lib/gcc/arm-none-eabi/13.2.1/../../../../arm-none-eabi/lib/thumb/v6-m/nofp/libg.a(libc_a-mlock.o)
                              /Applications/ArmGNUToolchain/13.2.Rel1/arm-none-eabi/bin/../lib/gcc/arm-none-eabi/13.2.1/../../../../arm-none-eabi/lib/thumb/v6-m/nofp/libg.a(libc_a-mallocr.o) (__malloc_lock)
/Applications/ArmGNUToolchain/13.2.Rel1/arm-none-eabi/bin/../lib/gcc/arm-none-eabi/13.2.1/../../../../arm-none-eabi/lib/thumb/v6-m/nofp/libg.a(libc_a-realloc.o)
                              CMakeFiles/mcp4912_spi.dir/Users/lucasolschansky/Pico/pico-sdk/src/rp2_common/pico_malloc/pico_malloc.c.obj (realloc)
/Applications/ArmGNUToolchain/13.2.Rel1/arm-none-eabi/bin/../lib/gcc/arm-none-eabi/13.2.1/../../../../arm-none-eabi/lib/thumb/v6-m/nofp/libg.a(libc_a-reallocr.o)
                              /Applications/ArmGNUToolchain/13.2.Rel1/arm-none-eabi/bin/../lib/gcc/arm-none-eabi/13.2.1/../../../../arm-none-eabi/lib/thumb/v6-m/nofp/libg.a(libc_a-realloc.o) (_realloc_r)
/Applications/ArmGNUToolchain/13.2.Rel1/arm-none-eabi/bin/../lib/gcc/arm-none-eabi/13.2.1/../../../../arm-none-eabi/lib/thumb/v6-m/nofp/libg.a(libc_a-memmove.o)
                              /Applications/ArmGNUToolchain/13.2.Rel1/arm-none-eabi/bin/../lib/gcc/arm-none-eabi/13.2.1/../../../../arm-none-eabi/lib/thumb/v6-m/nofp/libg.a(libc_a-reallocr.o) (memmove)
/Applications/ArmGNUToolchain/13.2.Rel1/arm-none-eabi/bin/../lib/gcc/arm-none-eabi/13.2.1/../../../../arm-none-eabi/lib/thumb/v6-m/nofp/libg.a(libc_a-impure.o)
                              /Applications/ArmGNUToolchain/13.2.Rel1/arm-none-eabi/bin/../lib/gcc/arm-none-eabi/13.2.1/../../../../arm-none-eabi/lib/thumb/v6-m/nofp/libg.a(libc_a-calloc.o) (_impure_ptr)
/Applications/ArmGNUToolchain/13.2.Rel1/arm-none-eabi/bin/../lib/gcc/arm-none-eabi/13.2.1/../../../../arm-none-eabi/lib/thumb/v6-m/nofp/libg.a(libc_a-sbrkr.o)
                              /Applications/ArmGNUToolchain/13.2.Rel1/arm-none-eabi/bin/../lib/gcc/arm-none-eabi/13.2.1/../../../../arm-none-eabi/lib/thumb/v6-m/nofp/libg.a(libc_a-mallocr.o) (_sbrk_r)
/Applications/ArmGNUToolchain/13.2.Rel1/arm-none-eabi/bin/../lib/gcc/arm-none-eabi/13.2.1/../../../../arm-none-eabi/lib/thumb/v6-m/nofp/libg.a(libc_a-errno.o)
                              /Applications/ArmGNUToolchain/13.2.Rel1/arm-none-eabi/bin/../lib/gcc/arm-none-eabi/13.2.1/../../../../arm-none-eabi/lib/thumb/v6-m/nofp/libg.a(libc_a-callocr.o) (__errno)
/Applications/ArmGNUToolchain/13.2.Rel1/arm-none-eabi/bin/../lib/gcc/arm-none-eabi/13.2.1/../../../../arm-none-eabi/lib/thumb/v6-m/nofp/libg.a(libc_a-sysconf.o)
                              /Applications/ArmGNUToolchain/13.2.Rel1/arm-none-eabi/bin/../lib/gcc/arm-none-eabi/13.2.1/../../../../arm-none-eabi/lib/thumb/v6-m/nofp/libg.a(libc_a-mallocr.o) (sysconf)
/Applications/ArmGNUToolchain/13.2.Rel1/arm-none-eabi/bin/../lib/gcc/arm-none-eabi/13.2.1/../../../../arm-none-eabi/lib/thumb/v6-m/nofp/libg.a(libc_a-init.o)
                              /Applications/ArmGNUToolchain/13.2.Rel1/arm-none-eabi/bin/../lib/gcc/arm-none-eabi/13.2.1/../../../../arm-none-eabi/lib/thumb/v6-m/nofp/crt0.o (__libc_init_array)
[...]
Memory Configuration

Name             Origin             Length             Attributes
FLASH            0x10000000         0x00200000         xr
RAM              0x20000000         0x00040000         xrw
SCRATCH_X        0x20040000         0x00001000         xrw
SCRATCH_Y        0x20041000         0x00001000         xrw
*default*        0x00000000         0xffffffff

Linker script and memory map

LOAD /Applications/ArmGNUToolchain/13.2.Rel1/arm-none-eabi/bin/../lib/gcc/arm-none-eabi/13.2.1/thumb/v6-m/nofp/crti.o
LOAD /Applications/ArmGNUToolchain/13.2.Rel1/arm-none-eabi/bin/../lib/gcc/arm-none-eabi/13.2.1/thumb/v6-m/nofp/crtbegin.o
LOAD /Applications/ArmGNUToolchain/13.2.Rel1/arm-none-eabi/bin/../lib/gcc/arm-none-eabi/13.2.1/../../../../arm-none-eabi/lib/thumb/v6-m/nofp/crt0.o

.flash_begin    0x10000000        0x0
                0x10000000                        __flash_binary_start = .

.boot2          0x10000000      0x100
                0x10000000                        __boot2_start__ = .
 *(.boot2)
 .boot2         0x10000000      0x100 /var/folders/l7/cb0xcf750d14ygxsby8ykcy40000gn/T//cczzbc2m.o
                0x10000100                        __boot2_end__ = .
                0x00000001                        ASSERT (((__boot2_end__ - __boot2_start__) == 0x100), ERROR: Pico second stage bootloader must be 256 bytes in size)

.text           0x10000100     0x4f90
                0x10000100                        __logical_binary_start = .
 *(.vectors)
 .vectors       0x10000100       0xd4 CMakeFiles/mcp4912_spi.dir/Users/lucasolschansky/Pico/pico-sdk/src/rp2_common/pico_standard_link/crt0.S.obj
                0x10000100                __VECTOR_TABLE
                0x10000100                __vectors
                0x100001c0                __default_isrs_start
                0x100001c0                isr_invalid
                0x100001c2                isr_nmi
                0x100001c4                isr_hardfault
                0x100001c6                isr_svcall
                0x100001c8                isr_pendsv
                0x100001ca                isr_systick
                0x100001cc                isr_irq28
                0x100001cc                isr_irq19
                0x100001cc                isr_irq0
                0x100001cc                isr_irq6
                0x100001cc                isr_irq22
                0x100001cc                isr_irq17
                0x100001cc                isr_irq14
                0x100001cc                isr_irq2
                0x100001cc                isr_irq10
                0x100001cc                isr_irq8
                0x100001cc                isr_irq24
                0x100001cc                isr_irq1
                0x100001cc                isr_irq7
                0x100001cc                isr_irq21
                0x100001cc                isr_irq20
                0x100001cc                isr_irq15
                0x100001cc                isr_irq25
                0x100001cc                isr_irq4
                0x100001cc                isr_irq16
                0x100001cc                isr_irq29
                0x100001cc                isr_irq26
                0x100001cc                __default_isrs_end
                0x100001cc                isr_irq3
                0x100001cc                isr_irq9
                0x100001cc                __unhandled_user_irq
                0x100001cc                isr_irq13
                0x100001cc                isr_irq27
                0x100001cc                isr_irq31
                0x100001cc                isr_irq5
                0x100001cc                isr_irq11
                0x100001cc                isr_irq23
                0x100001cc                isr_irq18
                0x100001cc                isr_irq30
                0x100001cc                isr_irq12
                0x100001d2                unhandled_user_irq_num_in_r0
 *(.binary_info_header)
 .binary_info_header
                0x100001d4       0x14 CMakeFiles/mcp4912_spi.dir/Users/lucasolschansky/Pico/pico-sdk/src/rp2_common/pico_standard_link/crt0.S.obj
                0x100001e8                        __binary_info_header_end = .
 *(.reset)
 .reset         0x100001e8       0xa0 CMakeFiles/mcp4912_spi.dir/Users/lucasolschansky/Pico/pico-sdk/src/rp2_common/pico_standard_link/crt0.S.obj
                0x100001e8                _entry_point
 .reset         0x10000288       0x30 CMakeFiles/mcp4912_spi.dir/Users/lucasolschansky/Pico/pico-sdk/src/rp2_common/pico_standard_link/binary_info.c.obj
 *(.init)
 .init          0x100002b8        0x4 /Applications/ArmGNUToolchain/13.2.Rel1/arm-none-eabi/bin/../lib/gcc/arm-none-eabi/13.2.1/thumb/v6-m/nofp/crti.o
                0x100002b8                _init
 *(EXCLUDE_FILE(*libm.a: *libc.a:*lib_a-mem*.o *libgcc.a:) .text*)
 .text.register_tm_clones
                0x100002bc       0x28 /Applications/ArmGNUToolchain/13.2.Rel1/arm-none-eabi/bin/../lib/gcc/arm-none-eabi/13.2.1/thumb/v6-m/nofp/crtbegin.o
 .text.frame_dummy
                0x100002e4       0x24 /Applications/ArmGNUToolchain/13.2.Rel1/arm-none-eabi/bin/../lib/gcc/arm-none-eabi/13.2.1/thumb/v6-m/nofp/crtbegin.o
 .text.write_register
                0x10000308       0x54 CMakeFiles/mcp4912_spi.dir/mcp4912_spi.c.obj
 .text.main     0x1000035c       0xd4 CMakeFiles/mcp4912_spi.dir/mcp4912_spi.c.obj
                0x1000035c                main
 .text.gpio_set_function
                0x10000430       0x30 CMakeFiles/mcp4912_spi.dir/Users/lucasolschansky/Pico/pico-sdk/src/rp2_common/hardware_gpio/gpio.c.obj
                0x10000430                gpio_set_function
 .text.gpio_init
                0x10000460       0x16 CMakeFiles/mcp4912_spi.dir/Users/lucasolschansky/Pico/pico-sdk/src/rp2_common/hardware_gpio/gpio.c.obj
                0x10000460                gpio_init
 *fill*         0x10000476        0x2 
 .text.running_on_fpga
                0x10000478       0x14 CMakeFiles/mcp4912_spi.dir/Users/lucasolschansky/Pico/pico-sdk/src/rp2_common/pico_platform/platform.c.obj
                0x10000478                running_on_fpga
 .text.hw_claim_lock
                0x1000048c       0x18 CMakeFiles/mcp4912_spi.dir/Users/lucasolschansky/Pico/pico-sdk/src/rp2_common/hardware_claim/claim.c.obj
                0x1000048c                hw_claim_lock
 .text.hw_claim_unlock
                0x100004a4       0x14 CMakeFiles/mcp4912_spi.dir/Users/lucasolschansky/Pico/pico-sdk/src/rp2_common/hardware_claim/claim.c.obj
                0x100004a4                hw_claim_unlock
 .text.hw_claim_or_assert
                0x100004b8       0x32 CMakeFiles/mcp4912_spi.dir/Users/lucasolschansky/Pico/pico-sdk/src/rp2_common/hardware_claim/claim.c.obj
                0x100004b8                hw_claim_or_assert
 *fill*         0x100004ea        0x2 
 .text.spin_locks_reset
                0x100004ec       0x20 CMakeFiles/mcp4912_spi.dir/Users/lucasolschansky/Pico/pico-sdk/src/rp2_common/hardware_sync/sync.c.obj
                0x100004ec                spin_locks_reset
 .text.next_striped_spin_lock_num
                0x1000050c       0x1c CMakeFiles/mcp4912_spi.dir/Users/lucasolschansky/Pico/pico-sdk/src/rp2_common/hardware_sync/sync.c.obj
                0x1000050c                next_striped_spin_lock_num
 .text.set_raw_irq_handler_and_unlock
                0x10000528       0x28 CMakeFiles/mcp4912_spi.dir/Users/lucasolschansky/Pico/pico-sdk/src/rp2_common/hardware_irq/irq.c.obj
 .text.resolve_branch
                0x10000550       0x30 CMakeFiles/mcp4912_spi.dir/Users/lucasolschansky/Pico/pico-sdk/src/rp2_common/hardware_irq/irq.c.obj
 .text.make_branch
                0x10000580       0x48 CMakeFiles/mcp4912_spi.dir/Users/lucasolschansky/Pico/pico-sdk/src/rp2_common/hardware_irq/irq.c.obj
 .text.insert_branch_and_link
                0x100005c8       0x40 CMakeFiles/mcp4912_spi.dir/Users/lucasolschansky/Pico/pico-sdk/src/rp2_common/hardware_irq/irq.c.obj
 .text.irq_is_enabled
                0x10000608       0x18 CMakeFiles/mcp4912_spi.dir/Users/lucasolschansky/Pico/pico-sdk/src/rp2_common/hardware_irq/irq.c.obj
                0x10000608                irq_is_enabled
 .text.irq_set_mask_enabled
                0x10000620       0x20 CMakeFiles/mcp4912_spi.dir/Users/lucasolschansky/Pico/pico-sdk/src/rp2_common/hardware_irq/irq.c.obj
                0x10000620                irq_set_mask_enabled
 .text.irq_set_enabled
                0x10000640        0xe CMakeFiles/mcp4912_spi.dir/Users/lucasolschansky/Pico/pico-sdk/src/rp2_common/hardware_irq/irq.c.obj
                0x10000640                irq_set_enabled
 *fill*         0x1000064e        0x2 
 .text.irq_get_vtable_handler
                0x10000650       0x10 CMakeFiles/mcp4912_spi.dir/Users/lucasolschansky/Pico/pico-sdk/src/rp2_common/hardware_irq/irq.c.obj
                0x10000650                irq_get_vtable_handler
 .text.irq_set_exclusive_handler
                0x10000660       0x54 CMakeFiles/mcp4912_spi.dir/Users/lucasolschansky/Pico/pico-sdk/src/rp2_common/hardware_irq/irq.c.obj
                0x10000660                irq_set_exclusive_handler
 .text.irq_remove_handler
                0x100006b4      0x188 CMakeFiles/mcp4912_spi.dir/Users/lucasolschansky/Pico/pico-sdk/src/rp2_common/hardware_irq/irq.c.obj
                0x100006b4                irq_remove_handler
 .text.irq_add_tail_to_free_list
                0x1000083c       0xf0 CMakeFiles/mcp4912_spi.dir/Users/lucasolschansky/Pico/pico-sdk/src/rp2_common/hardware_irq/irq.c.obj
                0x1000083c                irq_add_tail_to_free_list
 .text.irq_init_priorities
                0x1000092c       0x1c CMakeFiles/mcp4912_spi.dir/Users/lucasolschansky/Pico/pico-sdk/src/rp2_common/hardware_irq/irq.c.obj
                0x1000092c                irq_init_priorities
 .text.lock_init
                0x10000948       0x10 CMakeFiles/mcp4912_spi.dir/Users/lucasolschansky/Pico/pico-sdk/src/common/pico_sync/lock_core.c.obj
                0x10000948                lock_init
 .text.mutex_init
                0x10000958       0x1a CMakeFiles/mcp4912_spi.dir/Users/lucasolschansky/Pico/pico-sdk/src/common/pico_sync/mutex.c.obj
                0x10000958                mutex_init
 .text.recursive_mutex_init
                0x10000972       0x1e CMakeFiles/mcp4912_spi.dir/Users/lucasolschansky/Pico/pico-sdk/src/common/pico_sync/mutex.c.obj
                0x10000972                recursive_mutex_init
 .text.time_reached
                0x10000990       0x28 CMakeFiles/mcp4912_spi.dir/Users/lucasolschansky/Pico/pico-sdk/src/common/pico_time/time.c.obj
 .text.get_entry
                0x100009b8       0x38 CMakeFiles/mcp4912_spi.dir/Users/lucasolschansky/Pico/pico-sdk/src/common/pico_time/time.c.obj
 .text.timer_pool_entry_comparator
                0x100009f0       0x2e CMakeFiles/mcp4912_spi.dir/Users/lucasolschansky/Pico/pico-sdk/src/common/pico_time/time.c.obj
                0x100009f0                timer_pool_entry_comparator
 *fill*         0x10000a1e        0x2 
 .text.update_us_since_boot
                0x10000a20       0x24 CMakeFiles/mcp4912_spi.dir/Users/lucasolschansky/Pico/pico-sdk/src/common/pico_time/time.c.obj
 .text.delayed_by_us
                0x10000a44       0x34 CMakeFiles/mcp4912_spi.dir/Users/lucasolschansky/Pico/pico-sdk/src/common/pico_time/time.c.obj
 .text.ph_get_node
                0x10000a78       0x30 CMakeFiles/mcp4912_spi.dir/Users/lucasolschansky/Pico/pico-sdk/src/common/pico_time/time.c.obj
 .text.ph_contains_node
                0x10000aa8       0x1e CMakeFiles/mcp4912_spi.dir/Users/lucasolschansky/Pico/pico-sdk/src/common/pico_time/time.c.obj
 .text.ph_new_node
                0x10000ac6       0x28 CMakeFiles/mcp4912_spi.dir/Users/lucasolschansky/Pico/pico-sdk/src/common/pico_time/time.c.obj
 *fill*         0x10000aee        0x2 
 .text.ph_add_child_node
                0x10000af0       0x6c CMakeFiles/mcp4912_spi.dir/Users/lucasolschansky/Pico/pico-sdk/src/common/pico_time/time.c.obj
 .text.ph_merge_nodes
                0x10000b5c       0x3e CMakeFiles/mcp4912_spi.dir/Users/lucasolschansky/Pico/pico-sdk/src/common/pico_time/time.c.obj
 *fill*         0x10000b9a        0x2 
 .text.ph_insert_node
                0x10000b9c       0x3c CMakeFiles/mcp4912_spi.dir/Users/lucasolschansky/Pico/pico-sdk/src/common/pico_time/time.c.obj
 .text.ph_free_node
                0x10000bd8       0x5c CMakeFiles/mcp4912_spi.dir/Users/lucasolschansky/Pico/pico-sdk/src/common/pico_time/time.c.obj
 .text.get_entry_id_high
                0x10000c34       0x30 CMakeFiles/mcp4912_spi.dir/Users/lucasolschansky/Pico/pico-sdk/src/common/pico_time/time.c.obj
 .text.alarm_pool_post_alloc_init
                0x10000c64       0x40 CMakeFiles/mcp4912_spi.dir/Users/lucasolschansky/Pico/pico-sdk/src/common/pico_time/time.c.obj
 .text.sleep_until_callback
                0x10000ca4       0x30 CMakeFiles/mcp4912_spi.dir/Users/lucasolschansky/Pico/pico-sdk/src/common/pico_time/time.c.obj
 .text.get_absolute_time
                0x10000cd4       0x22 CMakeFiles/mcp4912_spi.dir/Users/lucasolschansky/Pico/pico-sdk/src/common/pico_time/time.c.obj
 .text.make_timeout_time_us
                0x10000cf6       0x24 CMakeFiles/mcp4912_spi.dir/Users/lucasolschansky/Pico/pico-sdk/src/common/pico_time/time.c.obj
 *fill*         0x10000d1a        0x2 
 .text.add_alarm_under_lock
                0x10000d1c       0x94 CMakeFiles/mcp4912_spi.dir/Users/lucasolschansky/Pico/pico-sdk/src/common/pico_time/time.c.obj
 .text.alarm_pool_alarm_callback
                0x10000db0      0x210 CMakeFiles/mcp4912_spi.dir/Users/lucasolschansky/Pico/pico-sdk/src/common/pico_time/time.c.obj
 .text.alarm_pool_init_default
                0x10000fc0       0x40 CMakeFiles/mcp4912_spi.dir/Users/lucasolschansky/Pico/pico-sdk/src/common/pico_time/time.c.obj
                0x10000fc0                alarm_pool_init_default
 .text.alarm_pool_get_default
                0x10001000       0x2c CMakeFiles/mcp4912_spi.dir/Users/lucasolschansky/Pico/pico-sdk/src/common/pico_time/time.c.obj
                0x10001000                alarm_pool_get_default
 .text.alarm_pool_add_alarm_at
                0x1000102c      0x10e CMakeFiles/mcp4912_spi.dir/Users/lucasolschansky/Pico/pico-sdk/src/common/pico_time/time.c.obj
                0x1000102c                alarm_pool_add_alarm_at
 .text.add_alarm_at
                0x1000113a       0x2e CMakeFiles/mcp4912_spi.dir/Users/lucasolschansky/Pico/pico-sdk/src/common/pico_time/time.c.obj
 .text.alarm_pool_cancel_alarm
                0x10001168       0xa8 CMakeFiles/mcp4912_spi.dir/Users/lucasolschansky/Pico/pico-sdk/src/common/pico_time/time.c.obj
                0x10001168                alarm_pool_cancel_alarm
 .text.cancel_alarm
                0x10001210       0x10 CMakeFiles/mcp4912_spi.dir/Users/lucasolschansky/Pico/pico-sdk/src/common/pico_time/time.c.obj
 .text.sleep_until
                0x10001220       0xb0 CMakeFiles/mcp4912_spi.dir/Users/lucasolschansky/Pico/pico-sdk/src/common/pico_time/time.c.obj
                0x10001220                sleep_until
 .text.sleep_us
                0x100012d0       0x1a CMakeFiles/mcp4912_spi.dir/Users/lucasolschansky/Pico/pico-sdk/src/common/pico_time/time.c.obj
                0x100012d0                sleep_us
 .text.sleep_ms
                0x100012ea       0x14 CMakeFiles/mcp4912_spi.dir/Users/lucasolschansky/Pico/pico-sdk/src/common/pico_time/time.c.obj
                0x100012ea                sleep_ms
 *fill*         0x100012fe        0x2 
 .text.best_effort_wfe_or_timeout
                0x10001300       0x44 CMakeFiles/mcp4912_spi.dir/Users/lucasolschansky/Pico/pico-sdk/src/common/pico_time/time.c.obj
                0x10001300                best_effort_wfe_or_timeout
 .text.update_us_since_boot
                0x10001344       0x24 CMakeFiles/mcp4912_spi.dir/Users/lucasolschansky/Pico/pico-sdk/src/rp2_common/hardware_timer/timer.c.obj
 .text.hardware_alarm_irq_handler
                0x10001368       0x8c CMakeFiles/mcp4912_spi.dir/Users/lucasolschansky/Pico/pico-sdk/src/rp2_common/hardware_timer/timer.c.obj
 .text.hardware_alarm_claim
                0x100013f4       0x18 CMakeFiles/mcp4912_spi.dir/Users/lucasolschansky/Pico/pico-sdk/src/rp2_common/hardware_timer/timer.c.obj
                0x100013f4                hardware_alarm_claim
 .text.time_us_64
                0x1000140c       0x18 CMakeFiles/mcp4912_spi.dir/Users/lucasolschansky/Pico/pico-sdk/src/rp2_common/hardware_timer/timer.c.obj
                0x1000140c                time_us_64
 .text.busy_wait_until
                0x10001424       0x28 CMakeFiles/mcp4912_spi.dir/Users/lucasolschansky/Pico/pico-sdk/src/rp2_common/hardware_timer/timer.c.obj
                0x10001424                busy_wait_until
 .text.busy_wait_us
                0x1000144c       0x3a CMakeFiles/mcp4912_spi.dir/Users/lucasolschansky/Pico/pico-sdk/src/rp2_common/hardware_timer/timer.c.obj
                0x1000144c                busy_wait_us
 *fill*         0x10001486        0x2 
 .text.hardware_alarm_set_callback
                0x10001488       0x90 CMakeFiles/mcp4912_spi.dir/Users/lucasolschansky/Pico/pico-sdk/src/rp2_common/hardware_timer/timer.c.obj
                0x10001488                hardware_alarm_set_callback
 .text.hardware_alarm_set_target
                0x10001518       0xe8 CMakeFiles/mcp4912_spi.dir/Users/lucasolschansky/Pico/pico-sdk/src/rp2_common/hardware_timer/timer.c.obj
                0x10001518                hardware_alarm_set_target
 .text.hardware_alarm_cancel
                0x10001600       0x40 CMakeFiles/mcp4912_spi.dir/Users/lucasolschansky/Pico/pico-sdk/src/rp2_common/hardware_timer/timer.c.obj
                0x10001600                hardware_alarm_cancel
 .text.ph_get_node
                0x10001640       0x30 CMakeFiles/mcp4912_spi.dir/Users/lucasolschansky/Pico/pico-sdk/src/common/pico_util/pheap.c.obj
 .text.ph_add_child_node
                0x10001670       0x6c CMakeFiles/mcp4912_spi.dir/Users/lucasolschansky/Pico/pico-sdk/src/common/pico_util/pheap.c.obj
 .text.ph_merge_nodes
                0x100016dc       0x3e CMakeFiles/mcp4912_spi.dir/Users/lucasolschansky/Pico/pico-sdk/src/common/pico_util/pheap.c.obj
 .text.ph_clear
                0x1000171a       0x34 CMakeFiles/mcp4912_spi.dir/Users/lucasolschansky/Pico/pico-sdk/src/common/pico_util/pheap.c.obj
                0x1000171a                ph_clear
 .text.ph_post_alloc_init
                0x1000174e        0xe CMakeFiles/mcp4912_spi.dir/Users/lucasolschansky/Pico/pico-sdk/src/common/pico_util/pheap.c.obj
                0x1000174e                ph_post_alloc_init
 .text.ph_merge_two_pass
                0x1000175c       0x5c CMakeFiles/mcp4912_spi.dir/Users/lucasolschansky/Pico/pico-sdk/src/common/pico_util/pheap.c.obj
                0x1000175c                ph_merge_two_pass
 .text.ph_remove_any_head
                0x100017b8       0xc0 CMakeFiles/mcp4912_spi.dir/Users/lucasolschansky/Pico/pico-sdk/src/common/pico_util/pheap.c.obj
 .text.ph_remove_head
                0x10001878       0x14 CMakeFiles/mcp4912_spi.dir/Users/lucasolschansky/Pico/pico-sdk/src/common/pico_util/pheap.c.obj
                0x10001878                ph_remove_head
 .text.ph_remove_and_free_node
                0x1000188c       0xa0 CMakeFiles/mcp4912_spi.dir/Users/lucasolschansky/Pico/pico-sdk/src/common/pico_util/pheap.c.obj
                0x1000188c                ph_remove_and_free_node
 .text.uart_disable_before_lcr_write
                0x1000192c       0x48 CMakeFiles/mcp4912_spi.dir/Users/lucasolschansky/Pico/pico-sdk/src/rp2_common/hardware_uart/uart.c.obj
 .text.uart_write_lcr_bits_masked
                0x10001974       0x22 CMakeFiles/mcp4912_spi.dir/Users/lucasolschansky/Pico/pico-sdk/src/rp2_common/hardware_uart/uart.c.obj
 *fill*         0x10001996        0x2 
 .text.uart_set_baudrate
                0x10001998       0x5c CMakeFiles/mcp4912_spi.dir/Users/lucasolschansky/Pico/pico-sdk/src/rp2_common/hardware_uart/uart.c.obj
                0x10001998                uart_set_baudrate
 .text.uart_set_format
                0x100019f4       0x2c CMakeFiles/mcp4912_spi.dir/Users/lucasolschansky/Pico/pico-sdk/src/rp2_common/hardware_uart/uart.c.obj
                0x100019f4                uart_set_format
 .text.uart_set_translate_crlf
                0x10001a20       0x28 CMakeFiles/mcp4912_spi.dir/Users/lucasolschansky/Pico/pico-sdk/src/rp2_common/hardware_uart/uart.c.obj
                0x10001a20                uart_set_translate_crlf
 .text.uart_init
                0x10001a48       0x80 CMakeFiles/mcp4912_spi.dir/Users/lucasolschansky/Pico/pico-sdk/src/rp2_common/hardware_uart/uart.c.obj
                0x10001a48                uart_init
 .text.clock_configure
                0x10001ac8      0x108 CMakeFiles/mcp4912_spi.dir/Users/lucasolschansky/Pico/pico-sdk/src/rp2_common/hardware_clocks/clocks.c.obj
                0x10001ac8                clock_configure
 .text.clocks_init
                0x10001bd0      0x100 CMakeFiles/mcp4912_spi.dir/Users/lucasolschansky/Pico/pico-sdk/src/rp2_common/hardware_clocks/clocks.c.obj
                0x10001bd0                clocks_init
 .text.clock_get_hz
                0x10001cd0        0xc CMakeFiles/mcp4912_spi.dir/Users/lucasolschansky/Pico/pico-sdk/src/rp2_common/hardware_clocks/clocks.c.obj
                0x10001cd0                clock_get_hz
 .text.pll_init
                0x10001cdc      0x120 CMakeFiles/mcp4912_spi.dir/Users/lucasolschansky/Pico/pico-sdk/src/rp2_common/hardware_pll/pll.c.obj
                0x10001cdc                pll_init
 .text.watchdog_start_tick
                0x10001dfc       0x10 CMakeFiles/mcp4912_spi.dir/Users/lucasolschansky/Pico/pico-sdk/src/rp2_common/hardware_watchdog/watchdog.c.obj
                0x10001dfc                watchdog_start_tick
 .text.xosc_init
                0x10001e0c       0x28 CMakeFiles/mcp4912_spi.dir/Users/lucasolschansky/Pico/pico-sdk/src/rp2_common/hardware_xosc/xosc.c.obj
                0x10001e0c                xosc_init
 .text._exit    0x10001e34        0x4 CMakeFiles/mcp4912_spi.dir/Users/lucasolschansky/Pico/pico-sdk/src/rp2_common/pico_runtime/runtime.c.obj
                0x10001e34                _exit
 .text.exit     0x10001e38        0x6 CMakeFiles/mcp4912_spi.dir/Users/lucasolschansky/Pico/pico-sdk/src/rp2_common/pico_runtime/runtime.c.obj
                0x10001e38                exit
 *fill*         0x10001e3e        0x2 
 .text.__assert_func
                0x10001e40       0x38 CMakeFiles/mcp4912_spi.dir/Users/lucasolschansky/Pico/pico-sdk/src/rp2_common/pico_runtime/runtime.c.obj
                0x10001e40                __assert_func
 .text.runtime_init
                0x10001e78       0xf8 CMakeFiles/mcp4912_spi.dir/Users/lucasolschansky/Pico/pico-sdk/src/rp2_common/pico_runtime/runtime.c.obj
                0x10001e78                runtime_init
 .text.panic    0x10001f70       0x30 CMakeFiles/mcp4912_spi.dir/Users/lucasolschansky/Pico/pico-sdk/src/rp2_common/pico_runtime/runtime.c.obj
                0x10001f70                panic
 .text._out_null
                0x10001fa0        0x2 CMakeFiles/mcp4912_spi.dir/Users/lucasolschansky/Pico/pico-sdk/src/rp2_common/pico_printf/printf.c.obj
 .text._out_fct
                0x10001fa2        0xe CMakeFiles/mcp4912_spi.dir/Users/lucasolschansky/Pico/pico-sdk/src/rp2_common/pico_printf/printf.c.obj
 .text._atoi    0x10001fb0       0x24 CMakeFiles/mcp4912_spi.dir/Users/lucasolschansky/Pico/pico-sdk/src/rp2_common/pico_printf/printf.c.obj
 .text._out_rev
                0x10001fd4       0xae CMakeFiles/mcp4912_spi.dir/Users/lucasolschansky/Pico/pico-sdk/src/rp2_common/pico_printf/printf.c.obj
 .text._ntoa_format
                0x10002082      0x110 CMakeFiles/mcp4912_spi.dir/Users/lucasolschansky/Pico/pico-sdk/src/rp2_common/pico_printf/printf.c.obj
 .text._ntoa_long
                0x10002192       0xbc CMakeFiles/mcp4912_spi.dir/Users/lucasolschansky/Pico/pico-sdk/src/rp2_common/pico_printf/printf.c.obj
 .text._ntoa_long_long
                0x1000224e      0x10e CMakeFiles/mcp4912_spi.dir/Users/lucasolschansky/Pico/pico-sdk/src/rp2_common/pico_printf/printf.c.obj
 .text._etoa    0x1000235c      0x420 CMakeFiles/mcp4912_spi.dir/Users/lucasolschansky/Pico/pico-sdk/src/rp2_common/pico_printf/printf.c.obj
 .text._ftoa    0x1000277c      0x354 CMakeFiles/mcp4912_spi.dir/Users/lucasolschansky/Pico/pico-sdk/src/rp2_common/pico_printf/printf.c.obj
 .text._vsnprintf
                0x10002ad0      0x668 CMakeFiles/mcp4912_spi.dir/Users/lucasolschansky/Pico/pico-sdk/src/rp2_common/pico_printf/printf.c.obj
 .text.vfctprintf
                0x10003138       0x20 CMakeFiles/mcp4912_spi.dir/Users/lucasolschansky/Pico/pico-sdk/src/rp2_common/pico_printf/printf.c.obj
                0x10003138                vfctprintf
 .text          0x10003158       0x10 CMakeFiles/mcp4912_spi.dir/Users/lucasolschansky/Pico/pico-sdk/src/rp2_common/pico_bit_ops/bit_ops_aeabi.S.obj
 .text.rom_func_lookup
                0x10003168       0x10 CMakeFiles/mcp4912_spi.dir/Users/lucasolschansky/Pico/pico-sdk/src/rp2_common/pico_bootrom/bootrom.c.obj
                0x10003168                rom_func_lookup
 .text.rom_data_lookup
                0x10003178       0x10 CMakeFiles/mcp4912_spi.dir/Users/lucasolschansky/Pico/pico-sdk/src/rp2_common/pico_bootrom/bootrom.c.obj
                0x10003178                rom_data_lookup
 .text.rom_funcs_lookup
                0x10003188       0x36 CMakeFiles/mcp4912_spi.dir/Users/lucasolschansky/Pico/pico-sdk/src/rp2_common/pico_bootrom/bootrom.c.obj
                0x10003188                rom_funcs_lookup
 *fill*         0x100031be        0x2 
 .text.__wrap___aeabi_idiv
                0x100031c0       0x50 CMakeFiles/mcp4912_spi.dir/Users/lucasolschansky/Pico/pico-sdk/src/rp2_common/pico_divider/divider.S.obj
                0x100031c0                __wrap___aeabi_idivmod
                0x100031c0                divmod_s32s32
                0x100031c0                div_s32s32
                0x100031c0                __wrap___aeabi_idiv
                0x100031c8                divmod_s32s32_unsafe
                0x100031f4                divmod_s32s32_savestate
 .text.__wrap___aeabi_uidiv
                0x10003210       0x4c CMakeFiles/mcp4912_spi.dir/Users/lucasolschansky/Pico/pico-sdk/src/rp2_common/pico_divider/divider.S.obj
                0x10003210                __wrap___aeabi_uidiv
                0x10003210                __wrap___aeabi_uidivmod
                0x10003210                div_u32u32
                0x10003210                divmod_u32u32
                0x10003218                divmod_u32u32_unsafe
                0x10003240                divmod_u32u32_savestate
 .text.__wrap___aeabi_ldiv
                0x1000325c      0x424 CMakeFiles/mcp4912_spi.dir/Users/lucasolschansky/Pico/pico-sdk/src/rp2_common/pico_divider/divider.S.obj
                0x1000325c                __wrap___aeabi_ldivmod
                0x1000325c                div_s64s64
                0x1000325c                divmod_s64s64
                0x1000328c                divmod_u64u64
                0x1000328c                div_u64u64
                0x1000328c                __wrap___aeabi_uldivmod
                0x1000329c                divmod_u64u64_savestate
                0x100032bc                divmod_s64s64_unsafe
                0x10003344                divmod_u64u64_unsafe
 .text.push_r8_r11
                0x10003680        0xc CMakeFiles/mcp4912_spi.dir/Users/lucasolschansky/Pico/pico-sdk/src/rp2_common/pico_double/double_aeabi.S.obj
                0x10003680                push_r8_r11
 .text.pop_r8_r11
                0x1000368c        0xc CMakeFiles/mcp4912_spi.dir/Users/lucasolschansky/Pico/pico-sdk/src/rp2_common/pico_double/double_aeabi.S.obj
                0x1000368c                pop_r8_r11
 .text.__wrap___aeabi_darithmetic
                0x10003698       0x80 CMakeFiles/mcp4912_spi.dir/Users/lucasolschansky/Pico/pico-sdk/src/rp2_common/pico_double/double_aeabi.S.obj
                0x10003698                __wrap___aeabi_drsub
                0x1000369e                __wrap___aeabi_dsub
                0x100036b0                __wrap___aeabi_dadd
                0x100036c2                __wrap___aeabi_ddiv
                0x100036fe                __wrap___aeabi_dmul
 .text.__wrap___aeabi_cdcmple
                0x10003718       0x6c CMakeFiles/mcp4912_spi.dir/Users/lucasolschansky/Pico/pico-sdk/src/rp2_common/pico_double/double_aeabi.S.obj
                0x10003718                __wrap___aeabi_cdrcmple
                0x10003728                __wrap___aeabi_cdcmple
                0x10003728                __wrap___aeabi_cdcmpeq
 .text.__wrap___aeabi_dcmplt
                0x10003784        0xc CMakeFiles/mcp4912_spi.dir/Users/lucasolschansky/Pico/pico-sdk/src/rp2_common/pico_double/double_aeabi.S.obj
                0x10003784                __wrap___aeabi_dcmplt
 .text.__wrap___aeabi_dcmple
                0x10003790       0x10 CMakeFiles/mcp4912_spi.dir/Users/lucasolschansky/Pico/pico-sdk/src/rp2_common/pico_double/double_aeabi.S.obj
                0x10003790                __wrap___aeabi_dcmple
 .text.__wrap___aeabi_dcmpge
                0x100037a0       0x10 CMakeFiles/mcp4912_spi.dir/Users/lucasolschansky/Pico/pico-sdk/src/rp2_common/pico_double/double_aeabi.S.obj
                0x100037a0                __wrap___aeabi_dcmpge
 .text.__wrap___aeabi_dcmpgt
                0x100037b0        0xa CMakeFiles/mcp4912_spi.dir/Users/lucasolschansky/Pico/pico-sdk/src/rp2_common/pico_double/double_aeabi.S.obj
                0x100037b0                __wrap___aeabi_dcmpgt
 .text.__wrap___aeabi_dcmpun
                0x100037ba       0x1c CMakeFiles/mcp4912_spi.dir/Users/lucasolschansky/Pico/pico-sdk/src/rp2_common/pico_double/double_aeabi.S.obj
                0x100037ba                __wrap___aeabi_dcmpun
 *fill*         0x100037d6        0x2 
 .text.__wrap___aeabi_i2d
                0x100037d8       0x38 CMakeFiles/mcp4912_spi.dir/Users/lucasolschansky/Pico/pico-sdk/src/rp2_common/pico_double/double_aeabi.S.obj
                0x100037d8                __wrap___aeabi_ui2d
                0x100037e0                __wrap___aeabi_i2d
 .text.__wrap___aeabi_d2iz
                0x10003810       0x48 CMakeFiles/mcp4912_spi.dir/Users/lucasolschansky/Pico/pico-sdk/src/rp2_common/pico_double/double_aeabi.S.obj
                0x10003810                __wrap___aeabi_d2iz
                0x10003810                double2int_z
 .text.__wrap___aeabi_d2uiz
                0x10003858       0x18 CMakeFiles/mcp4912_spi.dir/Users/lucasolschansky/Pico/pico-sdk/src/rp2_common/pico_double/double_aeabi.S.obj
                0x10003858                double2uint
                0x10003858                __wrap___aeabi_d2uiz
 .text.fix642double
                0x10003870       0x18 CMakeFiles/mcp4912_spi.dir/Users/lucasolschansky/Pico/pico-sdk/src/rp2_common/pico_double/double_aeabi.S.obj
                0x10003870                fix642double
 .text.__wrap___aeabi_d2f
                0x10003888       0x18 CMakeFiles/mcp4912_spi.dir/Users/lucasolschansky/Pico/pico-sdk/src/rp2_common/pico_double/double_aeabi.S.obj
                0x10003888                __wrap___aeabi_d2f
 .text.__wrap_sincostan_remainder
                0x100038a0       0x14 CMakeFiles/mcp4912_spi.dir/Users/lucasolschansky/Pico/pico-sdk/src/rp2_common/pico_double/double_aeabi.S.obj
                0x100038a0                sincostan_remainder
 .text.__wrap_sin
                0x100038b4       0x2c CMakeFiles/mcp4912_spi.dir/Users/lucasolschansky/Pico/pico-sdk/src/rp2_common/pico_double/double_aeabi.S.obj
                0x100038b4                __wrap_sin
 .text.__aeabi_double_init
                0x100038e0       0xcc CMakeFiles/mcp4912_spi.dir/Users/lucasolschansky/Pico/pico-sdk/src/rp2_common/pico_double/double_init_rom.c.obj
                0x100038e0                __aeabi_double_init
 .text.drem_0   0x100039ac      0x122 CMakeFiles/mcp4912_spi.dir/Users/lucasolschansky/Pico/pico-sdk/src/rp2_common/pico_double/double_math.c.obj
 *fill*         0x10003ace        0x2 
 .text.__wrap_remquo
                0x10003ad0      0x164 CMakeFiles/mcp4912_spi.dir/Users/lucasolschansky/Pico/pico-sdk/src/rp2_common/pico_double/double_math.c.obj
                0x10003ad0                __wrap_remquo
 .text.__wrap_remainder
                0x10003c34       0x10 CMakeFiles/mcp4912_spi.dir/Users/lucasolschansky/Pico/pico-sdk/src/rp2_common/pico_double/double_math.c.obj
                0x10003c34                __wrap_remainder
 .text.double_table_shim_on_use_helper
                0x10003c44       0x34 CMakeFiles/mcp4912_spi.dir/Users/lucasolschansky/Pico/pico-sdk/src/rp2_common/pico_double/double_v1_rom_shim.S.obj
                0x10003c44                double_table_shim_on_use_helper
 .text.__wrap___aeabi_dsub
                0x10003c78       0x10 CMakeFiles/mcp4912_spi.dir/Users/lucasolschansky/Pico/pico-sdk/src/rp2_common/pico_double/double_v1_rom_shim.S.obj
                0x10003c78                drsub_shim
                0x10003c7e                dsub_shim
 .text.dadd_shim
                0x10003c88      0x15c CMakeFiles/mcp4912_spi.dir/Users/lucasolschansky/Pico/pico-sdk/src/rp2_common/pico_double/double_v1_rom_shim.S.obj
                0x10003c88                dadd_shim
 .text.dmul_shim
                0x10003de4      0x15c CMakeFiles/mcp4912_spi.dir/Users/lucasolschansky/Pico/pico-sdk/src/rp2_common/pico_double/double_v1_rom_shim.S.obj
                0x10003de4                dmul_shim
 .text.ddiv_shim
                0x10003f40      0x1b0 CMakeFiles/mcp4912_spi.dir/Users/lucasolschansky/Pico/pico-sdk/src/rp2_common/pico_double/double_v1_rom_shim.S.obj
                0x10003f40                ddiv_shim
 .text.dcordic_vec_step
                0x100040f0        0xe CMakeFiles/mcp4912_spi.dir/Users/lucasolschansky/Pico/pico-sdk/src/rp2_common/pico_double/double_v1_rom_shim.S.obj
                0x100040f0                dcordic_vec_step
 .text.dcordic_rot_step
                0x100040fe       0x76 CMakeFiles/mcp4912_spi.dir/Users/lucasolschansky/Pico/pico-sdk/src/rp2_common/pico_double/double_v1_rom_shim.S.obj
                0x100040fe                dcordic_rot_step
 .text.double2uint_shim
                0x10004174        0xe CMakeFiles/mcp4912_spi.dir/Users/lucasolschansky/Pico/pico-sdk/src/rp2_common/pico_double/double_v1_rom_shim.S.obj
                0x10004174                double2uint_shim
                0x10004176                double2ufix_shim
 .text.double2int64_shim
                0x10004182       0x1a CMakeFiles/mcp4912_spi.dir/Users/lucasolschansky/Pico/pico-sdk/src/rp2_common/pico_double/double_v1_rom_shim.S.obj
                0x10004182                double2int64_shim
                0x10004184                double2fix64_shim
 .text.double2uint64_shim
                0x1000419c       0x70 CMakeFiles/mcp4912_spi.dir/Users/lucasolschansky/Pico/pico-sdk/src/rp2_common/pico_double/double_v1_rom_shim.S.obj
                0x1000419c                double2uint64_shim
                0x1000419e                double2ufix64_shim
                0x100041be                d2fix_a
 .text.double2float_shim
                0x1000420c       0x5c CMakeFiles/mcp4912_spi.dir/Users/lucasolschansky/Pico/pico-sdk/src/rp2_common/pico_double/double_v1_rom_shim.S.obj
                0x1000420c                double2float_shim
 .text.x2double_shims
                0x10004268       0x90 CMakeFiles/mcp4912_spi.dir/Users/lucasolschansky/Pico/pico-sdk/src/rp2_common/pico_double/double_v1_rom_shim.S.obj
                0x10004268                uint2double_shim
                0x1000426a                ufix2double_shim
                0x10004270                int2double_shim
                0x10004272                fix2double_shim
                0x10004278                uint642double_shim
                0x1000427a                ufix642double_shim
                0x10004280                int642double_shim
                0x10004282                fix642double_shim
 .text.dunpacks
                0x100042f8       0x3c CMakeFiles/mcp4912_spi.dir/Users/lucasolschansky/Pico/pico-sdk/src/rp2_common/pico_double/double_v1_rom_shim.S.obj
                0x100042f8                dunpacks
 .text.dreduce  0x10004334       0x82 CMakeFiles/mcp4912_spi.dir/Users/lucasolschansky/Pico/pico-sdk/src/rp2_common/pico_double/double_v1_rom_shim.S.obj
                0x10004334                dreduce
 .text.dsin_shim
                0x100043b6       0x14 CMakeFiles/mcp4912_spi.dir/Users/lucasolschansky/Pico/pico-sdk/src/rp2_common/pico_double/double_v1_rom_shim.S.obj
                0x100043b6                dsin_shim
 *fill*         0x100043ca        0x2 
 .text.dtrig_guts
                0x100043cc      0x2ec CMakeFiles/mcp4912_spi.dir/Users/lucasolschansky/Pico/pico-sdk/src/rp2_common/pico_double/double_v1_rom_shim.S.obj
                0x100044a4                datan2_shim
 .text.__aeabi_lmul
                0x100046b8       0x32 CMakeFiles/mcp4912_spi.dir/Users/lucasolschansky/Pico/pico-sdk/src/rp2_common/pico_int64_ops/pico_int64_ops_aeabi.S.obj
                0x100046b8                __wrap___aeabi_lmul
 *fill*         0x100046ea        0x2 
 .text.__wrap___aeabi_i2f
                0x100046ec       0x44 CMakeFiles/mcp4912_spi.dir/Users/lucasolschansky/Pico/pico-sdk/src/rp2_common/pico_float/float_aeabi.S.obj
                0x100046ec                __wrap___aeabi_i2f
 .text.__wrap___aeabi_f2iz
                0x10004730       0x4e CMakeFiles/mcp4912_spi.dir/Users/lucasolschansky/Pico/pico-sdk/src/rp2_common/pico_float/float_aeabi.S.obj
                0x10004730                __wrap___aeabi_f2iz
                0x10004730                float2int_z
 *fill*         0x1000477e        0x2 
 .text.float2int
                0x10004780       0x14 CMakeFiles/mcp4912_spi.dir/Users/lucasolschansky/Pico/pico-sdk/src/rp2_common/pico_float/float_aeabi.S.obj
                0x10004780                float2int
 .text.__wrap___aeabi_f2uiz
                0x10004794       0x10 CMakeFiles/mcp4912_spi.dir/Users/lucasolschansky/Pico/pico-sdk/src/rp2_common/pico_float/float_aeabi.S.obj
                0x10004794                __wrap___aeabi_f2uiz
 .text.__wrap___aeabi_f2d
                0x100047a4       0x14 CMakeFiles/mcp4912_spi.dir/Users/lucasolschansky/Pico/pico-sdk/src/rp2_common/pico_float/float_aeabi.S.obj
                0x100047a4                __wrap___aeabi_f2d
 .text.__aeabi_float_init
                0x100047b8       0xfc CMakeFiles/mcp4912_spi.dir/Users/lucasolschansky/Pico/pico-sdk/src/rp2_common/pico_float/float_init_rom.c.obj
                0x100047b8                __aeabi_float_init
 .text.float_table_shim_on_use_helper
                0x100048b4       0x34 CMakeFiles/mcp4912_spi.dir/Users/lucasolschansky/Pico/pico-sdk/src/rp2_common/pico_float/float_v1_rom_shim.S.obj
                0x100048b4                float_table_shim_on_use_helper
 .text.float232_shims
                0x100048e8       0x18 CMakeFiles/mcp4912_spi.dir/Users/lucasolschansky/Pico/pico-sdk/src/rp2_common/pico_float/float_v1_rom_shim.S.obj
                0x100048e8                float2int_shim
                0x100048ea                float2fix_shim
 .text.float2double_shim
                0x10004900       0x30 CMakeFiles/mcp4912_spi.dir/Users/lucasolschansky/Pico/pico-sdk/src/rp2_common/pico_float/float_v1_rom_shim.S.obj
                0x10004900                float2double_shim
 .text          0x10004930       0x10 CMakeFiles/mcp4912_spi.dir/Users/lucasolschansky/Pico/pico-sdk/src/rp2_common/pico_mem_ops/mem_ops_aeabi.S.obj
                0x10004930                __aeabi_mem_init
 .text.memcpy   0x10004940        0xc CMakeFiles/mcp4912_spi.dir/Users/lucasolschansky/Pico/pico-sdk/src/rp2_common/pico_mem_ops/mem_ops_aeabi.S.obj
                0x10004940                __wrap___aeabi_memcpy
                0x10004940                __wrap_memcpy
 .text.stdio_out_chars_no_crlf
                0x1000494c        0xe CMakeFiles/mcp4912_spi.dir/Users/lucasolschansky/Pico/pico-sdk/src/rp2_common/pico_stdio/stdio.c.obj
 *fill*         0x1000495a        0x2 
 .text.stdio_out_chars_crlf
                0x1000495c       0x80 CMakeFiles/mcp4912_spi.dir/Users/lucasolschansky/Pico/pico-sdk/src/rp2_common/pico_stdio/stdio.c.obj
 .text.stdio_stack_buffer_flush
                0x100049dc       0x44 CMakeFiles/mcp4912_spi.dir/Users/lucasolschansky/Pico/pico-sdk/src/rp2_common/pico_stdio/stdio.c.obj
 .text.stdio_buffered_printer
                0x10004a20       0x20 CMakeFiles/mcp4912_spi.dir/Users/lucasolschansky/Pico/pico-sdk/src/rp2_common/pico_stdio/stdio.c.obj
 .text.update_us_since_boot
                0x10004a40       0x24 CMakeFiles/mcp4912_spi.dir/Users/lucasolschansky/Pico/pico-sdk/src/rp2_common/pico_stdio/stdio.c.obj
 .text.get_absolute_time
                0x10004a64       0x22 CMakeFiles/mcp4912_spi.dir/Users/lucasolschansky/Pico/pico-sdk/src/rp2_common/pico_stdio/stdio.c.obj
 *fill*         0x10004a86        0x2 
 .text.delayed_by_ms
                0x10004a88       0x44 CMakeFiles/mcp4912_spi.dir/Users/lucasolschansky/Pico/pico-sdk/src/rp2_common/pico_stdio/stdio.c.obj
 .text.make_timeout_time_ms
                0x10004acc       0x20 CMakeFiles/mcp4912_spi.dir/Users/lucasolschansky/Pico/pico-sdk/src/rp2_common/pico_stdio/stdio.c.obj
 .text.stdout_serialize_begin
                0x10004aec       0x20 CMakeFiles/mcp4912_spi.dir/Users/lucasolschansky/Pico/pico-sdk/src/rp2_common/pico_stdio/stdio.c.obj
                0x10004aec                stdout_serialize_begin
 .text.stdout_serialize_end
                0x10004b0c       0x10 CMakeFiles/mcp4912_spi.dir/Users/lucasolschansky/Pico/pico-sdk/src/rp2_common/pico_stdio/stdio.c.obj
                0x10004b0c                stdout_serialize_end
 .text.stdio_put_string
                0x10004b1c       0x98 CMakeFiles/mcp4912_spi.dir/Users/lucasolschansky/Pico/pico-sdk/src/rp2_common/pico_stdio/stdio.c.obj
 .text.stdio_set_driver_enabled
                0x10004bb4       0x2c CMakeFiles/mcp4912_spi.dir/Users/lucasolschansky/Pico/pico-sdk/src/rp2_common/pico_stdio/stdio.c.obj
                0x10004bb4                stdio_set_driver_enabled
 .text.stdio_flush
                0x10004be0       0x20 CMakeFiles/mcp4912_spi.dir/Users/lucasolschansky/Pico/pico-sdk/src/rp2_common/pico_stdio/stdio.c.obj
                0x10004be0                stdio_flush
 .text.__wrap_puts
                0x10004c00       0x1e CMakeFiles/mcp4912_spi.dir/Users/lucasolschansky/Pico/pico-sdk/src/rp2_common/pico_stdio/stdio.c.obj
                0x10004c00                __wrap_puts
 *fill*         0x10004c1e        0x2 
 .text.__wrap_vprintf
                0x10004c20       0x40 CMakeFiles/mcp4912_spi.dir/Users/lucasolschansky/Pico/pico-sdk/src/rp2_common/pico_stdio/stdio.c.obj
                0x10004c20                __wrap_vprintf
 .text.__wrap_printf
                0x10004c60       0x18 CMakeFiles/mcp4912_spi.dir/Users/lucasolschansky/Pico/pico-sdk/src/rp2_common/pico_stdio/stdio.c.obj
                0x10004c60                __wrap_printf
 .text.stdio_init_all
                0x10004c78        0xa CMakeFiles/mcp4912_spi.dir/Users/lucasolschansky/Pico/pico-sdk/src/rp2_common/pico_stdio/stdio.c.obj
                0x10004c78                stdio_init_all
 *fill*         0x10004c82        0x2 
 .text.uart_putc
                0x10004c84       0x60 CMakeFiles/mcp4912_spi.dir/Users/lucasolschansky/Pico/pico-sdk/src/rp2_common/pico_stdio_uart/stdio_uart.c.obj
 .text.uart_getc
                0x10004ce4       0x24 CMakeFiles/mcp4912_spi.dir/Users/lucasolschansky/Pico/pico-sdk/src/rp2_common/pico_stdio_uart/stdio_uart.c.obj
 .text.stdio_uart_out_chars
                0x10004d08       0x20 CMakeFiles/mcp4912_spi.dir/Users/lucasolschansky/Pico/pico-sdk/src/rp2_common/pico_stdio_uart/stdio_uart.c.obj
 .text.stdio_uart_in_chars
                0x10004d28       0x5c CMakeFiles/mcp4912_spi.dir/Users/lucasolschansky/Pico/pico-sdk/src/rp2_common/pico_stdio_uart/stdio_uart.c.obj
                0x10004d28                stdio_uart_in_chars
 .text.on_uart_rx
                0x10004d84       0x28 CMakeFiles/mcp4912_spi.dir/Users/lucasolschansky/Pico/pico-sdk/src/rp2_common/pico_stdio_uart/stdio_uart.c.obj
 .text.stdio_uart_set_chars_available_callback
                0x10004dac       0x8c CMakeFiles/mcp4912_spi.dir/Users/lucasolschansky/Pico/pico-sdk/src/rp2_common/pico_stdio_uart/stdio_uart.c.obj
 .text.stdio_uart_init_full
                0x10004e38       0x44 CMakeFiles/mcp4912_spi.dir/Users/lucasolschansky/Pico/pico-sdk/src/rp2_common/pico_stdio_uart/stdio_uart.c.obj
                0x10004e38                stdio_uart_init_full
 .text.stdio_uart_init
                0x10004e7c       0x28 CMakeFiles/mcp4912_spi.dir/Users/lucasolschansky/Pico/pico-sdk/src/rp2_common/pico_stdio_uart/stdio_uart.c.obj
                0x10004e7c                stdio_uart_init
 .text.spi_set_baudrate
                0x10004ea4       0xc2 CMakeFiles/mcp4912_spi.dir/Users/lucasolschansky/Pico/pico-sdk/src/rp2_common/hardware_spi/spi.c.obj
                0x10004ea4                spi_set_baudrate
 *fill*         0x10004f66        0x2 
 .text.spi_init
                0x10004f68       0x74 CMakeFiles/mcp4912_spi.dir/Users/lucasolschansky/Pico/pico-sdk/src/rp2_common/hardware_spi/spi.c.obj
                0x10004f68                spi_init
 .text.strlen   0x10004fdc       0x5c /Applications/ArmGNUToolchain/13.2.Rel1/arm-none-eabi/bin/../lib/gcc/arm-none-eabi/13.2.1/../../../../arm-none-eabi/lib/thumb/v6-m/nofp/libg.a(libc_a-strlen-stub.o)
                0x10004fdc                strlen
 *(.fini)
 .fini          0x10005038        0x4 /Applications/ArmGNUToolchain/13.2.Rel1/arm-none-eabi/bin/../lib/gcc/arm-none-eabi/13.2.1/thumb/v6-m/nofp/crti.o
                0x10005038                _fini
 *fill*         0x1000503c        0x4 
 .fini.__stub   0x10005040       0x50 linker stubs
 *crtbegin.o(.ctors)
 *crtbegin?.o(.ctors)
 *(EXCLUDE_FILE(*crtend.o *crtend?.o) .ctors)
 *(SORT_BY_NAME(.ctors.*))
 *(.ctors)
 *crtbegin.o(.dtors)
 *crtbegin?.o(.dtors)
 *(EXCLUDE_FILE(*crtend.o *crtend?.o) .dtors)
 *(SORT_BY_NAME(.dtors.*))
 *(.dtors)
 *(.eh_frame*)
 .eh_frame      0x10005090        0x0 /Applications/ArmGNUToolchain/13.2.Rel1/arm-none-eabi/bin/../lib/gcc/arm-none-eabi/13.2.1/thumb/v6-m/nofp/crtbegin.o
                0x10005090                        . = ALIGN (0x4)

.glue_7         0x10005090        0x0
 .glue_7        0x10005090        0x0 linker stubs

.glue_7t        0x10005090        0x0
 .glue_7t       0x10005090        0x0 linker stubs

.vfp11_veneer   0x10005090        0x0
 .vfp11_veneer  0x10005090        0x0 linker stubs

.v4_bx          0x10005090        0x0
 .v4_bx         0x10005090        0x0 linker stubs

.iplt           0x10005090        0x0
 .iplt          0x10005090        0x0 /Applications/ArmGNUToolchain/13.2.Rel1/arm-none-eabi/bin/../lib/gcc/arm-none-eabi/13.2.1/thumb/v6-m/nofp/crtbegin.o

.rodata         0x10005090      0xebc
 *(EXCLUDE_FILE(*libm.a: *libc.a:*lib_a-mem*.o *libgcc.a:) .rodata*)
 .rodata.__bi_81.0
                0x10005090        0x8 CMakeFiles/mcp4912_spi.dir/mcp4912_spi.c.obj
 .rodata.str1.4
                0x10005098      0xa10 CMakeFiles/mcp4912_spi.dir/mcp4912_spi.c.obj
                                  0x7 (size before relaxing)
 .rodata.__bi_88.1
                0x10005aa8        0xc CMakeFiles/mcp4912_spi.dir/mcp4912_spi.c.obj
 .rodata.resolve_branch.str1.4
                0x10005ab4       0x5f CMakeFiles/mcp4912_spi.dir/Users/lucasolschansky/Pico/pico-sdk/src/rp2_common/hardware_irq/irq.c.obj
 .rodata.make_branch.str1.4
                0x10005ab4       0x30 CMakeFiles/mcp4912_spi.dir/Users/lucasolschansky/Pico/pico-sdk/src/rp2_common/hardware_irq/irq.c.obj
 .rodata.insert_branch_and_link.str1.4
                0x10005ab4       0x10 CMakeFiles/mcp4912_spi.dir/Users/lucasolschansky/Pico/pico-sdk/src/rp2_common/hardware_irq/irq.c.obj
 .rodata.irq_set_exclusive_handler.str1.4
                0x10005ab4       0x36 CMakeFiles/mcp4912_spi.dir/Users/lucasolschansky/Pico/pico-sdk/src/rp2_common/hardware_irq/irq.c.obj
 .rodata.irq_remove_handler.str1.4
                0x10005ab4       0x3a CMakeFiles/mcp4912_spi.dir/Users/lucasolschansky/Pico/pico-sdk/src/rp2_common/hardware_irq/irq.c.obj
 .rodata.irq_add_tail_to_free_list.str1.4
                0x10005ab4       0x3a CMakeFiles/mcp4912_spi.dir/Users/lucasolschansky/Pico/pico-sdk/src/rp2_common/hardware_irq/irq.c.obj
 .rodata.__func__.0
                0x10005ab4       0x1a CMakeFiles/mcp4912_spi.dir/Users/lucasolschansky/Pico/pico-sdk/src/rp2_common/hardware_irq/irq.c.obj
 *fill*         0x10005ace        0x2 
 .rodata.__func__.1
                0x10005ad0       0x17 CMakeFiles/mcp4912_spi.dir/Users/lucasolschansky/Pico/pico-sdk/src/rp2_common/hardware_irq/irq.c.obj
 *fill*         0x10005ae7        0x1 
 .rodata.__func__.2
                0x10005ae8       0x13 CMakeFiles/mcp4912_spi.dir/Users/lucasolschansky/Pico/pico-sdk/src/rp2_common/hardware_irq/irq.c.obj
 *fill*         0x10005afb        0x1 
 .rodata.__func__.3
                0x10005afc        0xc CMakeFiles/mcp4912_spi.dir/Users/lucasolschansky/Pico/pico-sdk/src/rp2_common/hardware_irq/irq.c.obj
 .rodata.__func__.4
                0x10005b08        0xf CMakeFiles/mcp4912_spi.dir/Users/lucasolschansky/Pico/pico-sdk/src/rp2_common/hardware_irq/irq.c.obj
 *fill*         0x10005b17        0x1 
 .rodata.__func__.6
                0x10005b18       0x1a CMakeFiles/mcp4912_spi.dir/Users/lucasolschansky/Pico/pico-sdk/src/rp2_common/hardware_irq/irq.c.obj
 .rodata.str1.4
                0x10005b32       0x95 CMakeFiles/mcp4912_spi.dir/Users/lucasolschansky/Pico/pico-sdk/src/common/pico_sync/mutex.c.obj
 *fill*         0x10005b32        0x2 
 .rodata.__func__.1
                0x10005b34        0xb CMakeFiles/mcp4912_spi.dir/Users/lucasolschansky/Pico/pico-sdk/src/common/pico_sync/mutex.c.obj
 *fill*         0x10005b3f        0x1 
 .rodata.__func__.3
                0x10005b40       0x18 CMakeFiles/mcp4912_spi.dir/Users/lucasolschansky/Pico/pico-sdk/src/common/pico_sync/mutex.c.obj
 .rodata.get_entry.str1.4
                0x10005b58       0x65 CMakeFiles/mcp4912_spi.dir/Users/lucasolschansky/Pico/pico-sdk/src/common/pico_time/time.c.obj
 .rodata.update_us_since_boot.str1.4
                0x10005b58       0x6b CMakeFiles/mcp4912_spi.dir/Users/lucasolschansky/Pico/pico-sdk/src/common/pico_time/time.c.obj
 .rodata.ph_get_node.str1.4
                0x10005b58       0x70 CMakeFiles/mcp4912_spi.dir/Users/lucasolschansky/Pico/pico-sdk/src/common/pico_time/time.c.obj
 .rodata.ph_add_child_node.str1.4
                0x10005b58       0x2e CMakeFiles/mcp4912_spi.dir/Users/lucasolschansky/Pico/pico-sdk/src/common/pico_time/time.c.obj
 .rodata.ph_insert_node.str1.4
                0x10005b58        0x3 CMakeFiles/mcp4912_spi.dir/Users/lucasolschansky/Pico/pico-sdk/src/common/pico_time/time.c.obj
 .rodata.ph_free_node.str1.4
                0x10005b58       0x38 CMakeFiles/mcp4912_spi.dir/Users/lucasolschansky/Pico/pico-sdk/src/common/pico_time/time.c.obj
 .rodata.add_alarm_under_lock.str1.4
                0x10005b58       0x28 CMakeFiles/mcp4912_spi.dir/Users/lucasolschansky/Pico/pico-sdk/src/common/pico_time/time.c.obj
 .rodata.alarm_pool_alarm_callback.str1.4
                0x10005b58       0x60 CMakeFiles/mcp4912_spi.dir/Users/lucasolschansky/Pico/pico-sdk/src/common/pico_time/time.c.obj
 .rodata.alarm_pool_get_default.str1.4
                0x10005b58       0x21 CMakeFiles/mcp4912_spi.dir/Users/lucasolschansky/Pico/pico-sdk/src/common/pico_time/time.c.obj
 .rodata.alarm_pool_cancel_alarm.str1.4
                0x10005b58       0x27 CMakeFiles/mcp4912_spi.dir/Users/lucasolschansky/Pico/pico-sdk/src/common/pico_time/time.c.obj
 .rodata.sleep_until.str1.4
                0x10005b58       0x4d CMakeFiles/mcp4912_spi.dir/Users/lucasolschansky/Pico/pico-sdk/src/common/pico_time/time.c.obj
 .rodata.__func__.1
                0x10005b58       0x18 CMakeFiles/mcp4912_spi.dir/Users/lucasolschansky/Pico/pico-sdk/src/common/pico_time/time.c.obj
 .rodata.__func__.3
                0x10005b70       0x17 CMakeFiles/mcp4912_spi.dir/Users/lucasolschansky/Pico/pico-sdk/src/common/pico_time/time.c.obj
 *fill*         0x10005b87        0x1 
 .rodata.__func__.4
                0x10005b88       0x12 CMakeFiles/mcp4912_spi.dir/Users/lucasolschansky/Pico/pico-sdk/src/common/pico_time/time.c.obj
 *fill*         0x10005b9a        0x2 
 .rodata.__func__.5
                0x10005b9c        0xd CMakeFiles/mcp4912_spi.dir/Users/lucasolschansky/Pico/pico-sdk/src/common/pico_time/time.c.obj
 *fill*         0x10005ba9        0x3 
 .rodata.__func__.6
                0x10005bac       0x12 CMakeFiles/mcp4912_spi.dir/Users/lucasolschansky/Pico/pico-sdk/src/common/pico_time/time.c.obj
 *fill*         0x10005bbe        0x2 
 .rodata.__func__.7
                0x10005bc0        0xf CMakeFiles/mcp4912_spi.dir/Users/lucasolschansky/Pico/pico-sdk/src/common/pico_time/time.c.obj
 *fill*         0x10005bcf        0x1 
 .rodata.__func__.8
                0x10005bd0        0xc CMakeFiles/mcp4912_spi.dir/Users/lucasolschansky/Pico/pico-sdk/src/common/pico_time/time.c.obj
 .rodata.__func__.9
                0x10005bdc       0x15 CMakeFiles/mcp4912_spi.dir/Users/lucasolschansky/Pico/pico-sdk/src/common/pico_time/time.c.obj
 *fill*         0x10005bf1        0x3 
 .rodata.__func__.10
                0x10005bf4       0x15 CMakeFiles/mcp4912_spi.dir/Users/lucasolschansky/Pico/pico-sdk/src/common/pico_time/time.c.obj
 *fill*         0x10005c09        0x3 
 .rodata.__func__.11
                0x10005c0c       0x1a CMakeFiles/mcp4912_spi.dir/Users/lucasolschansky/Pico/pico-sdk/src/common/pico_time/time.c.obj
 *fill*         0x10005c26        0x2 
 .rodata.__func__.12
                0x10005c28        0xa CMakeFiles/mcp4912_spi.dir/Users/lucasolschansky/Pico/pico-sdk/src/common/pico_time/time.c.obj
 .rodata.update_us_since_boot.str1.4
                0x10005c32       0x6b CMakeFiles/mcp4912_spi.dir/Users/lucasolschansky/Pico/pico-sdk/src/rp2_common/hardware_timer/timer.c.obj
 .rodata.hardware_alarm_claim.str1.4
                0x10005c32       0x22 CMakeFiles/mcp4912_spi.dir/Users/lucasolschansky/Pico/pico-sdk/src/rp2_common/hardware_timer/timer.c.obj
 .rodata.hardware_alarm_set_target.str1.4
                0x10005c32       0x6f CMakeFiles/mcp4912_spi.dir/Users/lucasolschansky/Pico/pico-sdk/src/rp2_common/hardware_timer/timer.c.obj
 *fill*         0x10005c32        0x2 
 .rodata.__func__.0
                0x10005c34       0x1a CMakeFiles/mcp4912_spi.dir/Users/lucasolschansky/Pico/pico-sdk/src/rp2_common/hardware_timer/timer.c.obj
 *fill*         0x10005c4e        0x2 
 .rodata.__func__.1
                0x10005c50       0x15 CMakeFiles/mcp4912_spi.dir/Users/lucasolschansky/Pico/pico-sdk/src/rp2_common/hardware_timer/timer.c.obj
 .rodata.ph_get_node.str1.4
                0x10005c65       0x70 CMakeFiles/mcp4912_spi.dir/Users/lucasolschansky/Pico/pico-sdk/src/common/pico_util/pheap.c.obj
 .rodata.ph_add_child_node.str1.4
                0x10005c65       0x2e CMakeFiles/mcp4912_spi.dir/Users/lucasolschansky/Pico/pico-sdk/src/common/pico_util/pheap.c.obj
 .rodata.ph_remove_any_head.str1.4
                0x10005c65       0xac CMakeFiles/mcp4912_spi.dir/Users/lucasolschansky/Pico/pico-sdk/src/common/pico_util/pheap.c.obj
 .rodata.ph_remove_and_free_node.str1.4
                0x10005c65       0x26 CMakeFiles/mcp4912_spi.dir/Users/lucasolschansky/Pico/pico-sdk/src/common/pico_util/pheap.c.obj
 *fill*         0x10005c65        0x3 
 .rodata.__func__.0
                0x10005c68       0x18 CMakeFiles/mcp4912_spi.dir/Users/lucasolschansky/Pico/pico-sdk/src/common/pico_util/pheap.c.obj
 .rodata.__func__.1
                0x10005c80       0x13 CMakeFiles/mcp4912_spi.dir/Users/lucasolschansky/Pico/pico-sdk/src/common/pico_util/pheap.c.obj
 *fill*         0x10005c93        0x1 
 .rodata.__func__.2
                0x10005c94       0x12 CMakeFiles/mcp4912_spi.dir/Users/lucasolschansky/Pico/pico-sdk/src/common/pico_util/pheap.c.obj
 *fill*         0x10005ca6        0x2 
 .rodata.__func__.3
                0x10005ca8        0xc CMakeFiles/mcp4912_spi.dir/Users/lucasolschansky/Pico/pico-sdk/src/common/pico_util/pheap.c.obj
 .rodata.clock_configure.str1.4
                0x10005cb4       0x61 CMakeFiles/mcp4912_spi.dir/Users/lucasolschansky/Pico/pico-sdk/src/rp2_common/hardware_clocks/clocks.c.obj
 .rodata.__func__.1
                0x10005cb4       0x10 CMakeFiles/mcp4912_spi.dir/Users/lucasolschansky/Pico/pico-sdk/src/rp2_common/hardware_clocks/clocks.c.obj
 .rodata.pll_init.str1.4
                0x10005cc4      0x12c CMakeFiles/mcp4912_spi.dir/Users/lucasolschansky/Pico/pico-sdk/src/rp2_common/hardware_pll/pll.c.obj
 .rodata.__func__.0
                0x10005cc4        0x9 CMakeFiles/mcp4912_spi.dir/Users/lucasolschansky/Pico/pico-sdk/src/rp2_common/hardware_pll/pll.c.obj
 .rodata.__assert_func.str1.4
                0x10005ccd       0x43 CMakeFiles/mcp4912_spi.dir/Users/lucasolschansky/Pico/pico-sdk/src/rp2_common/pico_runtime/runtime.c.obj
 .rodata.runtime_init.str1.4
                0x10005ccd       0x6b CMakeFiles/mcp4912_spi.dir/Users/lucasolschansky/Pico/pico-sdk/src/rp2_common/pico_runtime/runtime.c.obj
 .rodata.panic.str1.4
                0x10005ccd       0x12 CMakeFiles/mcp4912_spi.dir/Users/lucasolschansky/Pico/pico-sdk/src/rp2_common/pico_runtime/runtime.c.obj
 *fill*         0x10005ccd        0x3 
 .rodata.__func__.2
                0x10005cd0        0xd CMakeFiles/mcp4912_spi.dir/Users/lucasolschansky/Pico/pico-sdk/src/rp2_common/pico_runtime/runtime.c.obj
 .rodata._ftoa.str1.4
                0x10005cdd       0x15 CMakeFiles/mcp4912_spi.dir/Users/lucasolschansky/Pico/pico-sdk/src/rp2_common/pico_printf/printf.c.obj
 *fill*         0x10005cdd        0x3 
 .rodata._vsnprintf
                0x10005ce0      0x19c CMakeFiles/mcp4912_spi.dir/Users/lucasolschansky/Pico/pico-sdk/src/rp2_common/pico_printf/printf.c.obj
 *fill*         0x10005e7c        0x4 
 .rodata.pow10.0
                0x10005e80       0x50 CMakeFiles/mcp4912_spi.dir/Users/lucasolschansky/Pico/pico-sdk/src/rp2_common/pico_printf/printf.c.obj
 .rodata.__aeabi_double_init.str1.4
                0x10005ed0       0xa6 CMakeFiles/mcp4912_spi.dir/Users/lucasolschansky/Pico/pico-sdk/src/rp2_common/pico_double/double_init_rom.c.obj
 .rodata.__func__.0
                0x10005ed0       0x14 CMakeFiles/mcp4912_spi.dir/Users/lucasolschansky/Pico/pico-sdk/src/rp2_common/pico_double/double_init_rom.c.obj
 .rodata.__aeabi_float_init.str1.4
                0x10005ee4       0x88 CMakeFiles/mcp4912_spi.dir/Users/lucasolschansky/Pico/pico-sdk/src/rp2_common/pico_float/float_init_rom.c.obj
 .rodata.__func__.0
                0x10005ee4       0x13 CMakeFiles/mcp4912_spi.dir/Users/lucasolschansky/Pico/pico-sdk/src/rp2_common/pico_float/float_init_rom.c.obj
 .rodata.str1.4
                0x10005ef7       0x40 CMakeFiles/mcp4912_spi.dir/Users/lucasolschansky/Pico/pico-sdk/src/rp2_common/pico_standard_link/binary_info.c.obj
 *fill*         0x10005ef7        0x1 
 .rodata.__bi_81
                0x10005ef8        0xc CMakeFiles/mcp4912_spi.dir/Users/lucasolschansky/Pico/pico-sdk/src/rp2_common/pico_standard_link/binary_info.c.obj
 .rodata.__bi_75
                0x10005f04        0xc CMakeFiles/mcp4912_spi.dir/Users/lucasolschansky/Pico/pico-sdk/src/rp2_common/pico_standard_link/binary_info.c.obj
 .rodata.__bi_44
                0x10005f10        0xc CMakeFiles/mcp4912_spi.dir/Users/lucasolschansky/Pico/pico-sdk/src/rp2_common/pico_standard_link/binary_info.c.obj
 .rodata.update_us_since_boot.str1.4
                0x10005f1c       0x6b CMakeFiles/mcp4912_spi.dir/Users/lucasolschansky/Pico/pico-sdk/src/rp2_common/pico_stdio/stdio.c.obj
 .rodata.crlf_str.2
                0x10005f1c        0x2 CMakeFiles/mcp4912_spi.dir/Users/lucasolschansky/Pico/pico-sdk/src/rp2_common/pico_stdio/stdio.c.obj
 *fill*         0x10005f1e        0x2 
 .rodata.__func__.3
                0x10005f20       0x15 CMakeFiles/mcp4912_spi.dir/Users/lucasolschansky/Pico/pico-sdk/src/rp2_common/pico_stdio/stdio.c.obj
 .rodata.str1.4
                0x10005f35       0x2c CMakeFiles/mcp4912_spi.dir/Users/lucasolschansky/Pico/pico-sdk/src/rp2_common/pico_stdio_uart/stdio_uart.c.obj
 *fill*         0x10005f35        0x3 
 .rodata.__bi_33.4
                0x10005f38        0xc CMakeFiles/mcp4912_spi.dir/Users/lucasolschansky/Pico/pico-sdk/src/rp2_common/pico_stdio_uart/stdio_uart.c.obj
 .rodata.__bi_34.5
                0x10005f44        0x8 CMakeFiles/mcp4912_spi.dir/Users/lucasolschansky/Pico/pico-sdk/src/rp2_common/pico_stdio_uart/stdio_uart.c.obj
                0x10005f4c                        . = ALIGN (0x4)
 *(SORT_BY_ALIGNMENT(SORT_BY_NAME(.flashdata*)))
                0x10005f4c                        . = ALIGN (0x4)

.ARM.extab
 *(.ARM.extab* .gnu.linkonce.armextab.*)
                0x10005f4c                        __exidx_start = .

.ARM.exidx
 *(.ARM.exidx* .gnu.linkonce.armexidx.*)
                0x10005f4c                        __exidx_end = .
                0x10005f4c                        . = ALIGN (0x4)
                0x10005f4c                        __binary_info_start = .

.binary_info    0x10005f4c       0x2c
 *(.binary_info.keep.*)
 .binary_info.keep.__bi_ptr88
                0x10005f4c        0x4 CMakeFiles/mcp4912_spi.dir/mcp4912_spi.c.obj
 .binary_info.keep.__bi_ptr81
                0x10005f50        0x4 CMakeFiles/mcp4912_spi.dir/mcp4912_spi.c.obj
 .binary_info.keep.__bi_ptr81
                0x10005f54        0x4 CMakeFiles/mcp4912_spi.dir/Users/lucasolschansky/Pico/pico-sdk/src/rp2_common/pico_standard_link/binary_info.c.obj
 .binary_info.keep.__bi_ptr75
                0x10005f58        0x4 CMakeFiles/mcp4912_spi.dir/Users/lucasolschansky/Pico/pico-sdk/src/rp2_common/pico_standard_link/binary_info.c.obj
 .binary_info.keep.__bi_ptr50
                0x10005f5c        0x4 CMakeFiles/mcp4912_spi.dir/Users/lucasolschansky/Pico/pico-sdk/src/rp2_common/pico_standard_link/binary_info.c.obj
 .binary_info.keep.__bi_ptr44
                0x10005f60        0x4 CMakeFiles/mcp4912_spi.dir/Users/lucasolschansky/Pico/pico-sdk/src/rp2_common/pico_standard_link/binary_info.c.obj
 .binary_info.keep.__bi_ptr38
                0x10005f64        0x4 CMakeFiles/mcp4912_spi.dir/Users/lucasolschansky/Pico/pico-sdk/src/rp2_common/pico_standard_link/binary_info.c.obj
 .binary_info.keep.__bi_ptr30
                0x10005f68        0x4 CMakeFiles/mcp4912_spi.dir/Users/lucasolschansky/Pico/pico-sdk/src/rp2_common/pico_standard_link/binary_info.c.obj
 .binary_info.keep.__bi_ptr22
                0x10005f6c        0x4 CMakeFiles/mcp4912_spi.dir/Users/lucasolschansky/Pico/pico-sdk/src/rp2_common/pico_standard_link/binary_info.c.obj
 *(.binary_info.*)
 .binary_info.__bi_ptr34
                0x10005f70        0x4 CMakeFiles/mcp4912_spi.dir/Users/lucasolschansky/Pico/pico-sdk/src/rp2_common/pico_stdio_uart/stdio_uart.c.obj
 .binary_info.__bi_ptr33
                0x10005f74        0x4 CMakeFiles/mcp4912_spi.dir/Users/lucasolschansky/Pico/pico-sdk/src/rp2_common/pico_stdio_uart/stdio_uart.c.obj
                0x10005f78                        __binary_info_end = .

.rel.dyn        0x10005f78        0x0
 .rel.iplt      0x10005f78        0x0 /Applications/ArmGNUToolchain/13.2.Rel1/arm-none-eabi/bin/../lib/gcc/arm-none-eabi/13.2.1/thumb/v6-m/nofp/crtbegin.o
                0x10005f78                        . = ALIGN (0x4)

.ram_vector_table
                0x20000000       0xc0
 *(.ram_vector_table)
 .ram_vector_table
                0x20000000       0xc0 CMakeFiles/mcp4912_spi.dir/Users/lucasolschansky/Pico/pico-sdk/src/rp2_common/pico_runtime/runtime.c.obj
                0x20000000                ram_vector_table

.data           0x200000c0      0x284 load address 0x10005f78
                0x200000c0                        __data_start__ = .
 *(vtable)
 *(.time_critical*)
 .time_critical.mutex_try_enter
                0x200000c0       0x46 CMakeFiles/mcp4912_spi.dir/Users/lucasolschansky/Pico/pico-sdk/src/common/pico_sync/mutex.c.obj
                0x200000c0                mutex_try_enter
 *fill*         0x20000106        0x2 
 .time_critical.mutex_enter_block_until
                0x20000108       0x8c CMakeFiles/mcp4912_spi.dir/Users/lucasolschansky/Pico/pico-sdk/src/common/pico_sync/mutex.c.obj
                0x20000108                mutex_enter_block_until
 .time_critical.mutex_try_enter_block_until
                0x20000194       0x34 CMakeFiles/mcp4912_spi.dir/Users/lucasolschansky/Pico/pico-sdk/src/common/pico_sync/mutex.c.obj
                0x20000194                mutex_try_enter_block_until
 .time_critical.mutex_exit
                0x200001c8       0x4c CMakeFiles/mcp4912_spi.dir/Users/lucasolschansky/Pico/pico-sdk/src/common/pico_sync/mutex.c.obj
                0x200001c8                mutex_exit
 .time_critical.spi_write_blocking
                0x20000214       0x3a CMakeFiles/mcp4912_spi.dir/Users/lucasolschansky/Pico/pico-sdk/src/rp2_common/hardware_spi/spi.c.obj
                0x20000214                spi_write_blocking
 *(.text*)
 *fill*         0x2000024e        0x2 
 .text          0x20000250        0x4 /Applications/ArmGNUToolchain/13.2.Rel1/arm-none-eabi/bin/../lib/gcc/arm-none-eabi/13.2.1/thumb/v6-m/nofp/libgcc.a(_dvmd_tls.o)
                0x20000250                __aeabi_ldiv0
                0x20000250                __aeabi_idiv0
 *fill*         0x20000254        0x4 
 .text.__stub   0x20000258       0x20 linker stubs
                0x20000278                        . = ALIGN (0x4)
 *(.rodata*)
                0x20000278                        . = ALIGN (0x4)
 *(.data*)
 .data.striped_spin_lock_num
                0x20000278        0x1 CMakeFiles/mcp4912_spi.dir/Users/lucasolschansky/Pico/pico-sdk/src/rp2_common/hardware_sync/sync.c.obj
 *fill*         0x20000279        0x3 
 .data          0x2000027c       0x48 CMakeFiles/mcp4912_spi.dir/Users/lucasolschansky/Pico/pico-sdk/src/rp2_common/hardware_irq/irq_handler_chain.S.obj
                0x2000027c                irq_handler_chain_slots
                0x200002ac                irq_handler_chain_first_slot
                0x200002b6                irq_handler_chain_remove_tail
 .data.default_alarm_pool
                0x200002c4       0x18 CMakeFiles/mcp4912_spi.dir/Users/lucasolschansky/Pico/pico-sdk/src/common/pico_time/time.c.obj
 .data.default_alarm_pool_heap
                0x200002dc       0x10 CMakeFiles/mcp4912_spi.dir/Users/lucasolschansky/Pico/pico-sdk/src/common/pico_time/time.c.obj
 *fill*         0x200002ec        0x4 
 .data.aeabi_bits_funcs
                0x200002f0       0x10 CMakeFiles/mcp4912_spi.dir/Users/lucasolschansky/Pico/pico-sdk/src/rp2_common/pico_bit_ops/bit_ops_aeabi.S.obj
                0x200002f0                aeabi_bits_funcs
                0x20000300                aeabi_bits_funcs_end
 .data.aeabi_mem_funcs
                0x20000300       0x10 CMakeFiles/mcp4912_spi.dir/Users/lucasolschansky/Pico/pico-sdk/src/rp2_common/pico_mem_ops/mem_ops_aeabi.S.obj
                0x20000300                aeabi_mem_funcs
                0x20000310                aeabi_mem_funcs_end
 .data.stdio_uart
                0x20000310       0x18 CMakeFiles/mcp4912_spi.dir/Users/lucasolschansky/Pico/pico-sdk/src/rp2_common/pico_stdio_uart/stdio_uart.c.obj
                0x20000310                stdio_uart
                0x20000328                        . = ALIGN (0x4)
 *(.after_data.*)
                0x20000328                        . = ALIGN (0x4)
                0x20000328                        PROVIDE (__mutex_array_start = .)
 *(SORT_BY_NAME(.mutex_array.*))
 *(.mutex_array)
 .mutex_array   0x20000328        0x8 CMakeFiles/mcp4912_spi.dir/Users/lucasolschansky/Pico/pico-sdk/src/rp2_common/pico_stdio/stdio.c.obj
                0x20000330                        PROVIDE (__mutex_array_end = .)
                0x20000330                        . = ALIGN (0x4)
                0x20000330                        PROVIDE (__preinit_array_start = .)
 *(SORT_BY_NAME(.preinit_array.*))
 .preinit_array.00001
                0x20000330        0x4 CMakeFiles/mcp4912_spi.dir/Users/lucasolschansky/Pico/pico-sdk/src/rp2_common/pico_mem_ops/mem_ops_aeabi.S.obj
 .preinit_array.00010
                0x20000334        0x4 CMakeFiles/mcp4912_spi.dir/Users/lucasolschansky/Pico/pico-sdk/src/rp2_common/pico_bit_ops/bit_ops_aeabi.S.obj
 .preinit_array.00020
                0x20000338        0x4 CMakeFiles/mcp4912_spi.dir/Users/lucasolschansky/Pico/pico-sdk/src/rp2_common/pico_double/double_aeabi.S.obj
 .preinit_array.00020
                0x2000033c        0x4 CMakeFiles/mcp4912_spi.dir/Users/lucasolschansky/Pico/pico-sdk/src/rp2_common/pico_float/float_aeabi.S.obj
 *(.preinit_array)
                0x20000340                        PROVIDE (__preinit_array_end = .)
                0x20000340                        . = ALIGN (0x4)
                0x20000340                        PROVIDE (__init_array_start = .)
 *(SORT_BY_NAME(.init_array.*))
 *(.init_array)
 .init_array    0x20000340        0x4 /Applications/ArmGNUToolchain/13.2.Rel1/arm-none-eabi/bin/../lib/gcc/arm-none-eabi/13.2.1/thumb/v6-m/nofp/crtbegin.o
                0x20000344                        PROVIDE (__init_array_end = .)
                0x20000344                        . = ALIGN (0x4)
                [!provide]                        PROVIDE (__fini_array_start = .)
 *(SORT_BY_NAME(.fini_array.*))
 *(.fini_array)
                [!provide]                        PROVIDE (__fini_array_end = .)
 *(.jcr)
                0x20000344                        . = ALIGN (0x4)
                0x20000344                        __data_end__ = .
                0x10005f78                        __etext = LOADADDR (.data)

.tm_clone_table
                0x20000344        0x0 load address 0x100061fc
 .tm_clone_table
                0x20000344        0x0 /Applications/ArmGNUToolchain/13.2.Rel1/arm-none-eabi/bin/../lib/gcc/arm-none-eabi/13.2.1/thumb/v6-m/nofp/crtbegin.o
 .tm_clone_table
                0x20000344        0x0 /Applications/ArmGNUToolchain/13.2.Rel1/arm-none-eabi/bin/../lib/gcc/arm-none-eabi/13.2.1/thumb/v6-m/nofp/crtend.o

.igot.plt       0x20000344        0x0 load address 0x100061fc
 .igot.plt      0x20000344        0x0 /Applications/ArmGNUToolchain/13.2.Rel1/arm-none-eabi/bin/../lib/gcc/arm-none-eabi/13.2.1/thumb/v6-m/nofp/crtbegin.o

.uninitialized_data
                0x20000344        0x0 load address 0x100061fc
                0x20000344                        . = ALIGN (0x4)
 *(.uninitialized_data*)

.scratch_x      0x20040000        0x0 load address 0x100061fc
                0x20040000                        __scratch_x_start__ = .
 *(.scratch_x.*)
                0x20040000                        . = ALIGN (0x4)
                0x20040000                        __scratch_x_end__ = .
                0x100061fc                        __scratch_x_source__ = LOADADDR (.scratch_x)

.scratch_y      0x20041000        0x0 load address 0x100061fc
                0x20041000                        __scratch_y_start__ = .
 *(.scratch_y.*)
                0x20041000                        . = ALIGN (0x4)
                0x20041000                        __scratch_y_end__ = .
                0x100061fc                        __scratch_y_source__ = LOADADDR (.scratch_y)

.bss            0x20000348      0x3d4
                0x20000348                        . = ALIGN (0x4)
                0x20000348                        __bss_start__ = .
 *(SORT_BY_ALIGNMENT(SORT_BY_NAME(.bss*)))
 .bss.default_alarm_pool_entries
                0x20000348      0x100 CMakeFiles/mcp4912_spi.dir/Users/lucasolschansky/Pico/pico-sdk/src/common/pico_time/time.c.obj
 .bss.alarm_callbacks
                0x20000448       0x10 CMakeFiles/mcp4912_spi.dir/Users/lucasolschansky/Pico/pico-sdk/src/rp2_common/hardware_timer/timer.c.obj
 .bss.chars_available_callback
                0x20000458        0x4 CMakeFiles/mcp4912_spi.dir/Users/lucasolschansky/Pico/pico-sdk/src/rp2_common/pico_stdio_uart/stdio_uart.c.obj
 .bss.chars_available_param
                0x2000045c        0x4 CMakeFiles/mcp4912_spi.dir/Users/lucasolschansky/Pico/pico-sdk/src/rp2_common/pico_stdio_uart/stdio_uart.c.obj
 .bss.configured_freq
                0x20000460       0x28 CMakeFiles/mcp4912_spi.dir/Users/lucasolschansky/Pico/pico-sdk/src/rp2_common/hardware_clocks/clocks.c.obj
 .bss.default_alarm_pool_entry_ids_high
                0x20000488       0x10 CMakeFiles/mcp4912_spi.dir/Users/lucasolschansky/Pico/pico-sdk/src/common/pico_time/time.c.obj
 .bss.default_alarm_pool_heap_nodes
                0x20000498       0x30 CMakeFiles/mcp4912_spi.dir/Users/lucasolschansky/Pico/pico-sdk/src/common/pico_time/time.c.obj
 .bss.drivers   0x200004c8        0x4 CMakeFiles/mcp4912_spi.dir/Users/lucasolschansky/Pico/pico-sdk/src/rp2_common/pico_stdio/stdio.c.obj
 .bss.filter    0x200004cc        0x4 CMakeFiles/mcp4912_spi.dir/Users/lucasolschansky/Pico/pico-sdk/src/rp2_common/pico_stdio/stdio.c.obj
 .bss.object.0  0x200004d0       0x18 /Applications/ArmGNUToolchain/13.2.Rel1/arm-none-eabi/bin/../lib/gcc/arm-none-eabi/13.2.1/thumb/v6-m/nofp/crtbegin.o
 .bss.pools     0x200004e8       0x10 CMakeFiles/mcp4912_spi.dir/Users/lucasolschansky/Pico/pico-sdk/src/common/pico_time/time.c.obj
 .bss.sd_table  0x200004f8      0x100 CMakeFiles/mcp4912_spi.dir/Users/lucasolschansky/Pico/pico-sdk/src/rp2_common/pico_double/double_init_rom.c.obj
                0x200004f8                sd_table
 .bss.sf_clz_func
                0x200005f8        0x4 CMakeFiles/mcp4912_spi.dir/Users/lucasolschansky/Pico/pico-sdk/src/rp2_common/pico_double/double_init_rom.c.obj
                0x200005f8                sf_clz_func
 .bss.sf_table  0x200005fc      0x100 CMakeFiles/mcp4912_spi.dir/Users/lucasolschansky/Pico/pico-sdk/src/rp2_common/pico_float/float_init_rom.c.obj
                0x200005fc                sf_table
 .bss.sleep_notifier
                0x200006fc        0x4 CMakeFiles/mcp4912_spi.dir/Users/lucasolschansky/Pico/pico-sdk/src/common/pico_time/time.c.obj
 .bss.target_hi
                0x20000700       0x10 CMakeFiles/mcp4912_spi.dir/Users/lucasolschansky/Pico/pico-sdk/src/rp2_common/hardware_timer/timer.c.obj
 .bss.uart_char_to_line_feed
                0x20000710        0x4 CMakeFiles/mcp4912_spi.dir/Users/lucasolschansky/Pico/pico-sdk/src/rp2_common/hardware_uart/uart.c.obj
                0x20000710                uart_char_to_line_feed
 .bss.uart_instance
                0x20000714        0x4 CMakeFiles/mcp4912_spi.dir/Users/lucasolschansky/Pico/pico-sdk/src/rp2_common/pico_stdio_uart/stdio_uart.c.obj
 .bss.claimed   0x20000718        0x1 CMakeFiles/mcp4912_spi.dir/Users/lucasolschansky/Pico/pico-sdk/src/rp2_common/hardware_timer/timer.c.obj
 .bss.irq_hander_chain_free_slot_head
                0x20000719        0x1 CMakeFiles/mcp4912_spi.dir/Users/lucasolschansky/Pico/pico-sdk/src/rp2_common/hardware_irq/irq.c.obj
 .bss.timer_callbacks_pending
                0x2000071a        0x1 CMakeFiles/mcp4912_spi.dir/Users/lucasolschansky/Pico/pico-sdk/src/rp2_common/hardware_timer/timer.c.obj
 *(COMMON)
                0x2000071c                        . = ALIGN (0x4)
 *fill*         0x2000071b        0x1 
                0x2000071c                        __bss_end__ = .

.heap           0x2000071c      0x800
                0x2000071c                        __end__ = .
                0x2000071c                        end = __end__
 *(.heap*)
 .heap          0x2000071c      0x800 CMakeFiles/mcp4912_spi.dir/Users/lucasolschansky/Pico/pico-sdk/src/rp2_common/pico_standard_link/crt0.S.obj
                0x20000f1c                        __HeapLimit = .

.stack1_dummy
 *(.stack1*)

.stack_dummy    0x20041000      0x800
 *(.stack*)
 .stack         0x20041000      0x800 CMakeFiles/mcp4912_spi.dir/Users/lucasolschansky/Pico/pico-sdk/src/rp2_common/pico_standard_link/crt0.S.obj

.flash_end      0x100061fc        0x0
                0x100061fc                        PROVIDE (__flash_binary_end = .)
                0x20040000                        __StackLimit = (ORIGIN (RAM) + LENGTH (RAM))
                0x20041000                        __StackOneTop = (ORIGIN (SCRATCH_X) + LENGTH (SCRATCH_X))
                0x20042000                        __StackTop = (ORIGIN (SCRATCH_Y) + LENGTH (SCRATCH_Y))
                0x20041000                        __StackOneBottom = (__StackOneTop - SIZEOF (.stack1_dummy))
                0x20041800                        __StackBottom = (__StackTop - SIZEOF (.stack_dummy))
                0x20042000                        PROVIDE (__stack = __StackTop)
                0x00000001                        ASSERT ((__StackLimit >= __HeapLimit), region RAM overflowed)
                0x00000001                        ASSERT (((__binary_info_header_end - __logical_binary_start) <= 0x100), Binary info must be in first 256 bytes of the binary)
LOAD CMakeFiles/mcp4912_spi.dir/mcp4912_spi.c.obj
LOAD CMakeFiles/mcp4912_spi.dir/Users/lucasolschansky/Pico/pico-sdk/src/rp2_common/pico_stdlib/stdlib.c.obj
LOAD CMakeFiles/mcp4912_spi.dir/Users/lucasolschansky/Pico/pico-sdk/src/rp2_common/hardware_gpio/gpio.c.obj
LOAD CMakeFiles/mcp4912_spi.dir/Users/lucasolschansky/Pico/pico-sdk/src/rp2_common/pico_platform/platform.c.obj
LOAD CMakeFiles/mcp4912_spi.dir/Users/lucasolschansky/Pico/pico-sdk/src/rp2_common/hardware_claim/claim.c.obj
LOAD CMakeFiles/mcp4912_spi.dir/Users/lucasolschansky/Pico/pico-sdk/src/rp2_common/hardware_sync/sync.c.obj
LOAD CMakeFiles/mcp4912_spi.dir/Users/lucasolschansky/Pico/pico-sdk/src/rp2_common/hardware_irq/irq.c.obj
LOAD CMakeFiles/mcp4912_spi.dir/Users/lucasolschansky/Pico/pico-sdk/src/rp2_common/hardware_irq/irq_handler_chain.S.obj
LOAD CMakeFiles/mcp4912_spi.dir/Users/lucasolschansky/Pico/pico-sdk/src/common/pico_sync/sem.c.obj
LOAD CMakeFiles/mcp4912_spi.dir/Users/lucasolschansky/Pico/pico-sdk/src/common/pico_sync/lock_core.c.obj
LOAD CMakeFiles/mcp4912_spi.dir/Users/lucasolschansky/Pico/pico-sdk/src/common/pico_sync/mutex.c.obj
LOAD CMakeFiles/mcp4912_spi.dir/Users/lucasolschansky/Pico/pico-sdk/src/common/pico_sync/critical_section.c.obj
LOAD CMakeFiles/mcp4912_spi.dir/Users/lucasolschansky/Pico/pico-sdk/src/common/pico_time/time.c.obj
LOAD CMakeFiles/mcp4912_spi.dir/Users/lucasolschansky/Pico/pico-sdk/src/common/pico_time/timeout_helper.c.obj
LOAD CMakeFiles/mcp4912_spi.dir/Users/lucasolschansky/Pico/pico-sdk/src/rp2_common/hardware_timer/timer.c.obj
LOAD CMakeFiles/mcp4912_spi.dir/Users/lucasolschansky/Pico/pico-sdk/src/common/pico_util/datetime.c.obj
LOAD CMakeFiles/mcp4912_spi.dir/Users/lucasolschansky/Pico/pico-sdk/src/common/pico_util/pheap.c.obj
LOAD CMakeFiles/mcp4912_spi.dir/Users/lucasolschansky/Pico/pico-sdk/src/common/pico_util/queue.c.obj
LOAD CMakeFiles/mcp4912_spi.dir/Users/lucasolschansky/Pico/pico-sdk/src/rp2_common/hardware_uart/uart.c.obj
LOAD CMakeFiles/mcp4912_spi.dir/Users/lucasolschansky/Pico/pico-sdk/src/rp2_common/hardware_clocks/clocks.c.obj
LOAD CMakeFiles/mcp4912_spi.dir/Users/lucasolschansky/Pico/pico-sdk/src/rp2_common/hardware_pll/pll.c.obj
LOAD CMakeFiles/mcp4912_spi.dir/Users/lucasolschansky/Pico/pico-sdk/src/rp2_common/hardware_vreg/vreg.c.obj
LOAD CMakeFiles/mcp4912_spi.dir/Users/lucasolschansky/Pico/pico-sdk/src/rp2_common/hardware_watchdog/watchdog.c.obj
LOAD CMakeFiles/mcp4912_spi.dir/Users/lucasolschansky/Pico/pico-sdk/src/rp2_common/hardware_xosc/xosc.c.obj
LOAD CMakeFiles/mcp4912_spi.dir/Users/lucasolschansky/Pico/pico-sdk/src/rp2_common/hardware_divider/divider.S.obj
LOAD CMakeFiles/mcp4912_spi.dir/Users/lucasolschansky/Pico/pico-sdk/src/rp2_common/pico_runtime/runtime.c.obj
LOAD CMakeFiles/mcp4912_spi.dir/Users/lucasolschansky/Pico/pico-sdk/src/rp2_common/pico_printf/printf.c.obj
LOAD CMakeFiles/mcp4912_spi.dir/Users/lucasolschansky/Pico/pico-sdk/src/rp2_common/pico_bit_ops/bit_ops_aeabi.S.obj
LOAD CMakeFiles/mcp4912_spi.dir/Users/lucasolschansky/Pico/pico-sdk/src/rp2_common/pico_bootrom/bootrom.c.obj
LOAD CMakeFiles/mcp4912_spi.dir/Users/lucasolschansky/Pico/pico-sdk/src/rp2_common/pico_divider/divider.S.obj
LOAD CMakeFiles/mcp4912_spi.dir/Users/lucasolschansky/Pico/pico-sdk/src/rp2_common/pico_double/double_aeabi.S.obj
LOAD CMakeFiles/mcp4912_spi.dir/Users/lucasolschansky/Pico/pico-sdk/src/rp2_common/pico_double/double_init_rom.c.obj
LOAD CMakeFiles/mcp4912_spi.dir/Users/lucasolschansky/Pico/pico-sdk/src/rp2_common/pico_double/double_math.c.obj
LOAD CMakeFiles/mcp4912_spi.dir/Users/lucasolschansky/Pico/pico-sdk/src/rp2_common/pico_double/double_v1_rom_shim.S.obj
LOAD CMakeFiles/mcp4912_spi.dir/Users/lucasolschansky/Pico/pico-sdk/src/rp2_common/pico_int64_ops/pico_int64_ops_aeabi.S.obj
LOAD CMakeFiles/mcp4912_spi.dir/Users/lucasolschansky/Pico/pico-sdk/src/rp2_common/pico_float/float_aeabi.S.obj
LOAD CMakeFiles/mcp4912_spi.dir/Users/lucasolschansky/Pico/pico-sdk/src/rp2_common/pico_float/float_init_rom.c.obj
LOAD CMakeFiles/mcp4912_spi.dir/Users/lucasolschansky/Pico/pico-sdk/src/rp2_common/pico_float/float_math.c.obj
LOAD CMakeFiles/mcp4912_spi.dir/Users/lucasolschansky/Pico/pico-sdk/src/rp2_common/pico_float/float_v1_rom_shim.S.obj
LOAD CMakeFiles/mcp4912_spi.dir/Users/lucasolschansky/Pico/pico-sdk/src/rp2_common/pico_malloc/pico_malloc.c.obj
LOAD CMakeFiles/mcp4912_spi.dir/Users/lucasolschansky/Pico/pico-sdk/src/rp2_common/pico_mem_ops/mem_ops_aeabi.S.obj
LOAD CMakeFiles/mcp4912_spi.dir/Users/lucasolschansky/Pico/pico-sdk/src/rp2_common/pico_standard_link/crt0.S.obj
LOAD CMakeFiles/mcp4912_spi.dir/Users/lucasolschansky/Pico/pico-sdk/src/rp2_common/pico_standard_link/new_delete.cpp.obj
LOAD CMakeFiles/mcp4912_spi.dir/Users/lucasolschansky/Pico/pico-sdk/src/rp2_common/pico_standard_link/binary_info.c.obj
LOAD CMakeFiles/mcp4912_spi.dir/Users/lucasolschansky/Pico/pico-sdk/src/rp2_common/pico_stdio/stdio.c.obj
LOAD CMakeFiles/mcp4912_spi.dir/Users/lucasolschansky/Pico/pico-sdk/src/rp2_common/pico_stdio_uart/stdio_uart.c.obj
LOAD CMakeFiles/mcp4912_spi.dir/Users/lucasolschansky/Pico/pico-sdk/src/rp2_common/hardware_spi/spi.c.obj
LOAD /var/folders/l7/cb0xcf750d14ygxsby8ykcy40000gn/T//cczzbc2m.o
LOAD /Applications/ArmGNUToolchain/13.2.Rel1/arm-none-eabi/bin/../lib/gcc/arm-none-eabi/13.2.1/../../../../arm-none-eabi/lib/thumb/v6-m/nofp/libstdc++.a
LOAD /Applications/ArmGNUToolchain/13.2.Rel1/arm-none-eabi/bin/../lib/gcc/arm-none-eabi/13.2.1/../../../../arm-none-eabi/lib/thumb/v6-m/nofp/libm.a
START GROUP
LOAD /Applications/ArmGNUToolchain/13.2.Rel1/arm-none-eabi/bin/../lib/gcc/arm-none-eabi/13.2.1/thumb/v6-m/nofp/libgcc.a
LOAD /Applications/ArmGNUToolchain/13.2.Rel1/arm-none-eabi/bin/../lib/gcc/arm-none-eabi/13.2.1/../../../../arm-none-eabi/lib/thumb/v6-m/nofp/libg.a
LOAD /Applications/ArmGNUToolchain/13.2.Rel1/arm-none-eabi/bin/../lib/gcc/arm-none-eabi/13.2.1/../../../../arm-none-eabi/lib/thumb/v6-m/nofp/libc.a
END GROUP
START GROUP
LOAD /Applications/ArmGNUToolchain/13.2.Rel1/arm-none-eabi/bin/../lib/gcc/arm-none-eabi/13.2.1/thumb/v6-m/nofp/libgcc.a
LOAD /Applications/ArmGNUToolchain/13.2.Rel1/arm-none-eabi/bin/../lib/gcc/arm-none-eabi/13.2.1/../../../../arm-none-eabi/lib/thumb/v6-m/nofp/libc.a
LOAD /Applications/ArmGNUToolchain/13.2.Rel1/arm-none-eabi/bin/../lib/gcc/arm-none-eabi/13.2.1/../../../../arm-none-eabi/lib/thumb/v6-m/nofp/libnosys.a
END GROUP
LOAD /Applications/ArmGNUToolchain/13.2.Rel1/arm-none-eabi/bin/../lib/gcc/arm-none-eabi/13.2.1/thumb/v6-m/nofp/crtend.o
LOAD /Applications/ArmGNUToolchain/13.2.Rel1/arm-none-eabi/bin/../lib/gcc/arm-none-eabi/13.2.1/thumb/v6-m/nofp/crtn.o
OUTPUT(mcp4912_spi.elf elf32-littlearm)
LOAD linker stubs

.ARM.attributes
                0x00000000       0x28
 .ARM.attributes
                0x00000000       0x1e /Applications/ArmGNUToolchain/13.2.Rel1/arm-none-eabi/bin/../lib/gcc/arm-none-eabi/13.2.1/thumb/v6-m/nofp/crti.o
 .ARM.attributes
                0x0000001e       0x2c /Applications/ArmGNUToolchain/13.2.Rel1/arm-none-eabi/bin/../lib/gcc/arm-none-eabi/13.2.1/thumb/v6-m/nofp/crtbegin.o
 .ARM.attributes
                0x0000004a       0x2c CMakeFiles/mcp4912_spi.dir/mcp4912_spi.c.obj
 .ARM.attributes
                0x00000076       0x2c CMakeFiles/mcp4912_spi.dir/Users/lucasolschansky/Pico/pico-sdk/src/rp2_common/hardware_gpio/gpio.c.obj
 .ARM.attributes
                0x000000a2       0x2c CMakeFiles/mcp4912_spi.dir/Users/lucasolschansky/Pico/pico-sdk/src/rp2_common/pico_platform/platform.c.obj
 .ARM.attributes
                0x000000ce       0x2c CMakeFiles/mcp4912_spi.dir/Users/lucasolschansky/Pico/pico-sdk/src/rp2_common/hardware_claim/claim.c.obj
 .ARM.attributes
                0x000000fa       0x2c CMakeFiles/mcp4912_spi.dir/Users/lucasolschansky/Pico/pico-sdk/src/rp2_common/hardware_sync/sync.c.obj
 .ARM.attributes
                0x00000126       0x2c CMakeFiles/mcp4912_spi.dir/Users/lucasolschansky/Pico/pico-sdk/src/rp2_common/hardware_irq/irq.c.obj
 .ARM.attributes
                0x00000152       0x22 CMakeFiles/mcp4912_spi.dir/Users/lucasolschansky/Pico/pico-sdk/src/rp2_common/hardware_irq/irq_handler_chain.S.obj
 .ARM.attributes
                0x00000174       0x2c CMakeFiles/mcp4912_spi.dir/Users/lucasolschansky/Pico/pico-sdk/src/common/pico_sync/lock_core.c.obj
 .ARM.attributes
                0x000001a0       0x2c CMakeFiles/mcp4912_spi.dir/Users/lucasolschansky/Pico/pico-sdk/src/common/pico_sync/mutex.c.obj
 .ARM.attributes
                0x000001cc       0x2c CMakeFiles/mcp4912_spi.dir/Users/lucasolschansky/Pico/pico-sdk/src/common/pico_time/time.c.obj
 .ARM.attributes
                0x000001f8       0x2c CMakeFiles/mcp4912_spi.dir/Users/lucasolschansky/Pico/pico-sdk/src/rp2_common/hardware_timer/timer.c.obj
 .ARM.attributes
                0x00000224       0x2c CMakeFiles/mcp4912_spi.dir/Users/lucasolschansky/Pico/pico-sdk/src/common/pico_util/pheap.c.obj
 .ARM.attributes
                0x00000250       0x2c CMakeFiles/mcp4912_spi.dir/Users/lucasolschansky/Pico/pico-sdk/src/rp2_common/hardware_uart/uart.c.obj
 .ARM.attributes
                0x0000027c       0x2c CMakeFiles/mcp4912_spi.dir/Users/lucasolschansky/Pico/pico-sdk/src/rp2_common/hardware_clocks/clocks.c.obj
 .ARM.attributes
                0x000002a8       0x2c CMakeFiles/mcp4912_spi.dir/Users/lucasolschansky/Pico/pico-sdk/src/rp2_common/hardware_pll/pll.c.obj
 .ARM.attributes
                0x000002d4       0x2c CMakeFiles/mcp4912_spi.dir/Users/lucasolschansky/Pico/pico-sdk/src/rp2_common/hardware_watchdog/watchdog.c.obj
 .ARM.attributes
                0x00000300       0x2c CMakeFiles/mcp4912_spi.dir/Users/lucasolschansky/Pico/pico-sdk/src/rp2_common/hardware_xosc/xosc.c.obj
 .ARM.attributes
                0x0000032c       0x2c CMakeFiles/mcp4912_spi.dir/Users/lucasolschansky/Pico/pico-sdk/src/rp2_common/pico_runtime/runtime.c.obj
 .ARM.attributes
                0x00000358       0x2c CMakeFiles/mcp4912_spi.dir/Users/lucasolschansky/Pico/pico-sdk/src/rp2_common/pico_printf/printf.c.obj
 .ARM.attributes
                0x00000384       0x22 CMakeFiles/mcp4912_spi.dir/Users/lucasolschansky/Pico/pico-sdk/src/rp2_common/pico_bit_ops/bit_ops_aeabi.S.obj
 .ARM.attributes
                0x000003a6       0x2c CMakeFiles/mcp4912_spi.dir/Users/lucasolschansky/Pico/pico-sdk/src/rp2_common/pico_bootrom/bootrom.c.obj
 .ARM.attributes
                0x000003d2       0x22 CMakeFiles/mcp4912_spi.dir/Users/lucasolschansky/Pico/pico-sdk/src/rp2_common/pico_divider/divider.S.obj
 .ARM.attributes
                0x000003f4       0x22 CMakeFiles/mcp4912_spi.dir/Users/lucasolschansky/Pico/pico-sdk/src/rp2_common/pico_double/double_aeabi.S.obj
 .ARM.attributes
                0x00000416       0x2c CMakeFiles/mcp4912_spi.dir/Users/lucasolschansky/Pico/pico-sdk/src/rp2_common/pico_double/double_init_rom.c.obj
 .ARM.attributes
                0x00000442       0x2c CMakeFiles/mcp4912_spi.dir/Users/lucasolschansky/Pico/pico-sdk/src/rp2_common/pico_double/double_math.c.obj
 .ARM.attributes
                0x0000046e       0x22 CMakeFiles/mcp4912_spi.dir/Users/lucasolschansky/Pico/pico-sdk/src/rp2_common/pico_double/double_v1_rom_shim.S.obj
 .ARM.attributes
                0x00000490       0x22 CMakeFiles/mcp4912_spi.dir/Users/lucasolschansky/Pico/pico-sdk/src/rp2_common/pico_int64_ops/pico_int64_ops_aeabi.S.obj
 .ARM.attributes
                0x000004b2       0x22 CMakeFiles/mcp4912_spi.dir/Users/lucasolschansky/Pico/pico-sdk/src/rp2_common/pico_float/float_aeabi.S.obj
 .ARM.attributes
                0x000004d4       0x2c CMakeFiles/mcp4912_spi.dir/Users/lucasolschansky/Pico/pico-sdk/src/rp2_common/pico_float/float_init_rom.c.obj
 .ARM.attributes
                0x00000500       0x22 CMakeFiles/mcp4912_spi.dir/Users/lucasolschansky/Pico/pico-sdk/src/rp2_common/pico_float/float_v1_rom_shim.S.obj
 .ARM.attributes
                0x00000522       0x22 CMakeFiles/mcp4912_spi.dir/Users/lucasolschansky/Pico/pico-sdk/src/rp2_common/pico_mem_ops/mem_ops_aeabi.S.obj
 .ARM.attributes
                0x00000544       0x22 CMakeFiles/mcp4912_spi.dir/Users/lucasolschansky/Pico/pico-sdk/src/rp2_common/pico_standard_link/crt0.S.obj
 .ARM.attributes
                0x00000566       0x2c CMakeFiles/mcp4912_spi.dir/Users/lucasolschansky/Pico/pico-sdk/src/rp2_common/pico_standard_link/binary_info.c.obj
 .ARM.attributes
                0x00000592       0x2c CMakeFiles/mcp4912_spi.dir/Users/lucasolschansky/Pico/pico-sdk/src/rp2_common/pico_stdio/stdio.c.obj
 .ARM.attributes
                0x000005be       0x2c CMakeFiles/mcp4912_spi.dir/Users/lucasolschansky/Pico/pico-sdk/src/rp2_common/pico_stdio_uart/stdio_uart.c.obj
 .ARM.attributes
                0x000005ea       0x2c CMakeFiles/mcp4912_spi.dir/Users/lucasolschansky/Pico/pico-sdk/src/rp2_common/hardware_spi/spi.c.obj
 .ARM.attributes
                0x00000616       0x22 /var/folders/l7/cb0xcf750d14ygxsby8ykcy40000gn/T//cczzbc2m.o
 .ARM.attributes
                0x00000638       0x1e /Applications/ArmGNUToolchain/13.2.Rel1/arm-none-eabi/bin/../lib/gcc/arm-none-eabi/13.2.1/thumb/v6-m/nofp/libgcc.a(_dvmd_tls.o)
 .ARM.attributes
                0x00000656       0x2c /Applications/ArmGNUToolchain/13.2.Rel1/arm-none-eabi/bin/../lib/gcc/arm-none-eabi/13.2.1/../../../../arm-none-eabi/lib/thumb/v6-m/nofp/libg.a(libc_a-strlen-stub.o)
 .ARM.attributes
                0x00000682       0x2c /Applications/ArmGNUToolchain/13.2.Rel1/arm-none-eabi/bin/../lib/gcc/arm-none-eabi/13.2.1/thumb/v6-m/nofp/crtend.o

.comment        0x00000000       0x44
 .comment       0x00000000       0x44 CMakeFiles/mcp4912_spi.dir/mcp4912_spi.c.obj
                                 0x45 (size before relaxing)
 .comment       0x00000044       0x45 CMakeFiles/mcp4912_spi.dir/Users/lucasolschansky/Pico/pico-sdk/src/rp2_common/hardware_gpio/gpio.c.obj
 .comment       0x00000044       0x45 CMakeFiles/mcp4912_spi.dir/Users/lucasolschansky/Pico/pico-sdk/src/rp2_common/pico_platform/platform.c.obj
 .comment       0x00000044       0x45 CMakeFiles/mcp4912_spi.dir/Users/lucasolschansky/Pico/pico-sdk/src/rp2_common/hardware_claim/claim.c.obj
 .comment       0x00000044       0x45 CMakeFiles/mcp4912_spi.dir/Users/lucasolschansky/Pico/pico-sdk/src/rp2_common/hardware_sync/sync.c.obj
 .comment       0x00000044       0x45 CMakeFiles/mcp4912_spi.dir/Users/lucasolschansky/Pico/pico-sdk/src/rp2_common/hardware_irq/irq.c.obj
 .comment       0x00000044       0x45 CMakeFiles/mcp4912_spi.dir/Users/lucasolschansky/Pico/pico-sdk/src/common/pico_sync/lock_core.c.obj
 .comment       0x00000044       0x45 CMakeFiles/mcp4912_spi.dir/Users/lucasolschansky/Pico/pico-sdk/src/common/pico_sync/mutex.c.obj
 .comment       0x00000044       0x45 CMakeFiles/mcp4912_spi.dir/Users/lucasolschansky/Pico/pico-sdk/src/common/pico_time/time.c.obj
 .comment       0x00000044       0x45 CMakeFiles/mcp4912_spi.dir/Users/lucasolschansky/Pico/pico-sdk/src/rp2_common/hardware_timer/timer.c.obj
 .comment       0x00000044       0x45 CMakeFiles/mcp4912_spi.dir/Users/lucasolschansky/Pico/pico-sdk/src/common/pico_util/pheap.c.obj
 .comment       0x00000044       0x45 CMakeFiles/mcp4912_spi.dir/Users/lucasolschansky/Pico/pico-sdk/src/rp2_common/hardware_uart/uart.c.obj
 .comment       0x00000044       0x45 CMakeFiles/mcp4912_spi.dir/Users/lucasolschansky/Pico/pico-sdk/src/rp2_common/hardware_clocks/clocks.c.obj
 .comment       0x00000044       0x45 CMakeFiles/mcp4912_spi.dir/Users/lucasolschansky/Pico/pico-sdk/src/rp2_common/hardware_pll/pll.c.obj
 .comment       0x00000044       0x45 CMakeFiles/mcp4912_spi.dir/Users/lucasolschansky/Pico/pico-sdk/src/rp2_common/hardware_watchdog/watchdog.c.obj
 .comment       0x00000044       0x45 CMakeFiles/mcp4912_spi.dir/Users/lucasolschansky/Pico/pico-sdk/src/rp2_common/hardware_xosc/xosc.c.obj
 .comment       0x00000044       0x45 CMakeFiles/mcp4912_spi.dir/Users/lucasolschansky/Pico/pico-sdk/src/rp2_common/pico_runtime/runtime.c.obj
 .comment       0x00000044       0x45 CMakeFiles/mcp4912_spi.dir/Users/lucasolschansky/Pico/pico-sdk/src/rp2_common/pico_printf/printf.c.obj
 .comment       0x00000044       0x45 CMakeFiles/mcp4912_spi.dir/Users/lucasolschansky/Pico/pico-sdk/src/rp2_common/pico_bootrom/bootrom.c.obj
 .comment       0x00000044       0x45 CMakeFiles/mcp4912_spi.dir/Users/lucasolschansky/Pico/pico-sdk/src/rp2_common/pico_double/double_init_rom.c.obj
 .comment       0x00000044       0x45 CMakeFiles/mcp4912_spi.dir/Users/lucasolschansky/Pico/pico-sdk/src/rp2_common/pico_double/double_math.c.obj
 .comment       0x00000044       0x45 CMakeFiles/mcp4912_spi.dir/Users/lucasolschansky/Pico/pico-sdk/src/rp2_common/pico_float/float_init_rom.c.obj
 .comment       0x00000044       0x45 CMakeFiles/mcp4912_spi.dir/Users/lucasolschansky/Pico/pico-sdk/src/rp2_common/pico_standard_link/binary_info.c.obj
 .comment       0x00000044       0x45 CMakeFiles/mcp4912_spi.dir/Users/lucasolschansky/Pico/pico-sdk/src/rp2_common/pico_stdio/stdio.c.obj
 .comment       0x00000044       0x45 CMakeFiles/mcp4912_spi.dir/Users/lucasolschansky/Pico/pico-sdk/src/rp2_common/pico_stdio_uart/stdio_uart.c.obj
 .comment       0x00000044       0x45 CMakeFiles/mcp4912_spi.dir/Users/lucasolschansky/Pico/pico-sdk/src/rp2_common/hardware_spi/spi.c.obj

.debug_info     0x00000000    0x19a34
 .debug_info    0x00000000      0xcad CMakeFiles/mcp4912_spi.dir/mcp4912_spi.c.obj