Archive member included to satisfy reference by file (symbol)

/Applications/ArmGNUToolchain/13.2.Rel1/arm-none-eabi/bin/../lib/gcc/arm-none-eabi/13.2.1/thumb/v6-m/nofp/libgcc.a(_dvmd_tls.o)
                              CMakeFiles/print.dir/Users/lucasolschansky/Pico/pico-sdk/src/rp2_common/pico_divider/divider.S.obj (__aeabi_idiv0)
/Applications/ArmGNUToolchain/13.2.Rel1/arm-none-eabi/bin/../lib/gcc/arm-none-eabi/13.2.1/../../../../arm-none-eabi/lib/thumb/v6-m/nofp/libg.a(libc_a-calloc.o)
                              CMakeFiles/print.dir/Users/lucasolschansky/Pico/pico-sdk/src/rp2_common/pico_malloc/pico_malloc.c.obj (calloc)
/Applications/ArmGNUToolchain/13.2.Rel1/arm-none-eabi/bin/../lib/gcc/arm-none-eabi/13.2.1/../../../../arm-none-eabi/lib/thumb/v6-m/nofp/libg.a(libc_a-callocr.o)
                              /Applications/ArmGNUToolchain/13.2.Rel1/arm-none-eabi/bin/../lib/gcc/arm-none-eabi/13.2.1/../../../../arm-none-eabi/lib/thumb/v6-m/nofp/libg.a(libc_a-calloc.o) (_calloc_r)
/Applications/ArmGNUToolchain/13.2.Rel1/arm-none-eabi/bin/../lib/gcc/arm-none-eabi/13.2.1/../../../../arm-none-eabi/lib/thumb/v6-m/nofp/libg.a(libc_a-malloc.o)
                              CMakeFiles/print.dir/Users/lucasolschansky/Pico/pico-sdk/src/rp2_common/pico_malloc/pico_malloc.c.obj (malloc)
/Applications/ArmGNUToolchain/13.2.Rel1/arm-none-eabi/bin/../lib/gcc/arm-none-eabi/13.2.1/../../../../arm-none-eabi/lib/thumb/v6-m/nofp/libg.a(libc_a-mallocr.o)
                              /Applications/ArmGNUToolchain/13.2.Rel1/arm-none-eabi/bin/../lib/gcc/arm-none-eabi/13.2.1/../../../../arm-none-eabi/lib/thumb/v6-m/nofp/libg.a(libc_a-callocr.o) (_malloc_r)
/Applications/ArmGNUToolchain/13.2.Rel1/arm-none-eabi/bin/../lib/gcc/arm-none-eabi/13.2.1/../../../../arm-none-eabi/lib/thumb/v6-m/nofp/libg.a(libc_a-mlock.o)
                              /Applications/ArmGNUToolchain/13.2.Rel1/arm-none-eabi/bin/../lib/gcc/arm-none-eabi/13.2.1/../../../../arm-none-eabi/lib/thumb/v6-m/nofp/libg.a(libc_a-mallocr.o) (__malloc_lock)
/Applications/ArmGNUToolchain/13.2.Rel1/arm-none-eabi/bin/../lib/gcc/arm-none-eabi/13.2.1/../../../../arm-none-eabi/lib/thumb/v6-m/nofp/libg.a(libc_a-realloc.o)
                              CMakeFiles/print.dir/Users/lucasolschansky/Pico/pico-sdk/src/rp2_common/pico_malloc/pico_malloc.c.obj (realloc)
/Applications/ArmGNUToolchain/13.2.Rel1/arm-none-eabi/bin/../lib/gcc/arm-none-eabi/13.2.1/../../../../arm-none-eabi/lib/thumb/v6-m/nofp/libg.a(libc_a-scanf.o)
                              CMakeFiles/print.dir/print.c.obj (scanf)
/Applications/ArmGNUToolchain/13.2.Rel1/arm-none-eabi/bin/../lib/gcc/arm-none-eabi/13.2.1/../../../../arm-none-eabi/lib/thumb/v6-m/nofp/libg.a(libc_a-reallocr.o)
                              /Applications/ArmGNUToolchain/13.2.Rel1/arm-none-eabi/bin/../lib/gcc/arm-none-eabi/13.2.1/../../../../arm-none-eabi/lib/thumb/v6-m/nofp/libg.a(libc_a-realloc.o) (_realloc_r)
/Applications/ArmGNUToolchain/13.2.Rel1/arm-none-eabi/bin/../lib/gcc/arm-none-eabi/13.2.1/../../../../arm-none-eabi/lib/thumb/v6-m/nofp/libg.a(libc_a-memmove.o)
                              /Applications/ArmGNUToolchain/13.2.Rel1/arm-none-eabi/bin/../lib/gcc/arm-none-eabi/13.2.1/../../../../arm-none-eabi/lib/thumb/v6-m/nofp/libg.a(libc_a-reallocr.o) (memmove)
/Applications/ArmGNUToolchain/13.2.Rel1/arm-none-eabi/bin/../lib/gcc/arm-none-eabi/13.2.1/../../../../arm-none-eabi/lib/thumb/v6-m/nofp/libg.a(libc_a-impure.o)
                              /Applications/ArmGNUToolchain/13.2.Rel1/arm-none-eabi/bin/../lib/gcc/arm-none-eabi/13.2.1/../../../../arm-none-eabi/lib/thumb/v6-m/nofp/libg.a(libc_a-calloc.o) (_impure_ptr)
/Applications/ArmGNUToolchain/13.2.Rel1/arm-none-eabi/bin/../lib/gcc/arm-none-eabi/13.2.1/../../../../arm-none-eabi/lib/thumb/v6-m/nofp/libg.a(libc_a-sbrkr.o)
                              /Applications/ArmGNUToolchain/13.2.Rel1/arm-none-eabi/bin/../lib/gcc/arm-none-eabi/13.2.1/../../../../arm-none-eabi/lib/thumb/v6-m/nofp/libg.a(libc_a-mallocr.o) (_sbrk_r)
/Applications/ArmGNUToolchain/13.2.Rel1/arm-none-eabi/bin/../lib/gcc/arm-none-eabi/13.2.1/../../../../arm-none-eabi/lib/thumb/v6-m/nofp/libg.a(libc_a-errno.o)
                              /Applications/ArmGNUToolchain/13.2.Rel1/arm-none-eabi/bin/../lib/gcc/arm-none-eabi/13.2.1/../../../../arm-none-eabi/lib/thumb/v6-m/nofp/libg.a(libc_a-callocr.o) (__errno)
/Applications/ArmGNUToolchain/13.2.Rel1/arm-none-eabi/bin/../lib/gcc/arm-none-eabi/13.2.1/../../../../arm-none-eabi/lib/thumb/v6-m/nofp/libg.a(libc_a-sysconf.o)
                              /Applications/ArmGNUToolchain/13.2.Rel1/arm-none-eabi/bin/../lib/gcc/arm-none-eabi/13.2.1/../../../../arm-none-eabi/lib/thumb/v6-m/nofp/libg.a(libc_a-mallocr.o) (sysconf)
/Applications/ArmGNUToolchain/13.2.Rel1/arm-none-eabi/bin/../lib/gcc/arm-none-eabi/13.2.1/../../../../arm-none-eabi/lib/thumb/v6-m/nofp/libg.a(libc_a-init.o)
[...]
Memory Configuration

Name             Origin             Length             Attributes
FLASH            0x10000000         0x00200000         xr
RAM              0x20000000         0x00040000         xrw
SCRATCH_X        0x20040000         0x00001000         xrw
SCRATCH_Y        0x20041000         0x00001000         xrw
*default*        0x00000000         0xffffffff

Linker script and memory map

LOAD /Applications/ArmGNUToolchain/13.2.Rel1/arm-none-eabi/bin/../lib/gcc/arm-none-eabi/13.2.1/thumb/v6-m/nofp/crti.o
LOAD /Applications/ArmGNUToolchain/13.2.Rel1/arm-none-eabi/bin/../lib/gcc/arm-none-eabi/13.2.1/thumb/v6-m/nofp/crtbegin.o
LOAD /Applications/ArmGNUToolchain/13.2.Rel1/arm-none-eabi/bin/../lib/gcc/arm-none-eabi/13.2.1/../../../../arm-none-eabi/lib/thumb/v6-m/nofp/crt0.o

.flash_begin    0x10000000        0x0
                0x10000000                        __flash_binary_start = .

.boot2          0x10000000      0x100
                0x10000000                        __boot2_start__ = .
 *(.boot2)
 .boot2         0x10000000      0x100 /var/folders/l7/cb0xcf750d14ygxsby8ykcy40000gn/T//cckb03OV.o
                0x10000100                        __boot2_end__ = .
                0x00000001                        ASSERT (((__boot2_end__ - __boot2_start__) == 0x100), ERROR: Pico second stage bootloader must be 256 bytes in size)

.text           0x10000100     0xd118
                0x10000100                        __logical_binary_start = .
 *(.vectors)
 .vectors       0x10000100       0xd4 CMakeFiles/print.dir/Users/lucasolschansky/Pico/pico-sdk/src/rp2_common/pico_standard_link/crt0.S.obj
                0x10000100                __VECTOR_TABLE
                0x10000100                __vectors
                0x100001c0                __default_isrs_start
                0x100001c0                isr_invalid
                0x100001c2                isr_nmi
                0x100001c4                isr_hardfault
                0x100001c6                isr_svcall
                0x100001c8                isr_pendsv
                0x100001ca                isr_systick
                0x100001cc                isr_irq28
                0x100001cc                isr_irq19
                0x100001cc                isr_irq0
                0x100001cc                isr_irq6
                0x100001cc                isr_irq22
                0x100001cc                isr_irq17
                0x100001cc                isr_irq14
                0x100001cc                isr_irq2
                0x100001cc                isr_irq10
                0x100001cc                isr_irq8
                0x100001cc                isr_irq24
                0x100001cc                isr_irq1
                0x100001cc                isr_irq7
                0x100001cc                isr_irq21
                0x100001cc                isr_irq20
                0x100001cc                isr_irq15
                0x100001cc                isr_irq25
                0x100001cc                isr_irq4
                0x100001cc                isr_irq16
                0x100001cc                isr_irq29
                0x100001cc                isr_irq26
                0x100001cc                __default_isrs_end
                0x100001cc                isr_irq3
                0x100001cc                isr_irq9
                0x100001cc                __unhandled_user_irq
                0x100001cc                isr_irq13
                0x100001cc                isr_irq27
                0x100001cc                isr_irq31
                0x100001cc                isr_irq5
                0x100001cc                isr_irq11
                0x100001cc                isr_irq23
                0x100001cc                isr_irq18
                0x100001cc                isr_irq30
                0x100001cc                isr_irq12
                0x100001d2                unhandled_user_irq_num_in_r0
 *(.binary_info_header)
 .binary_info_header
                0x100001d4       0x14 CMakeFiles/print.dir/Users/lucasolschansky/Pico/pico-sdk/src/rp2_common/pico_standard_link/crt0.S.obj
                0x100001e8                        __binary_info_header_end = .
 *(.reset)
 .reset         0x100001e8       0xa0 CMakeFiles/print.dir/Users/lucasolschansky/Pico/pico-sdk/src/rp2_common/pico_standard_link/crt0.S.obj
                0x100001e8                _entry_point
 .reset         0x10000288       0x30 CMakeFiles/print.dir/Users/lucasolschansky/Pico/pico-sdk/src/rp2_common/pico_standard_link/binary_info.c.obj
 *(.init)
 .init          0x100002b8        0x4 /Applications/ArmGNUToolchain/13.2.Rel1/arm-none-eabi/bin/../lib/gcc/arm-none-eabi/13.2.1/thumb/v6-m/nofp/crti.o
                0x100002b8                _init
 *(EXCLUDE_FILE(*libm.a: *libc.a:*lib_a-mem*.o *libgcc.a:) .text*)
 .text.register_tm_clones
                0x100002bc       0x28 /Applications/ArmGNUToolchain/13.2.Rel1/arm-none-eabi/bin/../lib/gcc/arm-none-eabi/13.2.1/thumb/v6-m/nofp/crtbegin.o
 .text.frame_dummy
                0x100002e4       0x24 /Applications/ArmGNUToolchain/13.2.Rel1/arm-none-eabi/bin/../lib/gcc/arm-none-eabi/13.2.1/thumb/v6-m/nofp/crtbegin.o
 .text.adc_gpio_init
                0x10000308       0x1e CMakeFiles/print.dir/print.c.obj
 *fill*         0x10000326        0x2 
 .text.main     0x10000328       0xf4 CMakeFiles/print.dir/print.c.obj
                0x10000328                main
 .text.gpio_set_function
                0x1000041c       0x30 CMakeFiles/print.dir/Users/lucasolschansky/Pico/pico-sdk/src/rp2_common/hardware_gpio/gpio.c.obj
                0x1000041c                gpio_set_function
 .text.gpio_set_pulls
                0x1000044c       0x34 CMakeFiles/print.dir/Users/lucasolschansky/Pico/pico-sdk/src/rp2_common/hardware_gpio/gpio.c.obj
                0x1000044c                gpio_set_pulls
 .text.gpio_set_input_enabled
                0x10000480       0x30 CMakeFiles/print.dir/Users/lucasolschansky/Pico/pico-sdk/src/rp2_common/hardware_gpio/gpio.c.obj
                0x10000480                gpio_set_input_enabled
 .text.gpio_init
                0x100004b0       0x16 CMakeFiles/print.dir/Users/lucasolschansky/Pico/pico-sdk/src/rp2_common/hardware_gpio/gpio.c.obj
                0x100004b0                gpio_init
 *fill*         0x100004c6        0x2 
 .text.running_on_fpga
                0x100004c8       0x14 CMakeFiles/print.dir/Users/lucasolschansky/Pico/pico-sdk/src/rp2_common/pico_platform/platform.c.obj
                0x100004c8                running_on_fpga
 .text.hw_claim_lock
                0x100004dc       0x18 CMakeFiles/print.dir/Users/lucasolschansky/Pico/pico-sdk/src/rp2_common/hardware_claim/claim.c.obj
                0x100004dc                hw_claim_lock
 .text.hw_claim_unlock
                0x100004f4       0x14 CMakeFiles/print.dir/Users/lucasolschansky/Pico/pico-sdk/src/rp2_common/hardware_claim/claim.c.obj
                0x100004f4                hw_claim_unlock
 .text.hw_claim_or_assert
                0x10000508       0x32 CMakeFiles/print.dir/Users/lucasolschansky/Pico/pico-sdk/src/rp2_common/hardware_claim/claim.c.obj
                0x10000508                hw_claim_or_assert
 .text.hw_claim_unused_from_range
                0x1000053a       0x50 CMakeFiles/print.dir/Users/lucasolschansky/Pico/pico-sdk/src/rp2_common/hardware_claim/claim.c.obj
                0x1000053a                hw_claim_unused_from_range
 *fill*         0x1000058a        0x2 
 .text.spin_locks_reset
                0x1000058c       0x20 CMakeFiles/print.dir/Users/lucasolschansky/Pico/pico-sdk/src/rp2_common/hardware_sync/sync.c.obj
                0x1000058c                spin_locks_reset
 .text.next_striped_spin_lock_num
                0x100005ac       0x1c CMakeFiles/print.dir/Users/lucasolschansky/Pico/pico-sdk/src/rp2_common/hardware_sync/sync.c.obj
                0x100005ac                next_striped_spin_lock_num
 .text.spin_lock_claim_unused
                0x100005c8       0x24 CMakeFiles/print.dir/Users/lucasolschansky/Pico/pico-sdk/src/rp2_common/hardware_sync/sync.c.obj
                0x100005c8                spin_lock_claim_unused
 .text.set_raw_irq_handler_and_unlock
                0x100005ec       0x28 CMakeFiles/print.dir/Users/lucasolschansky/Pico/pico-sdk/src/rp2_common/hardware_irq/irq.c.obj
 .text.resolve_branch
                0x10000614       0x30 CMakeFiles/print.dir/Users/lucasolschansky/Pico/pico-sdk/src/rp2_common/hardware_irq/irq.c.obj
 .text.make_branch
                0x10000644       0x48 CMakeFiles/print.dir/Users/lucasolschansky/Pico/pico-sdk/src/rp2_common/hardware_irq/irq.c.obj
 .text.insert_branch_and_link
                0x1000068c       0x40 CMakeFiles/print.dir/Users/lucasolschansky/Pico/pico-sdk/src/rp2_common/hardware_irq/irq.c.obj
 .text.irq_is_enabled
                0x100006cc       0x18 CMakeFiles/print.dir/Users/lucasolschansky/Pico/pico-sdk/src/rp2_common/hardware_irq/irq.c.obj
                0x100006cc                irq_is_enabled
 .text.irq_set_mask_enabled
                0x100006e4       0x20 CMakeFiles/print.dir/Users/lucasolschansky/Pico/pico-sdk/src/rp2_common/hardware_irq/irq.c.obj
                0x100006e4                irq_set_mask_enabled
 .text.irq_set_enabled
                0x10000704        0xe CMakeFiles/print.dir/Users/lucasolschansky/Pico/pico-sdk/src/rp2_common/hardware_irq/irq.c.obj
                0x10000704                irq_set_enabled
 *fill*         0x10000712        0x2 
 .text.irq_set_pending
                0x10000714       0x10 CMakeFiles/print.dir/Users/lucasolschansky/Pico/pico-sdk/src/rp2_common/hardware_irq/irq.c.obj
                0x10000714                irq_set_pending
 .text.irq_get_vtable_handler
                0x10000724       0x10 CMakeFiles/print.dir/Users/lucasolschansky/Pico/pico-sdk/src/rp2_common/hardware_irq/irq.c.obj
                0x10000724                irq_get_vtable_handler
 .text.irq_has_shared_handler
                0x10000734       0x24 CMakeFiles/print.dir/Users/lucasolschansky/Pico/pico-sdk/src/rp2_common/hardware_irq/irq.c.obj
                0x10000734                irq_has_shared_handler
 .text.irq_set_exclusive_handler
                0x10000758       0x54 CMakeFiles/print.dir/Users/lucasolschansky/Pico/pico-sdk/src/rp2_common/hardware_irq/irq.c.obj
                0x10000758                irq_set_exclusive_handler
 .text.irq_add_shared_handler
                0x100007ac      0x210 CMakeFiles/print.dir/Users/lucasolschansky/Pico/pico-sdk/src/rp2_common/hardware_irq/irq.c.obj
                0x100007ac                irq_add_shared_handler
 .text.irq_remove_handler
                0x100009bc      0x188 CMakeFiles/print.dir/Users/lucasolschansky/Pico/pico-sdk/src/rp2_common/hardware_irq/irq.c.obj
                0x100009bc                irq_remove_handler
 .text.irq_add_tail_to_free_list
                0x10000b44       0xf0 CMakeFiles/print.dir/Users/lucasolschansky/Pico/pico-sdk/src/rp2_common/hardware_irq/irq.c.obj
                0x10000b44                irq_add_tail_to_free_list
 .text.irq_init_priorities
                0x10000c34       0x1c CMakeFiles/print.dir/Users/lucasolschansky/Pico/pico-sdk/src/rp2_common/hardware_irq/irq.c.obj
                0x10000c34                irq_init_priorities
 .text.user_irq_claim_unused
                0x10000c50       0x2c CMakeFiles/print.dir/Users/lucasolschansky/Pico/pico-sdk/src/rp2_common/hardware_irq/irq.c.obj
                0x10000c50                user_irq_claim_unused
 .text.lock_init
                0x10000c7c       0x10 CMakeFiles/print.dir/Users/lucasolschansky/Pico/pico-sdk/src/common/pico_sync/lock_core.c.obj
                0x10000c7c                lock_init
 .text.update_us_since_boot
                0x10000c8c       0x24 CMakeFiles/print.dir/Users/lucasolschansky/Pico/pico-sdk/src/common/pico_sync/mutex.c.obj
 .text.delayed_by_ms
                0x10000cb0       0x44 CMakeFiles/print.dir/Users/lucasolschansky/Pico/pico-sdk/src/common/pico_sync/mutex.c.obj
 .text.get_absolute_time
                0x10000cf4       0x22 CMakeFiles/print.dir/Users/lucasolschansky/Pico/pico-sdk/src/common/pico_sync/mutex.c.obj
 .text.make_timeout_time_ms
                0x10000d16       0x20 CMakeFiles/print.dir/Users/lucasolschansky/Pico/pico-sdk/src/common/pico_sync/mutex.c.obj
 .text.mutex_init
                0x10000d36       0x1a CMakeFiles/print.dir/Users/lucasolschansky/Pico/pico-sdk/src/common/pico_sync/mutex.c.obj
                0x10000d36                mutex_init
 .text.recursive_mutex_init
                0x10000d50       0x1e CMakeFiles/print.dir/Users/lucasolschansky/Pico/pico-sdk/src/common/pico_sync/mutex.c.obj
                0x10000d50                recursive_mutex_init
 *fill*         0x10000d6e        0x2 
 .text.critical_section_init_with_lock_num
                0x10000d70       0x14 CMakeFiles/print.dir/Users/lucasolschansky/Pico/pico-sdk/src/common/pico_sync/critical_section.c.obj
                0x10000d70                critical_section_init_with_lock_num
 .text.critical_section_init
                0x10000d84       0x14 CMakeFiles/print.dir/Users/lucasolschansky/Pico/pico-sdk/src/common/pico_sync/critical_section.c.obj
                0x10000d84                critical_section_init
 .text.time_reached
                0x10000d98       0x28 CMakeFiles/print.dir/Users/lucasolschansky/Pico/pico-sdk/src/common/pico_time/time.c.obj
 .text.get_entry
                0x10000dc0       0x38 CMakeFiles/print.dir/Users/lucasolschansky/Pico/pico-sdk/src/common/pico_time/time.c.obj
 .text.timer_pool_entry_comparator
                0x10000df8       0x2e CMakeFiles/print.dir/Users/lucasolschansky/Pico/pico-sdk/src/common/pico_time/time.c.obj
                0x10000df8                timer_pool_entry_comparator
 *fill*         0x10000e26        0x2 
 .text.update_us_since_boot
                0x10000e28       0x24 CMakeFiles/print.dir/Users/lucasolschansky/Pico/pico-sdk/src/common/pico_time/time.c.obj
 .text.delayed_by_us
                0x10000e4c       0x34 CMakeFiles/print.dir/Users/lucasolschansky/Pico/pico-sdk/src/common/pico_time/time.c.obj
 .text.ph_get_node
                0x10000e80       0x30 CMakeFiles/print.dir/Users/lucasolschansky/Pico/pico-sdk/src/common/pico_time/time.c.obj
 .text.ph_contains_node
                0x10000eb0       0x1e CMakeFiles/print.dir/Users/lucasolschansky/Pico/pico-sdk/src/common/pico_time/time.c.obj
 .text.ph_new_node
                0x10000ece       0x28 CMakeFiles/print.dir/Users/lucasolschansky/Pico/pico-sdk/src/common/pico_time/time.c.obj
 *fill*         0x10000ef6        0x2 
 .text.ph_add_child_node
                0x10000ef8       0x6c CMakeFiles/print.dir/Users/lucasolschansky/Pico/pico-sdk/src/common/pico_time/time.c.obj
 .text.ph_merge_nodes
                0x10000f64       0x3e CMakeFiles/print.dir/Users/lucasolschansky/Pico/pico-sdk/src/common/pico_time/time.c.obj
 *fill*         0x10000fa2        0x2 
 .text.ph_insert_node
                0x10000fa4       0x3c CMakeFiles/print.dir/Users/lucasolschansky/Pico/pico-sdk/src/common/pico_time/time.c.obj
 .text.ph_free_node
                0x10000fe0       0x5c CMakeFiles/print.dir/Users/lucasolschansky/Pico/pico-sdk/src/common/pico_time/time.c.obj
 .text.get_entry_id_high
                0x1000103c       0x30 CMakeFiles/print.dir/Users/lucasolschansky/Pico/pico-sdk/src/common/pico_time/time.c.obj
 .text.alarm_pool_post_alloc_init
                0x1000106c       0x40 CMakeFiles/print.dir/Users/lucasolschansky/Pico/pico-sdk/src/common/pico_time/time.c.obj
 .text.sleep_until_callback
                0x100010ac       0x30 CMakeFiles/print.dir/Users/lucasolschansky/Pico/pico-sdk/src/common/pico_time/time.c.obj
 .text.get_absolute_time
                0x100010dc       0x22 CMakeFiles/print.dir/Users/lucasolschansky/Pico/pico-sdk/src/common/pico_time/time.c.obj
 .text.make_timeout_time_us
                0x100010fe       0x24 CMakeFiles/print.dir/Users/lucasolschansky/Pico/pico-sdk/src/common/pico_time/time.c.obj
 *fill*         0x10001122        0x2 
 .text.add_alarm_under_lock
                0x10001124       0x94 CMakeFiles/print.dir/Users/lucasolschansky/Pico/pico-sdk/src/common/pico_time/time.c.obj
 .text.alarm_pool_alarm_callback
                0x100011b8      0x210 CMakeFiles/print.dir/Users/lucasolschansky/Pico/pico-sdk/src/common/pico_time/time.c.obj
 .text.alarm_pool_init_default
                0x100013c8       0x40 CMakeFiles/print.dir/Users/lucasolschansky/Pico/pico-sdk/src/common/pico_time/time.c.obj
                0x100013c8                alarm_pool_init_default
 .text.alarm_pool_get_default
                0x10001408       0x2c CMakeFiles/print.dir/Users/lucasolschansky/Pico/pico-sdk/src/common/pico_time/time.c.obj
                0x10001408                alarm_pool_get_default
 .text.alarm_pool_add_alarm_at
                0x10001434      0x10e CMakeFiles/print.dir/Users/lucasolschansky/Pico/pico-sdk/src/common/pico_time/time.c.obj
                0x10001434                alarm_pool_add_alarm_at
 .text.add_alarm_at
                0x10001542       0x2e CMakeFiles/print.dir/Users/lucasolschansky/Pico/pico-sdk/src/common/pico_time/time.c.obj
 .text.alarm_pool_cancel_alarm
                0x10001570       0xa8 CMakeFiles/print.dir/Users/lucasolschansky/Pico/pico-sdk/src/common/pico_time/time.c.obj
                0x10001570                alarm_pool_cancel_alarm
 .text.cancel_alarm
                0x10001618       0x10 CMakeFiles/print.dir/Users/lucasolschansky/Pico/pico-sdk/src/common/pico_time/time.c.obj
 .text.alarm_pool_core_num
                0x10001628        0x4 CMakeFiles/print.dir/Users/lucasolschansky/Pico/pico-sdk/src/common/pico_time/time.c.obj
                0x10001628                alarm_pool_core_num
 .text.sleep_until
                0x1000162c       0xb0 CMakeFiles/print.dir/Users/lucasolschansky/Pico/pico-sdk/src/common/pico_time/time.c.obj
                0x1000162c                sleep_until
 .text.sleep_us
                0x100016dc       0x1a CMakeFiles/print.dir/Users/lucasolschansky/Pico/pico-sdk/src/common/pico_time/time.c.obj
                0x100016dc                sleep_us
 .text.sleep_ms
                0x100016f6       0x14 CMakeFiles/print.dir/Users/lucasolschansky/Pico/pico-sdk/src/common/pico_time/time.c.obj
                0x100016f6                sleep_ms
 *fill*         0x1000170a        0x2 
 .text.best_effort_wfe_or_timeout
                0x1000170c       0x44 CMakeFiles/print.dir/Users/lucasolschansky/Pico/pico-sdk/src/common/pico_time/time.c.obj
                0x1000170c                best_effort_wfe_or_timeout
 .text.update_us_since_boot
                0x10001750       0x24 CMakeFiles/print.dir/Users/lucasolschansky/Pico/pico-sdk/src/rp2_common/hardware_timer/timer.c.obj
 .text.hardware_alarm_irq_handler
                0x10001774       0x8c CMakeFiles/print.dir/Users/lucasolschansky/Pico/pico-sdk/src/rp2_common/hardware_timer/timer.c.obj
 .text.hardware_alarm_claim
                0x10001800       0x18 CMakeFiles/print.dir/Users/lucasolschansky/Pico/pico-sdk/src/rp2_common/hardware_timer/timer.c.obj
                0x10001800                hardware_alarm_claim
 .text.time_us_64
                0x10001818       0x18 CMakeFiles/print.dir/Users/lucasolschansky/Pico/pico-sdk/src/rp2_common/hardware_timer/timer.c.obj
                0x10001818                time_us_64
 .text.busy_wait_until
                0x10001830       0x28 CMakeFiles/print.dir/Users/lucasolschansky/Pico/pico-sdk/src/rp2_common/hardware_timer/timer.c.obj
                0x10001830                busy_wait_until
 .text.busy_wait_us
                0x10001858       0x3a CMakeFiles/print.dir/Users/lucasolschansky/Pico/pico-sdk/src/rp2_common/hardware_timer/timer.c.obj
                0x10001858                busy_wait_us
 *fill*         0x10001892        0x2 
 .text.hardware_alarm_set_callback
                0x10001894       0x90 CMakeFiles/print.dir/Users/lucasolschansky/Pico/pico-sdk/src/rp2_common/hardware_timer/timer.c.obj
                0x10001894                hardware_alarm_set_callback
 .text.hardware_alarm_set_target
                0x10001924       0xe8 CMakeFiles/print.dir/Users/lucasolschansky/Pico/pico-sdk/src/rp2_common/hardware_timer/timer.c.obj
                0x10001924                hardware_alarm_set_target
 .text.hardware_alarm_cancel
                0x10001a0c       0x40 CMakeFiles/print.dir/Users/lucasolschansky/Pico/pico-sdk/src/rp2_common/hardware_timer/timer.c.obj
                0x10001a0c                hardware_alarm_cancel
 .text.ph_get_node
                0x10001a4c       0x30 CMakeFiles/print.dir/Users/lucasolschansky/Pico/pico-sdk/src/common/pico_util/pheap.c.obj
 .text.ph_add_child_node
                0x10001a7c       0x6c CMakeFiles/print.dir/Users/lucasolschansky/Pico/pico-sdk/src/common/pico_util/pheap.c.obj
 .text.ph_merge_nodes
                0x10001ae8       0x3e CMakeFiles/print.dir/Users/lucasolschansky/Pico/pico-sdk/src/common/pico_util/pheap.c.obj
 .text.ph_clear
                0x10001b26       0x34 CMakeFiles/print.dir/Users/lucasolschansky/Pico/pico-sdk/src/common/pico_util/pheap.c.obj
                0x10001b26                ph_clear
 .text.ph_post_alloc_init
                0x10001b5a        0xe CMakeFiles/print.dir/Users/lucasolschansky/Pico/pico-sdk/src/common/pico_util/pheap.c.obj
                0x10001b5a                ph_post_alloc_init
 .text.ph_merge_two_pass
                0x10001b68       0x5c CMakeFiles/print.dir/Users/lucasolschansky/Pico/pico-sdk/src/common/pico_util/pheap.c.obj
                0x10001b68                ph_merge_two_pass
 .text.ph_remove_any_head
                0x10001bc4       0xc0 CMakeFiles/print.dir/Users/lucasolschansky/Pico/pico-sdk/src/common/pico_util/pheap.c.obj
 .text.ph_remove_head
                0x10001c84       0x14 CMakeFiles/print.dir/Users/lucasolschansky/Pico/pico-sdk/src/common/pico_util/pheap.c.obj
                0x10001c84                ph_remove_head
 .text.ph_remove_and_free_node
                0x10001c98       0xa0 CMakeFiles/print.dir/Users/lucasolschansky/Pico/pico-sdk/src/common/pico_util/pheap.c.obj
                0x10001c98                ph_remove_and_free_node
 .text.clock_configure
                0x10001d38      0x108 CMakeFiles/print.dir/Users/lucasolschansky/Pico/pico-sdk/src/rp2_common/hardware_clocks/clocks.c.obj
                0x10001d38                clock_configure
 .text.clocks_init
                0x10001e40      0x100 CMakeFiles/print.dir/Users/lucasolschansky/Pico/pico-sdk/src/rp2_common/hardware_clocks/clocks.c.obj
                0x10001e40                clocks_init
 .text.pll_init
                0x10001f40      0x120 CMakeFiles/print.dir/Users/lucasolschansky/Pico/pico-sdk/src/rp2_common/hardware_pll/pll.c.obj
                0x10001f40                pll_init
 .text.watchdog_start_tick
                0x10002060       0x10 CMakeFiles/print.dir/Users/lucasolschansky/Pico/pico-sdk/src/rp2_common/hardware_watchdog/watchdog.c.obj
                0x10002060                watchdog_start_tick
 .text.watchdog_update
                0x10002070       0x14 CMakeFiles/print.dir/Users/lucasolschansky/Pico/pico-sdk/src/rp2_common/hardware_watchdog/watchdog.c.obj
                0x10002070                watchdog_update
 .text._watchdog_enable
                0x10002084       0x78 CMakeFiles/print.dir/Users/lucasolschansky/Pico/pico-sdk/src/rp2_common/hardware_watchdog/watchdog.c.obj
                0x10002084                _watchdog_enable
 .text.watchdog_reboot
                0x100020fc       0x48 CMakeFiles/print.dir/Users/lucasolschansky/Pico/pico-sdk/src/rp2_common/hardware_watchdog/watchdog.c.obj
                0x100020fc                watchdog_reboot
 .text.xosc_init
                0x10002144       0x28 CMakeFiles/print.dir/Users/lucasolschansky/Pico/pico-sdk/src/rp2_common/hardware_xosc/xosc.c.obj
                0x10002144                xosc_init
 .text._exit    0x1000216c        0x4 CMakeFiles/print.dir/Users/lucasolschansky/Pico/pico-sdk/src/rp2_common/pico_runtime/runtime.c.obj
                0x1000216c                _exit
 .text._sbrk    0x10002170       0x38 CMakeFiles/print.dir/Users/lucasolschansky/Pico/pico-sdk/src/rp2_common/pico_runtime/runtime.c.obj
                0x10002170                _sbrk
 .text.exit     0x100021a8        0x6 CMakeFiles/print.dir/Users/lucasolschansky/Pico/pico-sdk/src/rp2_common/pico_runtime/runtime.c.obj
                0x100021a8                exit
 *fill*         0x100021ae        0x2 
 .text.__assert_func
                0x100021b0       0x38 CMakeFiles/print.dir/Users/lucasolschansky/Pico/pico-sdk/src/rp2_common/pico_runtime/runtime.c.obj
                0x100021b0                __assert_func
 .text.runtime_init
                0x100021e8       0xf8 CMakeFiles/print.dir/Users/lucasolschansky/Pico/pico-sdk/src/rp2_common/pico_runtime/runtime.c.obj
                0x100021e8                runtime_init
 .text.panic    0x100022e0       0x30 CMakeFiles/print.dir/Users/lucasolschansky/Pico/pico-sdk/src/rp2_common/pico_runtime/runtime.c.obj
                0x100022e0                panic
 .text._out_buffer
                0x10002310        0x8 CMakeFiles/print.dir/Users/lucasolschansky/Pico/pico-sdk/src/rp2_common/pico_printf/printf.c.obj
 .text._out_null
                0x10002318        0x2 CMakeFiles/print.dir/Users/lucasolschansky/Pico/pico-sdk/src/rp2_common/pico_printf/printf.c.obj
 .text._out_fct
                0x1000231a        0xe CMakeFiles/print.dir/Users/lucasolschansky/Pico/pico-sdk/src/rp2_common/pico_printf/printf.c.obj
 .text._atoi    0x10002328       0x24 CMakeFiles/print.dir/Users/lucasolschansky/Pico/pico-sdk/src/rp2_common/pico_printf/printf.c.obj
 .text._out_rev
                0x1000234c       0xae CMakeFiles/print.dir/Users/lucasolschansky/Pico/pico-sdk/src/rp2_common/pico_printf/printf.c.obj
 .text._ntoa_format
                0x100023fa      0x110 CMakeFiles/print.dir/Users/lucasolschansky/Pico/pico-sdk/src/rp2_common/pico_printf/printf.c.obj
 .text._ntoa_long
                0x1000250a       0xbc CMakeFiles/print.dir/Users/lucasolschansky/Pico/pico-sdk/src/rp2_common/pico_printf/printf.c.obj
 .text._ntoa_long_long
                0x100025c6      0x10e CMakeFiles/print.dir/Users/lucasolschansky/Pico/pico-sdk/src/rp2_common/pico_printf/printf.c.obj
 .text._etoa    0x100026d4      0x420 CMakeFiles/print.dir/Users/lucasolschansky/Pico/pico-sdk/src/rp2_common/pico_printf/printf.c.obj
 .text._ftoa    0x10002af4      0x354 CMakeFiles/print.dir/Users/lucasolschansky/Pico/pico-sdk/src/rp2_common/pico_printf/printf.c.obj
 .text._vsnprintf
                0x10002e48      0x668 CMakeFiles/print.dir/Users/lucasolschansky/Pico/pico-sdk/src/rp2_common/pico_printf/printf.c.obj
 .text.__wrap_sprintf
                0x100034b0       0x2c CMakeFiles/print.dir/Users/lucasolschansky/Pico/pico-sdk/src/rp2_common/pico_printf/printf.c.obj
                0x100034b0                __wrap_sprintf
 .text.vfctprintf
                0x100034dc       0x20 CMakeFiles/print.dir/Users/lucasolschansky/Pico/pico-sdk/src/rp2_common/pico_printf/printf.c.obj
                0x100034dc                vfctprintf
 .text          0x100034fc       0x10 CMakeFiles/print.dir/Users/lucasolschansky/Pico/pico-sdk/src/rp2_common/pico_bit_ops/bit_ops_aeabi.S.obj
 .text.rom_func_lookup
                0x1000350c       0x10 CMakeFiles/print.dir/Users/lucasolschansky/Pico/pico-sdk/src/rp2_common/pico_bootrom/bootrom.c.obj
                0x1000350c                rom_func_lookup
 .text.rom_data_lookup
                0x1000351c       0x10 CMakeFiles/print.dir/Users/lucasolschansky/Pico/pico-sdk/src/rp2_common/pico_bootrom/bootrom.c.obj
                0x1000351c                rom_data_lookup
 .text.rom_funcs_lookup
                0x1000352c       0x36 CMakeFiles/print.dir/Users/lucasolschansky/Pico/pico-sdk/src/rp2_common/pico_bootrom/bootrom.c.obj
                0x1000352c                rom_funcs_lookup
 *fill*         0x10003562        0x2 
 .text.__wrap___aeabi_idiv
                0x10003564       0x50 CMakeFiles/print.dir/Users/lucasolschansky/Pico/pico-sdk/src/rp2_common/pico_divider/divider.S.obj
                0x10003564                __wrap___aeabi_idivmod
                0x10003564                divmod_s32s32
                0x10003564                div_s32s32
                0x10003564                __wrap___aeabi_idiv
                0x1000356c                divmod_s32s32_unsafe
                0x10003598                divmod_s32s32_savestate
 .text.__wrap___aeabi_uidiv
                0x100035b4       0x4c CMakeFiles/print.dir/Users/lucasolschansky/Pico/pico-sdk/src/rp2_common/pico_divider/divider.S.obj
                0x100035b4                __wrap___aeabi_uidiv
                0x100035b4                __wrap___aeabi_uidivmod
                0x100035b4                div_u32u32
                0x100035b4                divmod_u32u32
                0x100035bc                divmod_u32u32_unsafe
                0x100035e4                divmod_u32u32_savestate
 .text.__wrap___aeabi_ldiv
                0x10003600      0x424 CMakeFiles/print.dir/Users/lucasolschansky/Pico/pico-sdk/src/rp2_common/pico_divider/divider.S.obj
                0x10003600                __wrap___aeabi_ldivmod
                0x10003600                div_s64s64
                0x10003600                divmod_s64s64
                0x10003630                divmod_u64u64
                0x10003630                div_u64u64
                0x10003630                __wrap___aeabi_uldivmod
                0x10003640                divmod_u64u64_savestate
                0x10003660                divmod_s64s64_unsafe
                0x100036e8                divmod_u64u64_unsafe
 .text.__wrap___aeabi_darithmetic
                0x10003a24       0x80 CMakeFiles/print.dir/Users/lucasolschansky/Pico/pico-sdk/src/rp2_common/pico_double/double_aeabi.S.obj
                0x10003a24                __wrap___aeabi_drsub
                0x10003a2a                __wrap___aeabi_dsub
                0x10003a3c                __wrap___aeabi_dadd
                0x10003a4e                __wrap___aeabi_ddiv
                0x10003a8a                __wrap___aeabi_dmul
 .text.__wrap___aeabi_cdcmple
                0x10003aa4       0x6c CMakeFiles/print.dir/Users/lucasolschansky/Pico/pico-sdk/src/rp2_common/pico_double/double_aeabi.S.obj
                0x10003aa4                __wrap___aeabi_cdrcmple
                0x10003ab4                __wrap___aeabi_cdcmple
                0x10003ab4                __wrap___aeabi_cdcmpeq
 .text.__wrap___aeabi_dcmpeq
                0x10003b10       0x10 CMakeFiles/print.dir/Users/lucasolschansky/Pico/pico-sdk/src/rp2_common/pico_double/double_aeabi.S.obj
                0x10003b10                __wrap___aeabi_dcmpeq
 .text.__wrap___aeabi_dcmplt
                0x10003b20        0xc CMakeFiles/print.dir/Users/lucasolschansky/Pico/pico-sdk/src/rp2_common/pico_double/double_aeabi.S.obj
                0x10003b20                __wrap___aeabi_dcmplt
 .text.__wrap___aeabi_dcmple
                0x10003b2c       0x10 CMakeFiles/print.dir/Users/lucasolschansky/Pico/pico-sdk/src/rp2_common/pico_double/double_aeabi.S.obj
                0x10003b2c                __wrap___aeabi_dcmple
 .text.__wrap___aeabi_dcmpge
                0x10003b3c       0x10 CMakeFiles/print.dir/Users/lucasolschansky/Pico/pico-sdk/src/rp2_common/pico_double/double_aeabi.S.obj
                0x10003b3c                __wrap___aeabi_dcmpge
 .text.__wrap___aeabi_dcmpgt
                0x10003b4c        0xa CMakeFiles/print.dir/Users/lucasolschansky/Pico/pico-sdk/src/rp2_common/pico_double/double_aeabi.S.obj
                0x10003b4c                __wrap___aeabi_dcmpgt
 .text.__wrap___aeabi_dcmpun
                0x10003b56       0x1c CMakeFiles/print.dir/Users/lucasolschansky/Pico/pico-sdk/src/rp2_common/pico_double/double_aeabi.S.obj
                0x10003b56                __wrap___aeabi_dcmpun
 *fill*         0x10003b72        0x2 
 .text.__wrap___aeabi_i2d
                0x10003b74       0x38 CMakeFiles/print.dir/Users/lucasolschansky/Pico/pico-sdk/src/rp2_common/pico_double/double_aeabi.S.obj
                0x10003b74                __wrap___aeabi_ui2d
                0x10003b7c                __wrap___aeabi_i2d
 .text.__wrap___aeabi_d2iz
                0x10003bac       0x48 CMakeFiles/print.dir/Users/lucasolschansky/Pico/pico-sdk/src/rp2_common/pico_double/double_aeabi.S.obj
                0x10003bac                __wrap___aeabi_d2iz
                0x10003bac                double2int_z
 .text.__wrap___aeabi_d2uiz
                0x10003bf4       0x18 CMakeFiles/print.dir/Users/lucasolschansky/Pico/pico-sdk/src/rp2_common/pico_double/double_aeabi.S.obj
                0x10003bf4                double2uint
                0x10003bf4                __wrap___aeabi_d2uiz
 .text.__wrap___aeabi_l2d
                0x10003c0c       0x18 CMakeFiles/print.dir/Users/lucasolschansky/Pico/pico-sdk/src/rp2_common/pico_double/double_aeabi.S.obj
                0x10003c0c                __wrap___aeabi_l2d
 .text.__wrap___aeabi_d2lz
                0x10003c24       0x26 CMakeFiles/print.dir/Users/lucasolschansky/Pico/pico-sdk/src/rp2_common/pico_double/double_aeabi.S.obj
                0x10003c24                __wrap___aeabi_d2lz
                0x10003c24                double2int64_z
 *fill*         0x10003c4a        0x2 
 .text.double2int64
                0x10003c4c       0x18 CMakeFiles/print.dir/Users/lucasolschansky/Pico/pico-sdk/src/rp2_common/pico_double/double_aeabi.S.obj
                0x10003c4c                double2int64
 .text.double2ufix64
                0x10003c64       0x18 CMakeFiles/print.dir/Users/lucasolschansky/Pico/pico-sdk/src/rp2_common/pico_double/double_aeabi.S.obj
                0x10003c64                double2ufix64
 .text.__wrap___aeabi_d2f
                0x10003c7c       0x18 CMakeFiles/print.dir/Users/lucasolschansky/Pico/pico-sdk/src/rp2_common/pico_double/double_aeabi.S.obj
                0x10003c7c                __wrap___aeabi_d2f
 .text.__aeabi_double_init
                0x10003c94       0xcc CMakeFiles/print.dir/Users/lucasolschansky/Pico/pico-sdk/src/rp2_common/pico_double/double_init_rom.c.obj
                0x10003c94                __aeabi_double_init
 .text.double_table_shim_on_use_helper
                0x10003d60       0x34 CMakeFiles/print.dir/Users/lucasolschansky/Pico/pico-sdk/src/rp2_common/pico_double/double_v1_rom_shim.S.obj
                0x10003d60                double_table_shim_on_use_helper
 .text.__wrap___aeabi_dsub
                0x10003d94       0x10 CMakeFiles/print.dir/Users/lucasolschansky/Pico/pico-sdk/src/rp2_common/pico_double/double_v1_rom_shim.S.obj
                0x10003d94                drsub_shim
                0x10003d9a                dsub_shim
 .text.dadd_shim
                0x10003da4      0x15c CMakeFiles/print.dir/Users/lucasolschansky/Pico/pico-sdk/src/rp2_common/pico_double/double_v1_rom_shim.S.obj
                0x10003da4                dadd_shim
 .text.dmul_shim
                0x10003f00      0x15c CMakeFiles/print.dir/Users/lucasolschansky/Pico/pico-sdk/src/rp2_common/pico_double/double_v1_rom_shim.S.obj
                0x10003f00                dmul_shim
 .text.ddiv_shim
                0x1000405c      0x1b0 CMakeFiles/print.dir/Users/lucasolschansky/Pico/pico-sdk/src/rp2_common/pico_double/double_v1_rom_shim.S.obj
                0x1000405c                ddiv_shim
 .text.double2uint_shim
                0x1000420c        0xe CMakeFiles/print.dir/Users/lucasolschansky/Pico/pico-sdk/src/rp2_common/pico_double/double_v1_rom_shim.S.obj
                0x1000420c                double2uint_shim
                0x1000420e                double2ufix_shim
 .text.double2int64_shim
                0x1000421a       0x1a CMakeFiles/print.dir/Users/lucasolschansky/Pico/pico-sdk/src/rp2_common/pico_double/double_v1_rom_shim.S.obj
                0x1000421a                double2int64_shim
                0x1000421c                double2fix64_shim
 .text.double2uint64_shim
                0x10004234       0x70 CMakeFiles/print.dir/Users/lucasolschansky/Pico/pico-sdk/src/rp2_common/pico_double/double_v1_rom_shim.S.obj
                0x10004234                double2uint64_shim
                0x10004236                double2ufix64_shim
                0x10004256                d2fix_a
 .text.double2float_shim
                0x100042a4       0x5c CMakeFiles/print.dir/Users/lucasolschansky/Pico/pico-sdk/src/rp2_common/pico_double/double_v1_rom_shim.S.obj
                0x100042a4                double2float_shim
 .text.x2double_shims
                0x10004300       0x90 CMakeFiles/print.dir/Users/lucasolschansky/Pico/pico-sdk/src/rp2_common/pico_double/double_v1_rom_shim.S.obj
                0x10004300                uint2double_shim
                0x10004302                ufix2double_shim
                0x10004308                int2double_shim
                0x1000430a                fix2double_shim
                0x10004310                uint642double_shim
                0x10004312                ufix642double_shim
                0x10004318                int642double_shim
                0x1000431a                fix642double_shim
 .text.dunpacks
                0x10004390       0x3c CMakeFiles/print.dir/Users/lucasolschansky/Pico/pico-sdk/src/rp2_common/pico_double/double_v1_rom_shim.S.obj
                0x10004390                dunpacks
 .text.__aeabi_lmul
                0x100043cc       0x32 CMakeFiles/print.dir/Users/lucasolschansky/Pico/pico-sdk/src/rp2_common/pico_int64_ops/pico_int64_ops_aeabi.S.obj
                0x100043cc                __wrap___aeabi_lmul
 *fill*         0x100043fe        0x2 
 .text.__wrap___aeabi_farithmetic
                0x10004400       0x58 CMakeFiles/print.dir/Users/lucasolschansky/Pico/pico-sdk/src/rp2_common/pico_float/float_aeabi.S.obj
                0x10004400                __wrap___aeabi_frsub
                0x10004406                __wrap___aeabi_fsub
                0x10004410                __wrap___aeabi_fadd
                0x1000441a                __wrap___aeabi_fdiv
                0x10004446                __wrap___aeabi_fmul
 .text.__wrap___aeabi_i2f
                0x10004458       0x44 CMakeFiles/print.dir/Users/lucasolschansky/Pico/pico-sdk/src/rp2_common/pico_float/float_aeabi.S.obj
                0x10004458                __wrap___aeabi_i2f
 .text.__wrap___aeabi_f2d
                0x1000449c       0x14 CMakeFiles/print.dir/Users/lucasolschansky/Pico/pico-sdk/src/rp2_common/pico_float/float_aeabi.S.obj
                0x1000449c                __wrap___aeabi_f2d
 .text.__aeabi_float_init
                0x100044b0       0xfc CMakeFiles/print.dir/Users/lucasolschansky/Pico/pico-sdk/src/rp2_common/pico_float/float_init_rom.c.obj
                0x100044b0                __aeabi_float_init
 .text.float_table_shim_on_use_helper
                0x100045ac       0x34 CMakeFiles/print.dir/Users/lucasolschansky/Pico/pico-sdk/src/rp2_common/pico_float/float_v1_rom_shim.S.obj
                0x100045ac                float_table_shim_on_use_helper
 .text.float2double_shim
                0x100045e0       0x30 CMakeFiles/print.dir/Users/lucasolschansky/Pico/pico-sdk/src/rp2_common/pico_float/float_v1_rom_shim.S.obj
                0x100045e0                float2double_shim
 .text.check_alloc
                0x10004610       0x20 CMakeFiles/print.dir/Users/lucasolschansky/Pico/pico-sdk/src/rp2_common/pico_malloc/pico_malloc.c.obj
 .text.__wrap_malloc
                0x10004630       0x14 CMakeFiles/print.dir/Users/lucasolschansky/Pico/pico-sdk/src/rp2_common/pico_malloc/pico_malloc.c.obj
                0x10004630                __wrap_malloc
 .text.__wrap_realloc
                0x10004644       0x14 CMakeFiles/print.dir/Users/lucasolschansky/Pico/pico-sdk/src/rp2_common/pico_malloc/pico_malloc.c.obj
                0x10004644                __wrap_realloc
 .text.__wrap_free
                0x10004658        0x8 CMakeFiles/print.dir/Users/lucasolschansky/Pico/pico-sdk/src/rp2_common/pico_malloc/pico_malloc.c.obj
                0x10004658                __wrap_free
 .text          0x10004660       0x10 CMakeFiles/print.dir/Users/lucasolschansky/Pico/pico-sdk/src/rp2_common/pico_mem_ops/mem_ops_aeabi.S.obj
                0x10004660                __aeabi_mem_init
 .text.memset   0x10004670        0xc CMakeFiles/print.dir/Users/lucasolschansky/Pico/pico-sdk/src/rp2_common/pico_mem_ops/mem_ops_aeabi.S.obj
                0x10004670                __wrap_memset
 .text.memcpy   0x1000467c        0xc CMakeFiles/print.dir/Users/lucasolschansky/Pico/pico-sdk/src/rp2_common/pico_mem_ops/mem_ops_aeabi.S.obj
                0x1000467c                __wrap___aeabi_memcpy
                0x1000467c                __wrap_memcpy
 .text.time_reached
                0x10004688       0x28 CMakeFiles/print.dir/Users/lucasolschansky/Pico/pico-sdk/src/rp2_common/pico_stdio/stdio.c.obj
 .text.stdio_out_chars_no_crlf
                0x100046b0        0xe CMakeFiles/print.dir/Users/lucasolschansky/Pico/pico-sdk/src/rp2_common/pico_stdio/stdio.c.obj
 *fill*         0x100046be        0x2 
 .text.stdio_out_chars_crlf
                0x100046c0       0x80 CMakeFiles/print.dir/Users/lucasolschansky/Pico/pico-sdk/src/rp2_common/pico_stdio/stdio.c.obj
 .text.stdio_stack_buffer_flush
                0x10004740       0x44 CMakeFiles/print.dir/Users/lucasolschansky/Pico/pico-sdk/src/rp2_common/pico_stdio/stdio.c.obj
 .text.stdio_buffered_printer
                0x10004784       0x20 CMakeFiles/print.dir/Users/lucasolschansky/Pico/pico-sdk/src/rp2_common/pico_stdio/stdio.c.obj
 .text.update_us_since_boot
                0x100047a4       0x24 CMakeFiles/print.dir/Users/lucasolschansky/Pico/pico-sdk/src/rp2_common/pico_stdio/stdio.c.obj
 .text.get_absolute_time
                0x100047c8       0x22 CMakeFiles/print.dir/Users/lucasolschansky/Pico/pico-sdk/src/rp2_common/pico_stdio/stdio.c.obj
 *fill*         0x100047ea        0x2 
 .text.delayed_by_ms
                0x100047ec       0x44 CMakeFiles/print.dir/Users/lucasolschansky/Pico/pico-sdk/src/rp2_common/pico_stdio/stdio.c.obj
 .text.make_timeout_time_ms
                0x10004830       0x20 CMakeFiles/print.dir/Users/lucasolschansky/Pico/pico-sdk/src/rp2_common/pico_stdio/stdio.c.obj
 .text.stdio_get_until
                0x10004850       0x64 CMakeFiles/print.dir/Users/lucasolschansky/Pico/pico-sdk/src/rp2_common/pico_stdio/stdio.c.obj
 .text.stdout_serialize_begin
                0x100048b4       0x20 CMakeFiles/print.dir/Users/lucasolschansky/Pico/pico-sdk/src/rp2_common/pico_stdio/stdio.c.obj
                0x100048b4                stdout_serialize_begin
 .text.stdout_serialize_end
                0x100048d4       0x10 CMakeFiles/print.dir/Users/lucasolschansky/Pico/pico-sdk/src/rp2_common/pico_stdio/stdio.c.obj
                0x100048d4                stdout_serialize_end
 .text.stdio_put_string
                0x100048e4       0x98 CMakeFiles/print.dir/Users/lucasolschansky/Pico/pico-sdk/src/rp2_common/pico_stdio/stdio.c.obj
 .text._read    0x1000497c       0x24 CMakeFiles/print.dir/Users/lucasolschansky/Pico/pico-sdk/src/rp2_common/pico_stdio/stdio.c.obj
                0x1000497c                _read
 .text._write   0x100049a0       0x22 CMakeFiles/print.dir/Users/lucasolschansky/Pico/pico-sdk/src/rp2_common/pico_stdio/stdio.c.obj
                0x100049a0                _write
 .text._close   0x100049c2        0x6 CMakeFiles/print.dir/Users/lucasolschansky/Pico/pico-sdk/src/rp2_common/pico_stdio/stdio.c.obj
                0x100049c2                _close
 .text._lseek   0x100049c8        0x6 CMakeFiles/print.dir/Users/lucasolschansky/Pico/pico-sdk/src/rp2_common/pico_stdio/stdio.c.obj
                0x100049c8                _lseek
 .text._fstat   0x100049ce        0x6 CMakeFiles/print.dir/Users/lucasolschansky/Pico/pico-sdk/src/rp2_common/pico_stdio/stdio.c.obj
                0x100049ce                _fstat
 .text._isatty  0x100049d4        0xc CMakeFiles/print.dir/Users/lucasolschansky/Pico/pico-sdk/src/rp2_common/pico_stdio/stdio.c.obj
                0x100049d4                _isatty
 .text.stdio_set_driver_enabled
                0x100049e0       0x2c CMakeFiles/print.dir/Users/lucasolschansky/Pico/pico-sdk/src/rp2_common/pico_stdio/stdio.c.obj
                0x100049e0                stdio_set_driver_enabled
 .text.stdio_flush
                0x10004a0c       0x20 CMakeFiles/print.dir/Users/lucasolschansky/Pico/pico-sdk/src/rp2_common/pico_stdio/stdio.c.obj
                0x10004a0c                stdio_flush
 .text.__wrap_puts
                0x10004a2c       0x1e CMakeFiles/print.dir/Users/lucasolschansky/Pico/pico-sdk/src/rp2_common/pico_stdio/stdio.c.obj
                0x10004a2c                __wrap_puts
 *fill*         0x10004a4a        0x2 
 .text.__wrap_vprintf
                0x10004a4c       0x40 CMakeFiles/print.dir/Users/lucasolschansky/Pico/pico-sdk/src/rp2_common/pico_stdio/stdio.c.obj
                0x10004a4c                __wrap_vprintf
 .text.__wrap_printf
                0x10004a8c       0x18 CMakeFiles/print.dir/Users/lucasolschansky/Pico/pico-sdk/src/rp2_common/pico_stdio/stdio.c.obj
                0x10004a8c                __wrap_printf
 .text.stdio_init_all
                0x10004aa4        0x8 CMakeFiles/print.dir/Users/lucasolschansky/Pico/pico-sdk/src/rp2_common/pico_stdio/stdio.c.obj
                0x10004aa4                stdio_init_all
 .text.resetd_init
                0x10004aac        0x2 CMakeFiles/print.dir/Users/lucasolschansky/Pico/pico-sdk/src/rp2_common/pico_stdio_usb/reset_interface.c.obj
 *fill*         0x10004aae        0x2 
 .text.resetd_reset
                0x10004ab0        0xc CMakeFiles/print.dir/Users/lucasolschansky/Pico/pico-sdk/src/rp2_common/pico_stdio_usb/reset_interface.c.obj
 .text.resetd_open
                0x10004abc       0x34 CMakeFiles/print.dir/Users/lucasolschansky/Pico/pico-sdk/src/rp2_common/pico_stdio_usb/reset_interface.c.obj
 .text.resetd_xfer_cb
                0x10004af0        0x4 CMakeFiles/print.dir/Users/lucasolschansky/Pico/pico-sdk/src/rp2_common/pico_stdio_usb/reset_interface.c.obj
 .text.reset_usb_boot
                0x10004af4       0x18 CMakeFiles/print.dir/Users/lucasolschansky/Pico/pico-sdk/src/rp2_common/pico_stdio_usb/reset_interface.c.obj
 .text.resetd_control_xfer_cb
                0x10004b0c       0x5c CMakeFiles/print.dir/Users/lucasolschansky/Pico/pico-sdk/src/rp2_common/pico_stdio_usb/reset_interface.c.obj
 .text.usbd_app_driver_get_cb
                0x10004b68        0xc CMakeFiles/print.dir/Users/lucasolschansky/Pico/pico-sdk/src/rp2_common/pico_stdio_usb/reset_interface.c.obj
                0x10004b68                usbd_app_driver_get_cb
 .text.tud_cdc_line_coding_cb
                0x10004b74       0x28 CMakeFiles/print.dir/Users/lucasolschansky/Pico/pico-sdk/src/rp2_common/pico_stdio_usb/reset_interface.c.obj
                0x10004b74                tud_cdc_line_coding_cb
 .text.stdio_usb_set_chars_available_callback
                0x10004b9c       0x14 CMakeFiles/print.dir/Users/lucasolschansky/Pico/pico-sdk/src/rp2_common/pico_stdio_usb/stdio_usb.c.obj
                0x10004b9c                stdio_usb_set_chars_available_callback
 .text.update_us_since_boot
                0x10004bb0       0x24 CMakeFiles/print.dir/Users/lucasolschansky/Pico/pico-sdk/src/rp2_common/pico_stdio_usb/stdio_usb.c.obj
 .text.get_absolute_time
                0x10004bd4       0x22 CMakeFiles/print.dir/Users/lucasolschansky/Pico/pico-sdk/src/rp2_common/pico_stdio_usb/stdio_usb.c.obj
 *fill*         0x10004bf6        0x2 
 .text.delayed_by_ms
                0x10004bf8       0x44 CMakeFiles/print.dir/Users/lucasolschansky/Pico/pico-sdk/src/rp2_common/pico_stdio_usb/stdio_usb.c.obj
 .text.make_timeout_time_ms
                0x10004c3c       0x20 CMakeFiles/print.dir/Users/lucasolschansky/Pico/pico-sdk/src/rp2_common/pico_stdio_usb/stdio_usb.c.obj
 .text.delayed_by_us
                0x10004c5c       0x34 CMakeFiles/print.dir/Users/lucasolschansky/Pico/pico-sdk/src/rp2_common/pico_stdio_usb/stdio_usb.c.obj
 .text.usb_irq  0x10004c90       0x10 CMakeFiles/print.dir/Users/lucasolschansky/Pico/pico-sdk/src/rp2_common/pico_stdio_usb/stdio_usb.c.obj
 .text.critical_section_enter_blocking
                0x10004ca0       0x16 CMakeFiles/print.dir/Users/lucasolschansky/Pico/pico-sdk/src/rp2_common/pico_stdio_usb/stdio_usb.c.obj
 *fill*         0x10004cb6        0x2 
 .text.timer_task
                0x10004cb8       0x4c CMakeFiles/print.dir/Users/lucasolschansky/Pico/pico-sdk/src/rp2_common/pico_stdio_usb/stdio_usb.c.obj
 .text.alarm_pool_add_alarm_in_us
                0x10004d04       0x3a CMakeFiles/print.dir/Users/lucasolschansky/Pico/pico-sdk/src/rp2_common/pico_stdio_usb/stdio_usb.c.obj
 .text.add_alarm_in_us
                0x10004d3e       0x2e CMakeFiles/print.dir/Users/lucasolschansky/Pico/pico-sdk/src/rp2_common/pico_stdio_usb/stdio_usb.c.obj
 .text.low_priority_worker_irq
                0x10004d6c       0x7c CMakeFiles/print.dir/Users/lucasolschansky/Pico/pico-sdk/src/rp2_common/pico_stdio_usb/stdio_usb.c.obj
 .text.tud_cdc_rx_cb
                0x10004de8       0x20 CMakeFiles/print.dir/Users/lucasolschansky/Pico/pico-sdk/src/rp2_common/pico_stdio_usb/stdio_usb.c.obj
                0x10004de8                tud_cdc_rx_cb
 .text.stdio_usb_init
                0x10004e08       0xd0 CMakeFiles/print.dir/Users/lucasolschansky/Pico/pico-sdk/src/rp2_common/pico_stdio_usb/stdio_usb.c.obj
                0x10004e08                stdio_usb_init
 .text.stdio_usb_connected
                0x10004ed8        0xa CMakeFiles/print.dir/Users/lucasolschansky/Pico/pico-sdk/src/rp2_common/pico_stdio_usb/stdio_usb.c.obj
                0x10004ed8                stdio_usb_connected
 *fill*         0x10004ee2        0x2 
 .text.stdio_usb_in_chars
                0x10004ee4       0x88 CMakeFiles/print.dir/Users/lucasolschansky/Pico/pico-sdk/src/rp2_common/pico_stdio_usb/stdio_usb.c.obj
                0x10004ee4                stdio_usb_in_chars
 .text.stdio_usb_out_chars
                0x10004f6c       0xd8 CMakeFiles/print.dir/Users/lucasolschansky/Pico/pico-sdk/src/rp2_common/pico_stdio_usb/stdio_usb.c.obj
 .text.tud_descriptor_device_cb
                0x10005044        0x8 CMakeFiles/print.dir/Users/lucasolschansky/Pico/pico-sdk/src/rp2_common/pico_stdio_usb/stdio_usb_descriptors.c.obj
                0x10005044                tud_descriptor_device_cb
 .text.tud_descriptor_configuration_cb
                0x1000504c        0x8 CMakeFiles/print.dir/Users/lucasolschansky/Pico/pico-sdk/src/rp2_common/pico_stdio_usb/stdio_usb_descriptors.c.obj
                0x1000504c                tud_descriptor_configuration_cb
 .text.tud_descriptor_string_cb
                0x10005054       0x6c CMakeFiles/print.dir/Users/lucasolschansky/Pico/pico-sdk/src/rp2_common/pico_stdio_usb/stdio_usb_descriptors.c.obj
                0x10005054                tud_descriptor_string_cb
 .text._retrieve_unique_id_on_boot
                0x100050c0       0x10 CMakeFiles/print.dir/Users/lucasolschansky/Pico/pico-sdk/src/rp2_common/pico_unique_id/unique_id.c.obj
 .text.pico_get_unique_board_id_string
                0x100050d0       0x5c CMakeFiles/print.dir/Users/lucasolschansky/Pico/pico-sdk/src/rp2_common/pico_unique_id/unique_id.c.obj
                0x100050d0                pico_get_unique_board_id_string
 .text.flash_get_unique_id
                0x1000512c       0x40 CMakeFiles/print.dir/Users/lucasolschansky/Pico/pico-sdk/src/rp2_common/hardware_flash/flash.c.obj
                0x1000512c                flash_get_unique_id
 .text.hw_endpoint_get_by_addr
                0x1000516c       0x18 CMakeFiles/print.dir/Users/lucasolschansky/Pico/pico-sdk/lib/tinyusb/src/portable/raspberrypi/rp2040/dcd_rp2040.c.obj
 .text._hw_endpoint_alloc
                0x10005184       0x70 CMakeFiles/print.dir/Users/lucasolschansky/Pico/pico-sdk/lib/tinyusb/src/portable/raspberrypi/rp2040/dcd_rp2040.c.obj
 .text.hw_endpoint_init
                0x100051f4       0x88 CMakeFiles/print.dir/Users/lucasolschansky/Pico/pico-sdk/lib/tinyusb/src/portable/raspberrypi/rp2040/dcd_rp2040.c.obj
 .text.dcd_event_sof
                0x1000527c       0x2c CMakeFiles/print.dir/Users/lucasolschansky/Pico/pico-sdk/lib/tinyusb/src/portable/raspberrypi/rp2040/dcd_rp2040.c.obj
 .text.hw_endpoint_xfer
                0x100052a8       0x14 CMakeFiles/print.dir/Users/lucasolschansky/Pico/pico-sdk/lib/tinyusb/src/portable/raspberrypi/rp2040/dcd_rp2040.c.obj
 .text.dcd_int_enable
                0x100052bc       0x2c CMakeFiles/print.dir/Users/lucasolschansky/Pico/pico-sdk/lib/tinyusb/src/portable/raspberrypi/rp2040/dcd_rp2040.c.obj
                0x100052bc                dcd_int_enable
 .text.dcd_set_address
                0x100052e8       0x2c CMakeFiles/print.dir/Users/lucasolschansky/Pico/pico-sdk/lib/tinyusb/src/portable/raspberrypi/rp2040/dcd_rp2040.c.obj
                0x100052e8                dcd_set_address
 .text.dcd_connect
                0x10005314       0x10 CMakeFiles/print.dir/Users/lucasolschansky/Pico/pico-sdk/lib/tinyusb/src/portable/raspberrypi/rp2040/dcd_rp2040.c.obj
                0x10005314                dcd_connect
 .text.dcd_init
                0x10005324       0x80 CMakeFiles/print.dir/Users/lucasolschansky/Pico/pico-sdk/lib/tinyusb/src/portable/raspberrypi/rp2040/dcd_rp2040.c.obj
                0x10005324                dcd_init
 .text.dcd_edpt0_status_complete
                0x100053a4       0x1c CMakeFiles/print.dir/Users/lucasolschansky/Pico/pico-sdk/lib/tinyusb/src/portable/raspberrypi/rp2040/dcd_rp2040.c.obj
                0x100053a4                dcd_edpt0_status_complete
 .text.dcd_edpt_open
                0x100053c0       0x40 CMakeFiles/print.dir/Users/lucasolschansky/Pico/pico-sdk/lib/tinyusb/src/portable/raspberrypi/rp2040/dcd_rp2040.c.obj
                0x100053c0                dcd_edpt_open
 .text.dcd_edpt_close_all
                0x10005400        0x8 CMakeFiles/print.dir/Users/lucasolschansky/Pico/pico-sdk/lib/tinyusb/src/portable/raspberrypi/rp2040/dcd_rp2040.c.obj
                0x10005400                dcd_edpt_close_all
 .text.dcd_edpt_xfer
                0x10005408       0x34 CMakeFiles/print.dir/Users/lucasolschansky/Pico/pico-sdk/lib/tinyusb/src/portable/raspberrypi/rp2040/dcd_rp2040.c.obj
                0x10005408                dcd_edpt_xfer
 .text.dcd_edpt_stall
                0x1000543c       0x2c CMakeFiles/print.dir/Users/lucasolschansky/Pico/pico-sdk/lib/tinyusb/src/portable/raspberrypi/rp2040/dcd_rp2040.c.obj
                0x1000543c                dcd_edpt_stall
 .text.dcd_edpt_clear_stall
                0x10005468       0x20 CMakeFiles/print.dir/Users/lucasolschansky/Pico/pico-sdk/lib/tinyusb/src/portable/raspberrypi/rp2040/dcd_rp2040.c.obj
                0x10005468                dcd_edpt_clear_stall
 .text.rp2040_usb_init
                0x10005488       0x4c CMakeFiles/print.dir/Users/lucasolschansky/Pico/pico-sdk/lib/tinyusb/src/portable/raspberrypi/rp2040/rp2040_usb.c.obj
                0x10005488                rp2040_usb_init
 .text.hw_endpoint_xfer_start
                0x100054d4       0x50 CMakeFiles/print.dir/Users/lucasolschansky/Pico/pico-sdk/lib/tinyusb/src/portable/raspberrypi/rp2040/rp2040_usb.c.obj
                0x100054d4                hw_endpoint_xfer_start
 .text.configuration_reset
                0x10005524       0x84 CMakeFiles/print.dir/Users/lucasolschansky/Pico/pico-sdk/lib/tinyusb/src/device/usbd.c.obj
 .text.critical_section_enter_blocking
                0x100055a8       0x16 CMakeFiles/print.dir/Users/lucasolschansky/Pico/pico-sdk/lib/tinyusb/src/device/usbd.c.obj
 .text.usbd_reset
                0x100055be        0xc CMakeFiles/print.dir/Users/lucasolschansky/Pico/pico-sdk/lib/tinyusb/src/device/usbd.c.obj
 .text.invoke_class_control
                0x100055ca       0x1a CMakeFiles/print.dir/Users/lucasolschansky/Pico/pico-sdk/lib/tinyusb/src/device/usbd.c.obj
 .text.process_set_config
                0x100055e4      0x178 CMakeFiles/print.dir/Users/lucasolschansky/Pico/pico-sdk/lib/tinyusb/src/device/usbd.c.obj
 .text.process_get_descriptor
                0x1000575c       0xdc CMakeFiles/print.dir/Users/lucasolschansky/Pico/pico-sdk/lib/tinyusb/src/device/usbd.c.obj
 .text.tud_mounted
                0x10005838       0x10 CMakeFiles/print.dir/Users/lucasolschansky/Pico/pico-sdk/lib/tinyusb/src/device/usbd.c.obj
                0x10005838                tud_mounted
 .text.tud_suspended
                0x10005848       0x10 CMakeFiles/print.dir/Users/lucasolschansky/Pico/pico-sdk/lib/tinyusb/src/device/usbd.c.obj
                0x10005848                tud_suspended
 .text.tud_inited
                0x10005858       0x14 CMakeFiles/print.dir/Users/lucasolschansky/Pico/pico-sdk/lib/tinyusb/src/device/usbd.c.obj
                0x10005858                tud_inited
 .text.tud_init
                0x1000586c       0xcc CMakeFiles/print.dir/Users/lucasolschansky/Pico/pico-sdk/lib/tinyusb/src/device/usbd.c.obj
                0x1000586c                tud_init
 .text.usbd_defer_func
                0x10005938       0x2a CMakeFiles/print.dir/Users/lucasolschansky/Pico/pico-sdk/lib/tinyusb/src/device/usbd.c.obj
                0x10005938                usbd_defer_func
 *fill*         0x10005962        0x2 
 .text.usbd_edpt_open
                0x10005964       0x34 CMakeFiles/print.dir/Users/lucasolschansky/Pico/pico-sdk/lib/tinyusb/src/device/usbd.c.obj
                0x10005964                usbd_edpt_open
 .text.usbd_open_edpt_pair
                0x10005998       0x62 CMakeFiles/print.dir/Users/lucasolschansky/Pico/pico-sdk/lib/tinyusb/src/device/usbd.c.obj
                0x10005998                usbd_open_edpt_pair
 *fill*         0x100059fa        0x2 
 .text.usbd_edpt_claim
                0x100059fc       0x28 CMakeFiles/print.dir/Users/lucasolschansky/Pico/pico-sdk/lib/tinyusb/src/device/usbd.c.obj
                0x100059fc                usbd_edpt_claim
 .text.usbd_edpt_release
                0x10005a24       0x28 CMakeFiles/print.dir/Users/lucasolschansky/Pico/pico-sdk/lib/tinyusb/src/device/usbd.c.obj
                0x10005a24                usbd_edpt_release
 .text.usbd_edpt_xfer
                0x10005a4c       0x78 CMakeFiles/print.dir/Users/lucasolschansky/Pico/pico-sdk/lib/tinyusb/src/device/usbd.c.obj
                0x10005a4c                usbd_edpt_xfer
 .text.usbd_edpt_stall
                0x10005ac4       0x48 CMakeFiles/print.dir/Users/lucasolschansky/Pico/pico-sdk/lib/tinyusb/src/device/usbd.c.obj
                0x10005ac4                usbd_edpt_stall
 .text.usbd_edpt_clear_stall
                0x10005b0c       0x48 CMakeFiles/print.dir/Users/lucasolschansky/Pico/pico-sdk/lib/tinyusb/src/device/usbd.c.obj
                0x10005b0c                usbd_edpt_clear_stall
 .text.usbd_edpt_stalled
                0x10005b54       0x1c CMakeFiles/print.dir/Users/lucasolschansky/Pico/pico-sdk/lib/tinyusb/src/device/usbd.c.obj
                0x10005b54                usbd_edpt_stalled
 .text.process_control_request
                0x10005b70      0x374 CMakeFiles/print.dir/Users/lucasolschansky/Pico/pico-sdk/lib/tinyusb/src/device/usbd.c.obj
 .text.tud_task_ext
                0x10005ee4      0x1a8 CMakeFiles/print.dir/Users/lucasolschansky/Pico/pico-sdk/lib/tinyusb/src/device/usbd.c.obj
                0x10005ee4                tud_task_ext
 .text._status_stage_xact
                0x1000608c       0x1a CMakeFiles/print.dir/Users/lucasolschansky/Pico/pico-sdk/lib/tinyusb/src/device/usbd_control.c.obj
 *fill*         0x100060a6        0x2 
 .text._data_stage_xact
                0x100060a8       0x58 CMakeFiles/print.dir/Users/lucasolschansky/Pico/pico-sdk/lib/tinyusb/src/device/usbd_control.c.obj
 .text.tud_control_status
                0x10006100       0x28 CMakeFiles/print.dir/Users/lucasolschansky/Pico/pico-sdk/lib/tinyusb/src/device/usbd_control.c.obj
                0x10006100                tud_control_status
 .text.tud_control_xfer
                0x10006128       0x68 CMakeFiles/print.dir/Users/lucasolschansky/Pico/pico-sdk/lib/tinyusb/src/device/usbd_control.c.obj
                0x10006128                tud_control_xfer
 .text.usbd_control_reset
                0x10006190       0x14 CMakeFiles/print.dir/Users/lucasolschansky/Pico/pico-sdk/lib/tinyusb/src/device/usbd_control.c.obj
                0x10006190                usbd_control_reset
 .text.usbd_control_set_complete_callback
                0x100061a4        0xc CMakeFiles/print.dir/Users/lucasolschansky/Pico/pico-sdk/lib/tinyusb/src/device/usbd_control.c.obj
                0x100061a4                usbd_control_set_complete_callback
 .text.usbd_control_set_request
                0x100061b0       0x1c CMakeFiles/print.dir/Users/lucasolschansky/Pico/pico-sdk/lib/tinyusb/src/device/usbd_control.c.obj
                0x100061b0                usbd_control_set_request
 .text.usbd_control_xfer_cb
                0x100061cc       0xbc CMakeFiles/print.dir/Users/lucasolschansky/Pico/pico-sdk/lib/tinyusb/src/device/usbd_control.c.obj
                0x100061cc                usbd_control_xfer_cb
 .text._prep_out_transaction
                0x10006288       0x4a CMakeFiles/print.dir/Users/lucasolschansky/Pico/pico-sdk/lib/tinyusb/src/class/cdc/cdc_device.c.obj
 *fill*         0x100062d2        0x2 
 .text.tud_cdc_n_connected
                0x100062d4       0x38 CMakeFiles/print.dir/Users/lucasolschansky/Pico/pico-sdk/lib/tinyusb/src/class/cdc/cdc_device.c.obj
                0x100062d4                tud_cdc_n_connected
 .text.tud_cdc_n_available
                0x1000630c       0x18 CMakeFiles/print.dir/Users/lucasolschansky/Pico/pico-sdk/lib/tinyusb/src/class/cdc/cdc_device.c.obj
                0x1000630c                tud_cdc_n_available
 .text.tud_cdc_n_read
                0x10006324       0x28 CMakeFiles/print.dir/Users/lucasolschansky/Pico/pico-sdk/lib/tinyusb/src/class/cdc/cdc_device.c.obj
                0x10006324                tud_cdc_n_read
 .text.tud_cdc_n_write_flush
                0x1000634c       0xb8 CMakeFiles/print.dir/Users/lucasolschansky/Pico/pico-sdk/lib/tinyusb/src/class/cdc/cdc_device.c.obj
                0x1000634c                tud_cdc_n_write_flush
 .text.tud_cdc_n_write
                0x10006404       0x38 CMakeFiles/print.dir/Users/lucasolschansky/Pico/pico-sdk/lib/tinyusb/src/class/cdc/cdc_device.c.obj
                0x10006404                tud_cdc_n_write
 .text.tud_cdc_n_write_available
                0x1000643c       0x1c CMakeFiles/print.dir/Users/lucasolschansky/Pico/pico-sdk/lib/tinyusb/src/class/cdc/cdc_device.c.obj
                0x1000643c                tud_cdc_n_write_available
 .text.cdcd_init
                0x10006458       0xbc CMakeFiles/print.dir/Users/lucasolschansky/Pico/pico-sdk/lib/tinyusb/src/class/cdc/cdc_device.c.obj
                0x10006458                cdcd_init
 .text.cdcd_reset
                0x10006514       0x44 CMakeFiles/print.dir/Users/lucasolschansky/Pico/pico-sdk/lib/tinyusb/src/class/cdc/cdc_device.c.obj
                0x10006514                cdcd_reset
 .text.cdcd_open
                0x10006558       0xc4 CMakeFiles/print.dir/Users/lucasolschansky/Pico/pico-sdk/lib/tinyusb/src/class/cdc/cdc_device.c.obj
                0x10006558                cdcd_open
 .text.cdcd_control_xfer_cb
                0x1000661c      0x134 CMakeFiles/print.dir/Users/lucasolschansky/Pico/pico-sdk/lib/tinyusb/src/class/cdc/cdc_device.c.obj
                0x1000661c                cdcd_control_xfer_cb
 .text.cdcd_xfer_cb
                0x10006750      0x130 CMakeFiles/print.dir/Users/lucasolschansky/Pico/pico-sdk/lib/tinyusb/src/class/cdc/cdc_device.c.obj
                0x10006750                cdcd_xfer_cb
 .text.tusb_init
                0x10006880        0xa CMakeFiles/print.dir/Users/lucasolschansky/Pico/pico-sdk/lib/tinyusb/src/tusb.c.obj
                0x10006880                tusb_init
 .text.tusb_inited
                0x1000688a        0xe CMakeFiles/print.dir/Users/lucasolschansky/Pico/pico-sdk/lib/tinyusb/src/tusb.c.obj
                0x1000688a                tusb_inited
 .text.tu_edpt_claim
                0x10006898       0x50 CMakeFiles/print.dir/Users/lucasolschansky/Pico/pico-sdk/lib/tinyusb/src/tusb.c.obj
                0x10006898                tu_edpt_claim
 .text.tu_edpt_release
                0x100068e8       0x38 CMakeFiles/print.dir/Users/lucasolschansky/Pico/pico-sdk/lib/tinyusb/src/tusb.c.obj
                0x100068e8                tu_edpt_release
 .text.tu_edpt_validate
                0x10006920       0x78 CMakeFiles/print.dir/Users/lucasolschansky/Pico/pico-sdk/lib/tinyusb/src/tusb.c.obj
                0x10006920                tu_edpt_validate
 .text.tu_edpt_bind_driver
                0x10006998       0x26 CMakeFiles/print.dir/Users/lucasolschansky/Pico/pico-sdk/lib/tinyusb/src/tusb.c.obj
                0x10006998                tu_edpt_bind_driver
 .text.advance_index
                0x100069be       0x1a CMakeFiles/print.dir/Users/lucasolschansky/Pico/pico-sdk/lib/tinyusb/src/common/tusb_fifo.c.obj
 .text._tu_fifo_peek
                0x100069d8       0x56 CMakeFiles/print.dir/Users/lucasolschansky/Pico/pico-sdk/lib/tinyusb/src/common/tusb_fifo.c.obj
 .text._ff_pull_const_addr
                0x10006a2e       0x4c CMakeFiles/print.dir/Users/lucasolschansky/Pico/pico-sdk/lib/tinyusb/src/common/tusb_fifo.c.obj
 .text._ff_pull_n
                0x10006a7a      0x110 CMakeFiles/print.dir/Users/lucasolschansky/Pico/pico-sdk/lib/tinyusb/src/common/tusb_fifo.c.obj
 .text._tu_fifo_peek_n
                0x10006b8a       0x6a CMakeFiles/print.dir/Users/lucasolschansky/Pico/pico-sdk/lib/tinyusb/src/common/tusb_fifo.c.obj
 .text._tu_fifo_read_n
                0x10006bf4       0x4e CMakeFiles/print.dir/Users/lucasolschansky/Pico/pico-sdk/lib/tinyusb/src/common/tusb_fifo.c.obj
 .text._ff_push_const_addr
                0x10006c42       0x40 CMakeFiles/print.dir/Users/lucasolschansky/Pico/pico-sdk/lib/tinyusb/src/common/tusb_fifo.c.obj
 .text._ff_push_n
                0x10006c82      0x10c CMakeFiles/print.dir/Users/lucasolschansky/Pico/pico-sdk/lib/tinyusb/src/common/tusb_fifo.c.obj
 .text._tu_fifo_write_n
                0x10006d8e       0xf0 CMakeFiles/print.dir/Users/lucasolschansky/Pico/pico-sdk/lib/tinyusb/src/common/tusb_fifo.c.obj
 .text.tu_fifo_config
                0x10006e7e       0x7c CMakeFiles/print.dir/Users/lucasolschansky/Pico/pico-sdk/lib/tinyusb/src/common/tusb_fifo.c.obj
                0x10006e7e                tu_fifo_config
 .text.tu_fifo_count
                0x10006efa       0x2a CMakeFiles/print.dir/Users/lucasolschansky/Pico/pico-sdk/lib/tinyusb/src/common/tusb_fifo.c.obj
                0x10006efa                tu_fifo_count
 .text.tu_fifo_empty
                0x10006f24        0xe CMakeFiles/print.dir/Users/lucasolschansky/Pico/pico-sdk/lib/tinyusb/src/common/tusb_fifo.c.obj
                0x10006f24                tu_fifo_empty
 .text.tu_fifo_full
                0x10006f32       0x28 CMakeFiles/print.dir/Users/lucasolschansky/Pico/pico-sdk/lib/tinyusb/src/common/tusb_fifo.c.obj
                0x10006f32                tu_fifo_full
 .text.tu_fifo_remaining
                0x10006f5a       0x2c CMakeFiles/print.dir/Users/lucasolschansky/Pico/pico-sdk/lib/tinyusb/src/common/tusb_fifo.c.obj
                0x10006f5a                tu_fifo_remaining
 .text.tu_fifo_read
                0x10006f86       0x42 CMakeFiles/print.dir/Users/lucasolschansky/Pico/pico-sdk/lib/tinyusb/src/common/tusb_fifo.c.obj
                0x10006f86                tu_fifo_read
 .text.tu_fifo_read_n
                0x10006fc8        0xa CMakeFiles/print.dir/Users/lucasolschansky/Pico/pico-sdk/lib/tinyusb/src/common/tusb_fifo.c.obj
                0x10006fc8                tu_fifo_read_n
 .text.tu_fifo_write
                0x10006fd2       0x64 CMakeFiles/print.dir/Users/lucasolschansky/Pico/pico-sdk/lib/tinyusb/src/common/tusb_fifo.c.obj
                0x10006fd2                tu_fifo_write
 .text.tu_fifo_write_n
                0x10007036        0xa CMakeFiles/print.dir/Users/lucasolschansky/Pico/pico-sdk/lib/tinyusb/src/common/tusb_fifo.c.obj
                0x10007036                tu_fifo_write_n
 .text.tu_fifo_clear
                0x10007040       0x3e CMakeFiles/print.dir/Users/lucasolschansky/Pico/pico-sdk/lib/tinyusb/src/common/tusb_fifo.c.obj
                0x10007040                tu_fifo_clear
 .text.tu_fifo_set_overwritable
                0x1000707e       0x46 CMakeFiles/print.dir/Users/lucasolschansky/Pico/pico-sdk/lib/tinyusb/src/common/tusb_fifo.c.obj
                0x1000707e                tu_fifo_set_overwritable
 .text.adc_init
                0x100070c4       0x34 CMakeFiles/print.dir/Users/lucasolschansky/Pico/pico-sdk/src/rp2_common/hardware_adc/adc.c.obj
                0x100070c4                adc_init
 .text._calloc_r
                0x100070f8       0xa8 /Applications/ArmGNUToolchain/13.2.Rel1/arm-none-eabi/bin/../lib/gcc/arm-none-eabi/13.2.1/../../../../arm-none-eabi/lib/thumb/v6-m/nofp/libg.a(libc_a-callocr.o)
                0x100070f8                _calloc_r
 .text.malloc   0x100071a0       0x14 /Applications/ArmGNUToolchain/13.2.Rel1/arm-none-eabi/bin/../lib/gcc/arm-none-eabi/13.2.1/../../../../arm-none-eabi/lib/thumb/v6-m/nofp/libg.a(libc_a-malloc.o)
                0x100071a0                malloc
 .text.free     0x100071b4       0x14 /Applications/ArmGNUToolchain/13.2.Rel1/arm-none-eabi/bin/../lib/gcc/arm-none-eabi/13.2.1/../../../../arm-none-eabi/lib/thumb/v6-m/nofp/libg.a(libc_a-malloc.o)
                0x100071b4                free
 .text._malloc_r
                0x100071c8      0x5c4 /Applications/ArmGNUToolchain/13.2.Rel1/arm-none-eabi/bin/../lib/gcc/arm-none-eabi/13.2.1/../../../../arm-none-eabi/lib/thumb/v6-m/nofp/libg.a(libc_a-mallocr.o)
                0x100071c8                _malloc_r
 .text.__malloc_lock
                0x1000778c       0x10 /Applications/ArmGNUToolchain/13.2.Rel1/arm-none-eabi/bin/../lib/gcc/arm-none-eabi/13.2.1/../../../../arm-none-eabi/lib/thumb/v6-m/nofp/libg.a(libc_a-mlock.o)
                0x1000778c                __malloc_lock
 .text.__malloc_unlock
                0x1000779c       0x10 /Applications/ArmGNUToolchain/13.2.Rel1/arm-none-eabi/bin/../lib/gcc/arm-none-eabi/13.2.1/../../../../arm-none-eabi/lib/thumb/v6-m/nofp/libg.a(libc_a-mlock.o)
                0x1000779c                __malloc_unlock
 .text.realloc  0x100077ac       0x18 /Applications/ArmGNUToolchain/13.2.Rel1/arm-none-eabi/bin/../lib/gcc/arm-none-eabi/13.2.1/../../../../arm-none-eabi/lib/thumb/v6-m/nofp/libg.a(libc_a-realloc.o)
                0x100077ac                realloc
 .text.scanf    0x100077c4       0x24 /Applications/ArmGNUToolchain/13.2.Rel1/arm-none-eabi/bin/../lib/gcc/arm-none-eabi/13.2.1/../../../../arm-none-eabi/lib/thumb/v6-m/nofp/libg.a(libc_a-scanf.o)
                0x100077c4                scanf
 .text._realloc_r
                0x100077e8      0x350 /Applications/ArmGNUToolchain/13.2.Rel1/arm-none-eabi/bin/../lib/gcc/arm-none-eabi/13.2.1/../../../../arm-none-eabi/lib/thumb/v6-m/nofp/libg.a(libc_a-reallocr.o)
                0x100077e8                _realloc_r
 .text.memmove  0x10007b38       0xb0 /Applications/ArmGNUToolchain/13.2.Rel1/arm-none-eabi/bin/../lib/gcc/arm-none-eabi/13.2.1/../../../../arm-none-eabi/lib/thumb/v6-m/nofp/libg.a(libc_a-memmove.o)
                0x10007b38                memmove
 .text._sbrk_r  0x10007be8       0x24 /Applications/ArmGNUToolchain/13.2.Rel1/arm-none-eabi/bin/../lib/gcc/arm-none-eabi/13.2.1/../../../../arm-none-eabi/lib/thumb/v6-m/nofp/libg.a(libc_a-sbrkr.o)
                0x10007be8                _sbrk_r
 .text.__errno  0x10007c0c        0xc /Applications/ArmGNUToolchain/13.2.Rel1/arm-none-eabi/bin/../lib/gcc/arm-none-eabi/13.2.1/../../../../arm-none-eabi/lib/thumb/v6-m/nofp/libg.a(libc_a-errno.o)
                0x10007c0c                __errno
 .text.sysconf  0x10007c18       0x1c /Applications/ArmGNUToolchain/13.2.Rel1/arm-none-eabi/bin/../lib/gcc/arm-none-eabi/13.2.1/../../../../arm-none-eabi/lib/thumb/v6-m/nofp/libg.a(libc_a-sysconf.o)
                0x10007c18                sysconf
 .text.__retarget_lock_init_recursive
                0x10007c34        0x4 /Applications/ArmGNUToolchain/13.2.Rel1/arm-none-eabi/bin/../lib/gcc/arm-none-eabi/13.2.1/../../../../arm-none-eabi/lib/thumb/v6-m/nofp/libg.a(libc_a-lock.o)
                0x10007c34                __retarget_lock_init_recursive
 .text.__retarget_lock_close_recursive
                0x10007c38        0x4 /Applications/ArmGNUToolchain/13.2.Rel1/arm-none-eabi/bin/../lib/gcc/arm-none-eabi/13.2.1/../../../../arm-none-eabi/lib/thumb/v6-m/nofp/libg.a(libc_a-lock.o)
                0x10007c38                __retarget_lock_close_recursive
 .text.__retarget_lock_acquire_recursive
                0x10007c3c        0x4 /Applications/ArmGNUToolchain/13.2.Rel1/arm-none-eabi/bin/../lib/gcc/arm-none-eabi/13.2.1/../../../../arm-none-eabi/lib/thumb/v6-m/nofp/libg.a(libc_a-lock.o)
                0x10007c3c                __retarget_lock_acquire_recursive
 .text.__retarget_lock_release_recursive
                0x10007c40        0x4 /Applications/ArmGNUToolchain/13.2.Rel1/arm-none-eabi/bin/../lib/gcc/arm-none-eabi/13.2.1/../../../../arm-none-eabi/lib/thumb/v6-m/nofp/libg.a(libc_a-lock.o)
                0x10007c40                __retarget_lock_release_recursive
 .text.strlen   0x10007c44       0x5c /Applications/ArmGNUToolchain/13.2.Rel1/arm-none-eabi/bin/../lib/gcc/arm-none-eabi/13.2.1/../../../../arm-none-eabi/lib/thumb/v6-m/nofp/libg.a(libc_a-strlen-stub.o)
                0x10007c44                strlen
 .text._malloc_trim_r
                0x10007ca0       0xb4 /Applications/ArmGNUToolchain/13.2.Rel1/arm-none-eabi/bin/../lib/gcc/arm-none-eabi/13.2.1/../../../../arm-none-eabi/lib/thumb/v6-m/nofp/libg.a(libc_a-freer.o)
                0x10007ca0                _malloc_trim_r
 .text._free_r  0x10007d54      0x1d4 /Applications/ArmGNUToolchain/13.2.Rel1/arm-none-eabi/bin/../lib/gcc/arm-none-eabi/13.2.1/../../../../arm-none-eabi/lib/thumb/v6-m/nofp/libg.a(libc_a-freer.o)
                0x10007d54                _free_r
 .text.__svfscanf_r
                0x10007f28     0x1884 /Applications/ArmGNUToolchain/13.2.Rel1/arm-none-eabi/bin/../lib/gcc/arm-none-eabi/13.2.1/../../../../arm-none-eabi/lib/thumb/v6-m/nofp/libg.a(libc_a-vfscanf.o)
                0x10007f28                __svfscanf_r
 .text._vfscanf_r
                0x100097ac       0x28 /Applications/ArmGNUToolchain/13.2.Rel1/arm-none-eabi/bin/../lib/gcc/arm-none-eabi/13.2.1/../../../../arm-none-eabi/lib/thumb/v6-m/nofp/libg.a(libc_a-vfscanf.o)
                0x100097ac                _vfscanf_r
 .text.__sccl   0x100097d4       0x80 /Applications/ArmGNUToolchain/13.2.Rel1/arm-none-eabi/bin/../lib/gcc/arm-none-eabi/13.2.1/../../../../arm-none-eabi/lib/thumb/v6-m/nofp/libg.a(libc_a-sccl.o)
                0x100097d4                __sccl
 .text.sulp     0x10009854       0x30 /Applications/ArmGNUToolchain/13.2.Rel1/arm-none-eabi/bin/../lib/gcc/arm-none-eabi/13.2.1/../../../../arm-none-eabi/lib/thumb/v6-m/nofp/libg.a(libc_a-strtod.o)
 .text._strtod_l
                0x10009884      0xeb8 /Applications/ArmGNUToolchain/13.2.Rel1/arm-none-eabi/bin/../lib/gcc/arm-none-eabi/13.2.1/../../../../arm-none-eabi/lib/thumb/v6-m/nofp/libg.a(libc_a-strtod.o)
                0x10009884                _strtod_l
 .text._strtod_r
                0x1000a73c       0x10 /Applications/ArmGNUToolchain/13.2.Rel1/arm-none-eabi/bin/../lib/gcc/arm-none-eabi/13.2.1/../../../../arm-none-eabi/lib/thumb/v6-m/nofp/libg.a(libc_a-strtod.o)
                0x1000a73c                _strtod_r
 .text._strtol_l.isra.0
                0x1000a74c      0x158 /Applications/ArmGNUToolchain/13.2.Rel1/arm-none-eabi/bin/../lib/gcc/arm-none-eabi/13.2.1/../../../../arm-none-eabi/lib/thumb/v6-m/nofp/libg.a(libc_a-strtol.o)
 .text._strtol_r
                0x1000a8a4        0x8 /Applications/ArmGNUToolchain/13.2.Rel1/arm-none-eabi/bin/../lib/gcc/arm-none-eabi/13.2.1/../../../../arm-none-eabi/lib/thumb/v6-m/nofp/libg.a(libc_a-strtol.o)
                0x1000a8a4                _strtol_r
 .text._strtoul_l.isra.0
                0x1000a8ac      0x144 /Applications/ArmGNUToolchain/13.2.Rel1/arm-none-eabi/bin/../lib/gcc/arm-none-eabi/13.2.1/../../../../arm-none-eabi/lib/thumb/v6-m/nofp/libg.a(libc_a-strtoul.o)
 .text._strtoul_r
                0x1000a9f0        0x8 /Applications/ArmGNUToolchain/13.2.Rel1/arm-none-eabi/bin/../lib/gcc/arm-none-eabi/13.2.1/../../../../arm-none-eabi/lib/thumb/v6-m/nofp/libg.a(libc_a-strtoul.o)
                0x1000a9f0                _strtoul_r
 .text.stdio_exit_handler
                0x1000a9f8       0x1c /Applications/ArmGNUToolchain/13.2.Rel1/arm-none-eabi/bin/../lib/gcc/arm-none-eabi/13.2.1/../../../../arm-none-eabi/lib/thumb/v6-m/nofp/libg.a(libc_a-findfp.o)
 .text.cleanup_stdio
                0x1000aa14       0x3c /Applications/ArmGNUToolchain/13.2.Rel1/arm-none-eabi/bin/../lib/gcc/arm-none-eabi/13.2.1/../../../../arm-none-eabi/lib/thumb/v6-m/nofp/libg.a(libc_a-findfp.o)
 .text.global_stdio_init.part.0
                0x1000aa50      0x118 /Applications/ArmGNUToolchain/13.2.Rel1/arm-none-eabi/bin/../lib/gcc/arm-none-eabi/13.2.1/../../../../arm-none-eabi/lib/thumb/v6-m/nofp/libg.a(libc_a-findfp.o)
 .text.__sinit  0x1000ab68       0x38 /Applications/ArmGNUToolchain/13.2.Rel1/arm-none-eabi/bin/../lib/gcc/arm-none-eabi/13.2.1/../../../../arm-none-eabi/lib/thumb/v6-m/nofp/libg.a(libc_a-findfp.o)
                0x1000ab68                __sinit
 .text.__sfp_lock_acquire
                0x1000aba0       0x10 /Applications/ArmGNUToolchain/13.2.Rel1/arm-none-eabi/bin/../lib/gcc/arm-none-eabi/13.2.1/../../../../arm-none-eabi/lib/thumb/v6-m/nofp/libg.a(libc_a-findfp.o)
                0x1000aba0                __sfp_lock_acquire
 .text.__sfp_lock_release
                0x1000abb0       0x10 /Applications/ArmGNUToolchain/13.2.Rel1/arm-none-eabi/bin/../lib/gcc/arm-none-eabi/13.2.1/../../../../arm-none-eabi/lib/thumb/v6-m/nofp/libg.a(libc_a-findfp.o)
                0x1000abb0                __sfp_lock_release
 .text.__submore
                0x1000abc0       0x84 /Applications/ArmGNUToolchain/13.2.Rel1/arm-none-eabi/bin/../lib/gcc/arm-none-eabi/13.2.1/../../../../arm-none-eabi/lib/thumb/v6-m/nofp/libg.a(libc_a-ungetc.o)
                0x1000abc0                __submore
 .text._ungetc_r
                0x1000ac44      0x144 /Applications/ArmGNUToolchain/13.2.Rel1/arm-none-eabi/bin/../lib/gcc/arm-none-eabi/13.2.1/../../../../arm-none-eabi/lib/thumb/v6-m/nofp/libg.a(libc_a-ungetc.o)
                0x1000ac44                _ungetc_r
 .text._fread_r
                0x1000ad88      0x1e8 /Applications/ArmGNUToolchain/13.2.Rel1/arm-none-eabi/bin/../lib/gcc/arm-none-eabi/13.2.1/../../../../arm-none-eabi/lib/thumb/v6-m/nofp/libg.a(libc_a-fread.o)
                0x1000ad88                _fread_r
 .text._fwalk_sglue
                0x1000af70       0x44 /Applications/ArmGNUToolchain/13.2.Rel1/arm-none-eabi/bin/../lib/gcc/arm-none-eabi/13.2.1/../../../../arm-none-eabi/lib/thumb/v6-m/nofp/libg.a(libc_a-fwalk.o)
                0x1000af70                _fwalk_sglue
 .text.strncmp  0x1000afb4       0x74 /Applications/ArmGNUToolchain/13.2.Rel1/arm-none-eabi/bin/../lib/gcc/arm-none-eabi/13.2.1/../../../../arm-none-eabi/lib/thumb/v6-m/nofp/libg.a(libc_a-strncmp.o)
                0x1000afb4                strncmp
 .text.stpncpy  0x1000b028       0x78 /Applications/ArmGNUToolchain/13.2.Rel1/arm-none-eabi/bin/../lib/gcc/arm-none-eabi/13.2.1/../../../../arm-none-eabi/lib/thumb/v6-m/nofp/libg.a(libc_a-stpncpy.o)
                0x1000b028                stpncpy
 .text.__locale_mb_cur_max
                0x1000b0a0       0x10 /Applications/ArmGNUToolchain/13.2.Rel1/arm-none-eabi/bin/../lib/gcc/arm-none-eabi/13.2.1/../../../../arm-none-eabi/lib/thumb/v6-m/nofp/libg.a(libc_a-locale.o)
                0x1000b0a0                __locale_mb_cur_max
 .text._localeconv_r
                0x1000b0b0        0x8 /Applications/ArmGNUToolchain/13.2.Rel1/arm-none-eabi/bin/../lib/gcc/arm-none-eabi/13.2.1/../../../../arm-none-eabi/lib/thumb/v6-m/nofp/libg.a(libc_a-localeconv.o)
                0x1000b0b0                _localeconv_r
 .text          0x1000b0b8       0x88 /Applications/ArmGNUToolchain/13.2.Rel1/arm-none-eabi/bin/../lib/gcc/arm-none-eabi/13.2.1/../../../../arm-none-eabi/lib/thumb/v6-m/nofp/libg.a(libc_a-strcmp.o)
                0x1000b0b8                strcmp
 .text._strtoll_l.isra.0
                0x1000b140      0x1a0 /Applications/ArmGNUToolchain/13.2.Rel1/arm-none-eabi/bin/../lib/gcc/arm-none-eabi/13.2.1/../../../../arm-none-eabi/lib/thumb/v6-m/nofp/libg.a(libc_a-strtoll.o)
 .text._strtoll_r
                0x1000b2e0        0x8 /Applications/ArmGNUToolchain/13.2.Rel1/arm-none-eabi/bin/../lib/gcc/arm-none-eabi/13.2.1/../../../../arm-none-eabi/lib/thumb/v6-m/nofp/libg.a(libc_a-strtoll.o)
                0x1000b2e0                _strtoll_r
 .text._strtoull_l.isra.0
                0x1000b2e8      0x1c4 /Applications/ArmGNUToolchain/13.2.Rel1/arm-none-eabi/bin/../lib/gcc/arm-none-eabi/13.2.1/../../../../arm-none-eabi/lib/thumb/v6-m/nofp/libg.a(libc_a-strtoull.o)
 .text._strtoull_r
                0x1000b4ac        0x8 /Applications/ArmGNUToolchain/13.2.Rel1/arm-none-eabi/bin/../lib/gcc/arm-none-eabi/13.2.1/../../../../arm-none-eabi/lib/thumb/v6-m/nofp/libg.a(libc_a-strtoull.o)
                0x1000b4ac                _strtoull_r
 .text._mbrtowc_r
                0x1000b4b4       0x54 /Applications/ArmGNUToolchain/13.2.Rel1/arm-none-eabi/bin/../lib/gcc/arm-none-eabi/13.2.1/../../../../arm-none-eabi/lib/thumb/v6-m/nofp/libg.a(libc_a-mbrtowc.o)
                0x1000b4b4                _mbrtowc_r
 .text.iswspace
                0x1000b508        0xc /Applications/ArmGNUToolchain/13.2.Rel1/arm-none-eabi/bin/../lib/gcc/arm-none-eabi/13.2.1/../../../../arm-none-eabi/lib/thumb/v6-m/nofp/libg.a(libc_a-iswspace.o)
                0x1000b508                iswspace
 .text.iswspace_l
                0x1000b514       0x24 /Applications/ArmGNUToolchain/13.2.Rel1/arm-none-eabi/bin/../lib/gcc/arm-none-eabi/13.2.1/../../../../arm-none-eabi/lib/thumb/v6-m/nofp/libg.a(libc_a-iswspace_l.o)
                0x1000b514                iswspace_l
 .text.nan      0x1000b538        0xc /Applications/ArmGNUToolchain/13.2.Rel1/arm-none-eabi/bin/../lib/gcc/arm-none-eabi/13.2.1/../../../../arm-none-eabi/lib/thumb/v6-m/nofp/libg.a(libm_a-s_nan.o)
                0x1000b538                nan
 .text.nanf     0x1000b544        0x8 /Applications/ArmGNUToolchain/13.2.Rel1/arm-none-eabi/bin/../lib/gcc/arm-none-eabi/13.2.1/../../../../arm-none-eabi/lib/thumb/v6-m/nofp/libg.a(libm_a-sf_nan.o)
                0x1000b544                nanf
 .text.__jp2uc  0x1000b54c      0x154 /Applications/ArmGNUToolchain/13.2.Rel1/arm-none-eabi/bin/../lib/gcc/arm-none-eabi/13.2.1/../../../../arm-none-eabi/lib/thumb/v6-m/nofp/libg.a(libc_a-jp2uc.o)
 .text._jp2uc_l
                0x1000b6a0       0x68 /Applications/ArmGNUToolchain/13.2.Rel1/arm-none-eabi/bin/../lib/gcc/arm-none-eabi/13.2.1/../../../../arm-none-eabi/lib/thumb/v6-m/nofp/libg.a(libc_a-jp2uc.o)
                0x1000b6a0                _jp2uc_l
 .text.category
                0x1000b708       0x54 /Applications/ArmGNUToolchain/13.2.Rel1/arm-none-eabi/bin/../lib/gcc/arm-none-eabi/13.2.1/../../../../arm-none-eabi/lib/thumb/v6-m/nofp/libg.a(libc_a-categories.o)
                0x1000b708                category
 .text.rshift   0x1000b75c       0xb0 /Applications/ArmGNUToolchain/13.2.Rel1/arm-none-eabi/bin/../lib/gcc/arm-none-eabi/13.2.1/../../../../arm-none-eabi/lib/thumb/v6-m/nofp/libg.a(libc_a-gdtoa-gethex.o)
 .text.__gethex
                0x1000b80c      0x5a8 /Applications/ArmGNUToolchain/13.2.Rel1/arm-none-eabi/bin/../lib/gcc/arm-none-eabi/13.2.1/../../../../arm-none-eabi/lib/thumb/v6-m/nofp/libg.a(libc_a-gdtoa-gethex.o)
                0x1000b80c                __gethex
 .text.__match  0x1000bdb4       0x2c /Applications/ArmGNUToolchain/13.2.Rel1/arm-none-eabi/bin/../lib/gcc/arm-none-eabi/13.2.1/../../../../arm-none-eabi/lib/thumb/v6-m/nofp/libg.a(libc_a-gdtoa-hexnan.o)
                0x1000bdb4                __match
 .text.__hexnan
                0x1000bde0      0x204 /Applications/ArmGNUToolchain/13.2.Rel1/arm-none-eabi/bin/../lib/gcc/arm-none-eabi/13.2.1/../../../../arm-none-eabi/lib/thumb/v6-m/nofp/libg.a(libc_a-gdtoa-hexnan.o)
                0x1000bde0                __hexnan
 .text.__ascii_mbtowc
                0x1000bfe4       0x2c /Applications/ArmGNUToolchain/13.2.Rel1/arm-none-eabi/bin/../lib/gcc/arm-none-eabi/13.2.1/../../../../arm-none-eabi/lib/thumb/v6-m/nofp/libg.a(libc_a-mbtowc_r.o)
                0x1000bfe4                __ascii_mbtowc
 .text._Balloc  0x1000c010       0x50 /Applications/ArmGNUToolchain/13.2.Rel1/arm-none-eabi/bin/../lib/gcc/arm-none-eabi/13.2.1/../../../../arm-none-eabi/lib/thumb/v6-m/nofp/libg.a(libc_a-mprec.o)
                0x1000c010                _Balloc
 .text._Bfree   0x1000c060       0x14 /Applications/ArmGNUToolchain/13.2.Rel1/arm-none-eabi/bin/../lib/gcc/arm-none-eabi/13.2.1/../../../../arm-none-eabi/lib/thumb/v6-m/nofp/libg.a(libc_a-mprec.o)
                0x1000c060                _Bfree
 .text.__multadd
                0x1000c074       0xa8 /Applications/ArmGNUToolchain/13.2.Rel1/arm-none-eabi/bin/../lib/gcc/arm-none-eabi/13.2.1/../../../../arm-none-eabi/lib/thumb/v6-m/nofp/libg.a(libc_a-mprec.o)
                0x1000c074                __multadd
 .text.__s2b    0x1000c11c       0xb0 /Applications/ArmGNUToolchain/13.2.Rel1/arm-none-eabi/bin/../lib/gcc/arm-none-eabi/13.2.1/../../../../arm-none-eabi/lib/thumb/v6-m/nofp/libg.a(libc_a-mprec.o)
                0x1000c11c                __s2b
 .text.__hi0bits
                0x1000c1cc       0x4c /Applications/ArmGNUToolchain/13.2.Rel1/arm-none-eabi/bin/../lib/gcc/arm-none-eabi/13.2.1/../../../../arm-none-eabi/lib/thumb/v6-m/nofp/libg.a(libc_a-mprec.o)
                0x1000c1cc                __hi0bits
 .text.__lo0bits
                0x1000c218       0x5c /Applications/ArmGNUToolchain/13.2.Rel1/arm-none-eabi/bin/../lib/gcc/arm-none-eabi/13.2.1/../../../../arm-none-eabi/lib/thumb/v6-m/nofp/libg.a(libc_a-mprec.o)
                0x1000c218                __lo0bits
 .text.__i2b    0x1000c274       0x60 /Applications/ArmGNUToolchain/13.2.Rel1/arm-none-eabi/bin/../lib/gcc/arm-none-eabi/13.2.1/../../../../arm-none-eabi/lib/thumb/v6-m/nofp/libg.a(libc_a-mprec.o)
                0x1000c274                __i2b
 .text.__multiply
                0x1000c2d4      0x1ac /Applications/ArmGNUToolchain/13.2.Rel1/arm-none-eabi/bin/../lib/gcc/arm-none-eabi/13.2.1/../../../../arm-none-eabi/lib/thumb/v6-m/nofp/libg.a(libc_a-mprec.o)
                0x1000c2d4                __multiply
 .text.__pow5mult
                0x1000c480       0xd0 /Applications/ArmGNUToolchain/13.2.Rel1/arm-none-eabi/bin/../lib/gcc/arm-none-eabi/13.2.1/../../../../arm-none-eabi/lib/thumb/v6-m/nofp/libg.a(libc_a-mprec.o)
                0x1000c480                __pow5mult
 .text.__lshift
                0x1000c550       0xfc /Applications/ArmGNUToolchain/13.2.Rel1/arm-none-eabi/bin/../lib/gcc/arm-none-eabi/13.2.1/../../../../arm-none-eabi/lib/thumb/v6-m/nofp/libg.a(libc_a-mprec.o)
                0x1000c550                __lshift
 .text.__mcmp   0x1000c64c       0x3c /Applications/ArmGNUToolchain/13.2.Rel1/arm-none-eabi/bin/../lib/gcc/arm-none-eabi/13.2.1/../../../../arm-none-eabi/lib/thumb/v6-m/nofp/libg.a(libc_a-mprec.o)
                0x1000c64c                __mcmp
 .text.__mdiff  0x1000c688      0x1b4 /Applications/ArmGNUToolchain/13.2.Rel1/arm-none-eabi/bin/../lib/gcc/arm-none-eabi/13.2.1/../../../../arm-none-eabi/lib/thumb/v6-m/nofp/libg.a(libc_a-mprec.o)
                0x1000c688                __mdiff
 .text.__ulp    0x1000c83c       0x40 /Applications/ArmGNUToolchain/13.2.Rel1/arm-none-eabi/bin/../lib/gcc/arm-none-eabi/13.2.1/../../../../arm-none-eabi/lib/thumb/v6-m/nofp/libg.a(libc_a-mprec.o)
                0x1000c83c                __ulp
 .text.__b2d    0x1000c87c       0xb8 /Applications/ArmGNUToolchain/13.2.Rel1/arm-none-eabi/bin/../lib/gcc/arm-none-eabi/13.2.1/../../../../arm-none-eabi/lib/thumb/v6-m/nofp/libg.a(libc_a-mprec.o)
                0x1000c87c                __b2d
 .text.__d2b    0x1000c934       0xcc /Applications/ArmGNUToolchain/13.2.Rel1/arm-none-eabi/bin/../lib/gcc/arm-none-eabi/13.2.1/../../../../arm-none-eabi/lib/thumb/v6-m/nofp/libg.a(libc_a-mprec.o)
                0x1000c934                __d2b
 .text.__ratio  0x1000ca00       0x68 /Applications/ArmGNUToolchain/13.2.Rel1/arm-none-eabi/bin/../lib/gcc/arm-none-eabi/13.2.1/../../../../arm-none-eabi/lib/thumb/v6-m/nofp/libg.a(libc_a-mprec.o)
                0x1000ca00                __ratio
 .text.__copybits
                0x1000ca68       0x40 /Applications/ArmGNUToolchain/13.2.Rel1/arm-none-eabi/bin/../lib/gcc/arm-none-eabi/13.2.1/../../../../arm-none-eabi/lib/thumb/v6-m/nofp/libg.a(libc_a-mprec.o)
                0x1000ca68                __copybits
 .text.__any_on
                0x1000caa8       0x4c /Applications/ArmGNUToolchain/13.2.Rel1/arm-none-eabi/bin/../lib/gcc/arm-none-eabi/13.2.1/../../../../arm-none-eabi/lib/thumb/v6-m/nofp/libg.a(libc_a-mprec.o)
                0x1000caa8                __any_on
 .text.lflush   0x1000caf4       0x20 /Applications/ArmGNUToolchain/13.2.Rel1/arm-none-eabi/bin/../lib/gcc/arm-none-eabi/13.2.1/../../../../arm-none-eabi/lib/thumb/v6-m/nofp/libg.a(libc_a-refill.o)
 .text.__srefill_r
                0x1000cb14      0x118 /Applications/ArmGNUToolchain/13.2.Rel1/arm-none-eabi/bin/../lib/gcc/arm-none-eabi/13.2.1/../../../../arm-none-eabi/lib/thumb/v6-m/nofp/libg.a(libc_a-refill.o)
                0x1000cb14                __srefill_r
 .text._fclose_r
                0x1000cc2c       0xd0 /Applications/ArmGNUToolchain/13.2.Rel1/arm-none-eabi/bin/../lib/gcc/arm-none-eabi/13.2.1/../../../../arm-none-eabi/lib/thumb/v6-m/nofp/libg.a(libc_a-fclose.o)
                0x1000cc2c                _fclose_r
 .text.__sflush_r
                0x1000ccfc      0x148 /Applications/ArmGNUToolchain/13.2.Rel1/arm-none-eabi/bin/../lib/gcc/arm-none-eabi/13.2.1/../../../../arm-none-eabi/lib/thumb/v6-m/nofp/libg.a(libc_a-fflush.o)
                0x1000ccfc                __sflush_r
 .text._fflush_r
                0x1000ce44       0x68 /Applications/ArmGNUToolchain/13.2.Rel1/arm-none-eabi/bin/../lib/gcc/arm-none-eabi/13.2.1/../../../../arm-none-eabi/lib/thumb/v6-m/nofp/libg.a(libc_a-fflush.o)
                0x1000ce44                _fflush_r
 .text.__sread  0x1000ceac       0x28 /Applications/ArmGNUToolchain/13.2.Rel1/arm-none-eabi/bin/../lib/gcc/arm-none-eabi/13.2.1/../../../../arm-none-eabi/lib/thumb/v6-m/nofp/libg.a(libc_a-stdio.o)
                0x1000ceac                __sread
 .text.__swrite
                0x1000ced4       0x40 /Applications/ArmGNUToolchain/13.2.Rel1/arm-none-eabi/bin/../lib/gcc/arm-none-eabi/13.2.1/../../../../arm-none-eabi/lib/thumb/v6-m/nofp/libg.a(libc_a-stdio.o)
                0x1000ced4                __swrite
 .text.__sseek  0x1000cf14       0x30 /Applications/ArmGNUToolchain/13.2.Rel1/arm-none-eabi/bin/../lib/gcc/arm-none-eabi/13.2.1/../../../../arm-none-eabi/lib/thumb/v6-m/nofp/libg.a(libc_a-stdio.o)
                0x1000cf14                __sseek
 .text.__sclose
                0x1000cf44        0xc /Applications/ArmGNUToolchain/13.2.Rel1/arm-none-eabi/bin/../lib/gcc/arm-none-eabi/13.2.1/../../../../arm-none-eabi/lib/thumb/v6-m/nofp/libg.a(libc_a-stdio.o)
                0x1000cf44                __sclose
 .text.__ascii_wctomb
                0x1000cf50       0x1c /Applications/ArmGNUToolchain/13.2.Rel1/arm-none-eabi/bin/../lib/gcc/arm-none-eabi/13.2.1/../../../../arm-none-eabi/lib/thumb/v6-m/nofp/libg.a(libc_a-wctomb_r.o)
                0x1000cf50                __ascii_wctomb
 .text._close_r
                0x1000cf6c       0x24 /Applications/ArmGNUToolchain/13.2.Rel1/arm-none-eabi/bin/../lib/gcc/arm-none-eabi/13.2.1/../../../../arm-none-eabi/lib/thumb/v6-m/nofp/libg.a(libc_a-closer.o)
                0x1000cf6c                _close_r
 .text._lseek_r
                0x1000cf90       0x28 /Applications/ArmGNUToolchain/13.2.Rel1/arm-none-eabi/bin/../lib/gcc/arm-none-eabi/13.2.1/../../../../arm-none-eabi/lib/thumb/v6-m/nofp/libg.a(libc_a-lseekr.o)
                0x1000cf90                _lseek_r
 .text._read_r  0x1000cfb8       0x28 /Applications/ArmGNUToolchain/13.2.Rel1/arm-none-eabi/bin/../lib/gcc/arm-none-eabi/13.2.1/../../../../arm-none-eabi/lib/thumb/v6-m/nofp/libg.a(libc_a-readr.o)
                0x1000cfb8                _read_r
 .text._write_r
                0x1000cfe0       0x28 /Applications/ArmGNUToolchain/13.2.Rel1/arm-none-eabi/bin/../lib/gcc/arm-none-eabi/13.2.1/../../../../arm-none-eabi/lib/thumb/v6-m/nofp/libg.a(libc_a-writer.o)
                0x1000cfe0                _write_r
 .text.__smakebuf_r
                0x1000d008       0xe0 /Applications/ArmGNUToolchain/13.2.Rel1/arm-none-eabi/bin/../lib/gcc/arm-none-eabi/13.2.1/../../../../arm-none-eabi/lib/thumb/v6-m/nofp/libg.a(libc_a-makebuf.o)
                0x1000d008                __smakebuf_r
 .text._fstat_r
                0x1000d0e8       0x28 /Applications/ArmGNUToolchain/13.2.Rel1/arm-none-eabi/bin/../lib/gcc/arm-none-eabi/13.2.1/../../../../arm-none-eabi/lib/thumb/v6-m/nofp/libg.a(libc_a-fstatr.o)
                0x1000d0e8                _fstat_r
 .text._isatty_r
                0x1000d110       0x24 /Applications/ArmGNUToolchain/13.2.Rel1/arm-none-eabi/bin/../lib/gcc/arm-none-eabi/13.2.1/../../../../arm-none-eabi/lib/thumb/v6-m/nofp/libg.a(libc_a-isattyr.o)
                0x1000d110                _isatty_r
 *(.fini)
 .fini          0x1000d134        0x4 /Applications/ArmGNUToolchain/13.2.Rel1/arm-none-eabi/bin/../lib/gcc/arm-none-eabi/13.2.1/thumb/v6-m/nofp/crti.o
                0x1000d134                _fini
 .fini.__stub   0x1000d138       0xe0 linker stubs
 *crtbegin.o(.ctors)
 *crtbegin?.o(.ctors)
 *(EXCLUDE_FILE(*crtend.o *crtend?.o) .ctors)
 *(SORT_BY_NAME(.ctors.*))
 *(.ctors)
 *crtbegin.o(.dtors)
 *crtbegin?.o(.dtors)
 *(EXCLUDE_FILE(*crtend.o *crtend?.o) .dtors)