Archive member included to satisfy reference by file (symbol)

/Applications/ArmGNUToolchain/13.2.Rel1/arm-none-eabi/bin/../lib/gcc/arm-none-eabi/13.2.1/thumb/v6-m/nofp/libgcc.a(_dvmd_tls.o)
                              CMakeFiles/uart_advanced.dir/Users/lucasolschansky/Pico/pico-sdk/src/rp2_common/pico_divider/divider.S.obj (__aeabi_idiv0)
/Applications/ArmGNUToolchain/13.2.Rel1/arm-none-eabi/bin/../lib/gcc/arm-none-eabi/13.2.1/../../../../arm-none-eabi/lib/thumb/v6-m/nofp/libg.a(libc_a-atoi.o)
                              CMakeFiles/uart_advanced.dir/uart_advanced.c.obj (atoi)
/Applications/ArmGNUToolchain/13.2.Rel1/arm-none-eabi/bin/../lib/gcc/arm-none-eabi/13.2.1/../../../../arm-none-eabi/lib/thumb/v6-m/nofp/libg.a(libc_a-calloc.o)
                              CMakeFiles/uart_advanced.dir/Users/lucasolschansky/Pico/pico-sdk/src/rp2_common/pico_malloc/pico_malloc.c.obj (calloc)
/Applications/ArmGNUToolchain/13.2.Rel1/arm-none-eabi/bin/../lib/gcc/arm-none-eabi/13.2.1/../../../../arm-none-eabi/lib/thumb/v6-m/nofp/libg.a(libc_a-callocr.o)
                              /Applications/ArmGNUToolchain/13.2.Rel1/arm-none-eabi/bin/../lib/gcc/arm-none-eabi/13.2.1/../../../../arm-none-eabi/lib/thumb/v6-m/nofp/libg.a(libc_a-calloc.o) (_calloc_r)
/Applications/ArmGNUToolchain/13.2.Rel1/arm-none-eabi/bin/../lib/gcc/arm-none-eabi/13.2.1/../../../../arm-none-eabi/lib/thumb/v6-m/nofp/libg.a(libc_a-malloc.o)
                              CMakeFiles/uart_advanced.dir/Users/lucasolschansky/Pico/pico-sdk/src/rp2_common/pico_malloc/pico_malloc.c.obj (malloc)
/Applications/ArmGNUToolchain/13.2.Rel1/arm-none-eabi/bin/../lib/gcc/arm-none-eabi/13.2.1/../../../../arm-none-eabi/lib/thumb/v6-m/nofp/libg.a(libc_a-mallocr.o)
                              /Applications/ArmGNUToolchain/13.2.Rel1/arm-none-eabi/bin/../lib/gcc/arm-none-eabi/13.2.1/../../../../arm-none-eabi/lib/thumb/v6-m/nofp/libg.a(libc_a-callocr.o) (_malloc_r)
/Applications/ArmGNUToolchain/13.2.Rel1/arm-none-eabi/bin/../lib/gcc/arm-none-eabi/13.2.1/../../../../arm-none-eabi/lib/thumb/v6-m/nofp/libg.a(libc_a-mlock.o)
                              /Applications/ArmGNUToolchain/13.2.Rel1/arm-none-eabi/bin/../lib/gcc/arm-none-eabi/13.2.1/../../../../arm-none-eabi/lib/thumb/v6-m/nofp/libg.a(libc_a-mallocr.o) (__malloc_lock)
/Applications/ArmGNUToolchain/13.2.Rel1/arm-none-eabi/bin/../lib/gcc/arm-none-eabi/13.2.1/../../../../arm-none-eabi/lib/thumb/v6-m/nofp/libg.a(libc_a-realloc.o)
                              CMakeFiles/uart_advanced.dir/Users/lucasolschansky/Pico/pico-sdk/src/rp2_common/pico_malloc/pico_malloc.c.obj (realloc)
/Applications/ArmGNUToolchain/13.2.Rel1/arm-none-eabi/bin/../lib/gcc/arm-none-eabi/13.2.1/../../../../arm-none-eabi/lib/thumb/v6-m/nofp/libg.a(libc_a-reallocr.o)
                              /Applications/ArmGNUToolchain/13.2.Rel1/arm-none-eabi/bin/../lib/gcc/arm-none-eabi/13.2.1/../../../../arm-none-eabi/lib/thumb/v6-m/nofp/libg.a(libc_a-realloc.o) (_realloc_r)
/Applications/ArmGNUToolchain/13.2.Rel1/arm-none-eabi/bin/../lib/gcc/arm-none-eabi/13.2.1/../../../../arm-none-eabi/lib/thumb/v6-m/nofp/libg.a(libc_a-strtol.o)
                              /Applications/ArmGNUToolchain/13.2.Rel1/arm-none-eabi/bin/../lib/gcc/arm-none-eabi/13.2.1/../../../../arm-none-eabi/lib/thumb/v6-m/nofp/libg.a(libc_a-atoi.o) (_strtol_r)
/Applications/ArmGNUToolchain/13.2.Rel1/arm-none-eabi/bin/../lib/gcc/arm-none-eabi/13.2.1/../../../../arm-none-eabi/lib/thumb/v6-m/nofp/libg.a(libc_a-memmove.o)
                              /Applications/ArmGNUToolchain/13.2.Rel1/arm-none-eabi/bin/../lib/gcc/arm-none-eabi/13.2.1/../../../../arm-none-eabi/lib/thumb/v6-m/nofp/libg.a(libc_a-reallocr.o) (memmove)
/Applications/ArmGNUToolchain/13.2.Rel1/arm-none-eabi/bin/../lib/gcc/arm-none-eabi/13.2.1/../../../../arm-none-eabi/lib/thumb/v6-m/nofp/libg.a(libc_a-impure.o)
                              /Applications/ArmGNUToolchain/13.2.Rel1/arm-none-eabi/bin/../lib/gcc/arm-none-eabi/13.2.1/../../../../arm-none-eabi/lib/thumb/v6-m/nofp/libg.a(libc_a-calloc.o) (_impure_ptr)
/Applications/ArmGNUToolchain/13.2.Rel1/arm-none-eabi/bin/../lib/gcc/arm-none-eabi/13.2.1/../../../../arm-none-eabi/lib/thumb/v6-m/nofp/libg.a(libc_a-sbrkr.o)
                              /Applications/ArmGNUToolchain/13.2.Rel1/arm-none-eabi/bin/../lib/gcc/arm-none-eabi/13.2.1/../../../../arm-none-eabi/lib/thumb/v6-m/nofp/libg.a(libc_a-mallocr.o) (_sbrk_r)
/Applications/ArmGNUToolchain/13.2.Rel1/arm-none-eabi/bin/../lib/gcc/arm-none-eabi/13.2.1/../../../../arm-none-eabi/lib/thumb/v6-m/nofp/libg.a(libc_a-errno.o)
                              /Applications/ArmGNUToolchain/13.2.Rel1/arm-none-eabi/bin/../lib/gcc/arm-none-eabi/13.2.1/../../../../arm-none-eabi/lib/thumb/v6-m/nofp/libg.a(libc_a-callocr.o) (__errno)
/Applications/ArmGNUToolchain/13.2.Rel1/arm-none-eabi/bin/../lib/gcc/arm-none-eabi/13.2.1/../../../../arm-none-eabi/lib/thumb/v6-m/nofp/libg.a(libc_a-sysconf.o)
[...]
Memory Configuration

Name             Origin             Length             Attributes
FLASH            0x10000000         0x00200000         xr
RAM              0x20000000         0x00040000         xrw
SCRATCH_X        0x20040000         0x00001000         xrw
SCRATCH_Y        0x20041000         0x00001000         xrw
*default*        0x00000000         0xffffffff

Linker script and memory map

LOAD /Applications/ArmGNUToolchain/13.2.Rel1/arm-none-eabi/bin/../lib/gcc/arm-none-eabi/13.2.1/thumb/v6-m/nofp/crti.o
LOAD /Applications/ArmGNUToolchain/13.2.Rel1/arm-none-eabi/bin/../lib/gcc/arm-none-eabi/13.2.1/thumb/v6-m/nofp/crtbegin.o
LOAD /Applications/ArmGNUToolchain/13.2.Rel1/arm-none-eabi/bin/../lib/gcc/arm-none-eabi/13.2.1/../../../../arm-none-eabi/lib/thumb/v6-m/nofp/crt0.o

.flash_begin    0x10000000        0x0
                0x10000000                        __flash_binary_start = .

.boot2          0x10000000      0x100
                0x10000000                        __boot2_start__ = .
 *(.boot2)
 .boot2         0x10000000      0x100 /var/folders/l7/cb0xcf750d14ygxsby8ykcy40000gn/T//ccNuhCBa.o
                0x10000100                        __boot2_end__ = .
                0x00000001                        ASSERT (((__boot2_end__ - __boot2_start__) == 0x100), ERROR: Pico second stage bootloader must be 256 bytes in size)

.text           0x10000100     0x7210
                0x10000100                        __logical_binary_start = .
 *(.vectors)
 .vectors       0x10000100       0xd4 CMakeFiles/uart_advanced.dir/Users/lucasolschansky/Pico/pico-sdk/src/rp2_common/pico_standard_link/crt0.S.obj
                0x10000100                __VECTOR_TABLE
                0x10000100                __vectors
                0x100001c0                __default_isrs_start
                0x100001c0                isr_invalid
                0x100001c2                isr_nmi
                0x100001c4                isr_hardfault
                0x100001c6                isr_svcall
                0x100001c8                isr_pendsv
                0x100001ca                isr_systick
                0x100001cc                isr_irq28
                0x100001cc                isr_irq19
                0x100001cc                isr_irq0
                0x100001cc                isr_irq6
                0x100001cc                isr_irq22
                0x100001cc                isr_irq17
                0x100001cc                isr_irq14
                0x100001cc                isr_irq2
                0x100001cc                isr_irq10
                0x100001cc                isr_irq8
                0x100001cc                isr_irq24
                0x100001cc                isr_irq1
                0x100001cc                isr_irq7
                0x100001cc                isr_irq21
                0x100001cc                isr_irq20
                0x100001cc                isr_irq15
                0x100001cc                isr_irq25
                0x100001cc                isr_irq4
                0x100001cc                isr_irq16
                0x100001cc                isr_irq29
                0x100001cc                isr_irq26
                0x100001cc                __default_isrs_end
                0x100001cc                isr_irq3
                0x100001cc                isr_irq9
                0x100001cc                __unhandled_user_irq
                0x100001cc                isr_irq13
                0x100001cc                isr_irq27
                0x100001cc                isr_irq31
                0x100001cc                isr_irq5
                0x100001cc                isr_irq11
                0x100001cc                isr_irq23
                0x100001cc                isr_irq18
                0x100001cc                isr_irq30
                0x100001cc                isr_irq12
                0x100001d2                unhandled_user_irq_num_in_r0
 *(.binary_info_header)
 .binary_info_header
                0x100001d4       0x14 CMakeFiles/uart_advanced.dir/Users/lucasolschansky/Pico/pico-sdk/src/rp2_common/pico_standard_link/crt0.S.obj
                0x100001e8                        __binary_info_header_end = .
 *(.reset)
 .reset         0x100001e8       0xa0 CMakeFiles/uart_advanced.dir/Users/lucasolschansky/Pico/pico-sdk/src/rp2_common/pico_standard_link/crt0.S.obj
                0x100001e8                _entry_point
 .reset         0x10000288       0x30 CMakeFiles/uart_advanced.dir/Users/lucasolschansky/Pico/pico-sdk/src/rp2_common/pico_standard_link/binary_info.c.obj
 *(.init)
 .init          0x100002b8        0x4 /Applications/ArmGNUToolchain/13.2.Rel1/arm-none-eabi/bin/../lib/gcc/arm-none-eabi/13.2.1/thumb/v6-m/nofp/crti.o
                0x100002b8                _init
 *(EXCLUDE_FILE(*libm.a: *libc.a:*lib_a-mem*.o *libgcc.a:) .text*)
 .text.register_tm_clones
                0x100002bc       0x28 /Applications/ArmGNUToolchain/13.2.Rel1/arm-none-eabi/bin/../lib/gcc/arm-none-eabi/13.2.1/thumb/v6-m/nofp/crtbegin.o
 .text.frame_dummy
                0x100002e4       0x24 /Applications/ArmGNUToolchain/13.2.Rel1/arm-none-eabi/bin/../lib/gcc/arm-none-eabi/13.2.1/thumb/v6-m/nofp/crtbegin.o
 .text.uart_getc
                0x10000308       0x24 CMakeFiles/uart_advanced.dir/uart_advanced.c.obj
 .text.pwm_set_chan_level
                0x1000032c       0x40 CMakeFiles/uart_advanced.dir/uart_advanced.c.obj
 .text.motor_init
                0x1000036c       0x4c CMakeFiles/uart_advanced.dir/uart_advanced.c.obj
                0x1000036c                motor_init
 .text.main     0x100003b8       0xcc CMakeFiles/uart_advanced.dir/uart_advanced.c.obj
                0x100003b8                main
 .text.motor_control
                0x10000484       0x6c CMakeFiles/uart_advanced.dir/uart_advanced.c.obj
                0x10000484                motor_control
 .text.on_uart_rx
                0x100004f0       0x5c CMakeFiles/uart_advanced.dir/uart_advanced.c.obj
                0x100004f0                on_uart_rx
 .text.gpio_set_function
                0x1000054c       0x30 CMakeFiles/uart_advanced.dir/Users/lucasolschansky/Pico/pico-sdk/src/rp2_common/hardware_gpio/gpio.c.obj
                0x1000054c                gpio_set_function
 .text.gpio_set_pulls
                0x1000057c       0x34 CMakeFiles/uart_advanced.dir/Users/lucasolschansky/Pico/pico-sdk/src/rp2_common/hardware_gpio/gpio.c.obj
                0x1000057c                gpio_set_pulls
 .text.gpio_init
                0x100005b0       0x16 CMakeFiles/uart_advanced.dir/Users/lucasolschansky/Pico/pico-sdk/src/rp2_common/hardware_gpio/gpio.c.obj
                0x100005b0                gpio_init
 *fill*         0x100005c6        0x2 
 .text.running_on_fpga
                0x100005c8       0x14 CMakeFiles/uart_advanced.dir/Users/lucasolschansky/Pico/pico-sdk/src/rp2_common/pico_platform/platform.c.obj
                0x100005c8                running_on_fpga
 .text.hw_claim_lock
                0x100005dc       0x18 CMakeFiles/uart_advanced.dir/Users/lucasolschansky/Pico/pico-sdk/src/rp2_common/hardware_claim/claim.c.obj
                0x100005dc                hw_claim_lock
 .text.hw_claim_unlock
                0x100005f4       0x14 CMakeFiles/uart_advanced.dir/Users/lucasolschansky/Pico/pico-sdk/src/rp2_common/hardware_claim/claim.c.obj
                0x100005f4                hw_claim_unlock
 .text.hw_claim_or_assert
                0x10000608       0x32 CMakeFiles/uart_advanced.dir/Users/lucasolschansky/Pico/pico-sdk/src/rp2_common/hardware_claim/claim.c.obj
                0x10000608                hw_claim_or_assert
 .text.hw_claim_unused_from_range
                0x1000063a       0x50 CMakeFiles/uart_advanced.dir/Users/lucasolschansky/Pico/pico-sdk/src/rp2_common/hardware_claim/claim.c.obj
                0x1000063a                hw_claim_unused_from_range
 *fill*         0x1000068a        0x2 
 .text.spin_locks_reset
                0x1000068c       0x20 CMakeFiles/uart_advanced.dir/Users/lucasolschansky/Pico/pico-sdk/src/rp2_common/hardware_sync/sync.c.obj
                0x1000068c                spin_locks_reset
 .text.next_striped_spin_lock_num
                0x100006ac       0x1c CMakeFiles/uart_advanced.dir/Users/lucasolschansky/Pico/pico-sdk/src/rp2_common/hardware_sync/sync.c.obj
                0x100006ac                next_striped_spin_lock_num
 .text.spin_lock_claim_unused
                0x100006c8       0x24 CMakeFiles/uart_advanced.dir/Users/lucasolschansky/Pico/pico-sdk/src/rp2_common/hardware_sync/sync.c.obj
                0x100006c8                spin_lock_claim_unused
 .text.set_raw_irq_handler_and_unlock
                0x100006ec       0x28 CMakeFiles/uart_advanced.dir/Users/lucasolschansky/Pico/pico-sdk/src/rp2_common/hardware_irq/irq.c.obj
 .text.resolve_branch
                0x10000714       0x30 CMakeFiles/uart_advanced.dir/Users/lucasolschansky/Pico/pico-sdk/src/rp2_common/hardware_irq/irq.c.obj
 .text.make_branch
                0x10000744       0x48 CMakeFiles/uart_advanced.dir/Users/lucasolschansky/Pico/pico-sdk/src/rp2_common/hardware_irq/irq.c.obj
 .text.insert_branch_and_link
                0x1000078c       0x40 CMakeFiles/uart_advanced.dir/Users/lucasolschansky/Pico/pico-sdk/src/rp2_common/hardware_irq/irq.c.obj
 .text.irq_is_enabled
                0x100007cc       0x18 CMakeFiles/uart_advanced.dir/Users/lucasolschansky/Pico/pico-sdk/src/rp2_common/hardware_irq/irq.c.obj
                0x100007cc                irq_is_enabled
 .text.irq_set_mask_enabled
                0x100007e4       0x20 CMakeFiles/uart_advanced.dir/Users/lucasolschansky/Pico/pico-sdk/src/rp2_common/hardware_irq/irq.c.obj
                0x100007e4                irq_set_mask_enabled
 .text.irq_set_enabled
                0x10000804        0xe CMakeFiles/uart_advanced.dir/Users/lucasolschansky/Pico/pico-sdk/src/rp2_common/hardware_irq/irq.c.obj
                0x10000804                irq_set_enabled
 *fill*         0x10000812        0x2 
 .text.irq_set_pending
                0x10000814       0x10 CMakeFiles/uart_advanced.dir/Users/lucasolschansky/Pico/pico-sdk/src/rp2_common/hardware_irq/irq.c.obj
                0x10000814                irq_set_pending
 .text.irq_get_vtable_handler
                0x10000824       0x10 CMakeFiles/uart_advanced.dir/Users/lucasolschansky/Pico/pico-sdk/src/rp2_common/hardware_irq/irq.c.obj
                0x10000824                irq_get_vtable_handler
 .text.irq_has_shared_handler
                0x10000834       0x24 CMakeFiles/uart_advanced.dir/Users/lucasolschansky/Pico/pico-sdk/src/rp2_common/hardware_irq/irq.c.obj
                0x10000834                irq_has_shared_handler
 .text.irq_set_exclusive_handler
                0x10000858       0x54 CMakeFiles/uart_advanced.dir/Users/lucasolschansky/Pico/pico-sdk/src/rp2_common/hardware_irq/irq.c.obj
                0x10000858                irq_set_exclusive_handler
 .text.irq_add_shared_handler
                0x100008ac      0x210 CMakeFiles/uart_advanced.dir/Users/lucasolschansky/Pico/pico-sdk/src/rp2_common/hardware_irq/irq.c.obj
                0x100008ac                irq_add_shared_handler
 .text.irq_remove_handler
                0x10000abc      0x188 CMakeFiles/uart_advanced.dir/Users/lucasolschansky/Pico/pico-sdk/src/rp2_common/hardware_irq/irq.c.obj
                0x10000abc                irq_remove_handler
 .text.irq_add_tail_to_free_list
                0x10000c44       0xf0 CMakeFiles/uart_advanced.dir/Users/lucasolschansky/Pico/pico-sdk/src/rp2_common/hardware_irq/irq.c.obj
                0x10000c44                irq_add_tail_to_free_list
 .text.irq_init_priorities
                0x10000d34       0x1c CMakeFiles/uart_advanced.dir/Users/lucasolschansky/Pico/pico-sdk/src/rp2_common/hardware_irq/irq.c.obj
                0x10000d34                irq_init_priorities
 .text.user_irq_claim_unused
                0x10000d50       0x2c CMakeFiles/uart_advanced.dir/Users/lucasolschansky/Pico/pico-sdk/src/rp2_common/hardware_irq/irq.c.obj
                0x10000d50                user_irq_claim_unused
 .text.lock_init
                0x10000d7c       0x10 CMakeFiles/uart_advanced.dir/Users/lucasolschansky/Pico/pico-sdk/src/common/pico_sync/lock_core.c.obj
                0x10000d7c                lock_init
 .text.update_us_since_boot
                0x10000d8c       0x24 CMakeFiles/uart_advanced.dir/Users/lucasolschansky/Pico/pico-sdk/src/common/pico_sync/mutex.c.obj
 .text.delayed_by_ms
                0x10000db0       0x44 CMakeFiles/uart_advanced.dir/Users/lucasolschansky/Pico/pico-sdk/src/common/pico_sync/mutex.c.obj
 .text.get_absolute_time
                0x10000df4       0x22 CMakeFiles/uart_advanced.dir/Users/lucasolschansky/Pico/pico-sdk/src/common/pico_sync/mutex.c.obj
 .text.make_timeout_time_ms
                0x10000e16       0x20 CMakeFiles/uart_advanced.dir/Users/lucasolschansky/Pico/pico-sdk/src/common/pico_sync/mutex.c.obj
 .text.mutex_init
                0x10000e36       0x1a CMakeFiles/uart_advanced.dir/Users/lucasolschansky/Pico/pico-sdk/src/common/pico_sync/mutex.c.obj
                0x10000e36                mutex_init
 .text.recursive_mutex_init
                0x10000e50       0x1e CMakeFiles/uart_advanced.dir/Users/lucasolschansky/Pico/pico-sdk/src/common/pico_sync/mutex.c.obj
                0x10000e50                recursive_mutex_init
 *fill*         0x10000e6e        0x2 
 .text.critical_section_init_with_lock_num
                0x10000e70       0x14 CMakeFiles/uart_advanced.dir/Users/lucasolschansky/Pico/pico-sdk/src/common/pico_sync/critical_section.c.obj
                0x10000e70                critical_section_init_with_lock_num
 .text.critical_section_init
                0x10000e84       0x14 CMakeFiles/uart_advanced.dir/Users/lucasolschansky/Pico/pico-sdk/src/common/pico_sync/critical_section.c.obj
                0x10000e84                critical_section_init
 .text.time_reached
                0x10000e98       0x28 CMakeFiles/uart_advanced.dir/Users/lucasolschansky/Pico/pico-sdk/src/common/pico_time/time.c.obj
 .text.get_entry
                0x10000ec0       0x38 CMakeFiles/uart_advanced.dir/Users/lucasolschansky/Pico/pico-sdk/src/common/pico_time/time.c.obj
 .text.timer_pool_entry_comparator
                0x10000ef8       0x2e CMakeFiles/uart_advanced.dir/Users/lucasolschansky/Pico/pico-sdk/src/common/pico_time/time.c.obj
                0x10000ef8                timer_pool_entry_comparator
 *fill*         0x10000f26        0x2 
 .text.update_us_since_boot
                0x10000f28       0x24 CMakeFiles/uart_advanced.dir/Users/lucasolschansky/Pico/pico-sdk/src/common/pico_time/time.c.obj
 .text.delayed_by_us
                0x10000f4c       0x34 CMakeFiles/uart_advanced.dir/Users/lucasolschansky/Pico/pico-sdk/src/common/pico_time/time.c.obj
 .text.ph_get_node
                0x10000f80       0x30 CMakeFiles/uart_advanced.dir/Users/lucasolschansky/Pico/pico-sdk/src/common/pico_time/time.c.obj
 .text.ph_contains_node
                0x10000fb0       0x1e CMakeFiles/uart_advanced.dir/Users/lucasolschansky/Pico/pico-sdk/src/common/pico_time/time.c.obj
 .text.ph_new_node
                0x10000fce       0x28 CMakeFiles/uart_advanced.dir/Users/lucasolschansky/Pico/pico-sdk/src/common/pico_time/time.c.obj
 *fill*         0x10000ff6        0x2 
 .text.ph_add_child_node
                0x10000ff8       0x6c CMakeFiles/uart_advanced.dir/Users/lucasolschansky/Pico/pico-sdk/src/common/pico_time/time.c.obj
 .text.ph_merge_nodes
                0x10001064       0x3e CMakeFiles/uart_advanced.dir/Users/lucasolschansky/Pico/pico-sdk/src/common/pico_time/time.c.obj
 *fill*         0x100010a2        0x2 
 .text.ph_insert_node
                0x100010a4       0x3c CMakeFiles/uart_advanced.dir/Users/lucasolschansky/Pico/pico-sdk/src/common/pico_time/time.c.obj
 .text.ph_free_node
                0x100010e0       0x5c CMakeFiles/uart_advanced.dir/Users/lucasolschansky/Pico/pico-sdk/src/common/pico_time/time.c.obj
 .text.get_entry_id_high
                0x1000113c       0x30 CMakeFiles/uart_advanced.dir/Users/lucasolschansky/Pico/pico-sdk/src/common/pico_time/time.c.obj
 .text.alarm_pool_post_alloc_init
                0x1000116c       0x40 CMakeFiles/uart_advanced.dir/Users/lucasolschansky/Pico/pico-sdk/src/common/pico_time/time.c.obj
 .text.sleep_until_callback
                0x100011ac       0x30 CMakeFiles/uart_advanced.dir/Users/lucasolschansky/Pico/pico-sdk/src/common/pico_time/time.c.obj
 .text.get_absolute_time
                0x100011dc       0x22 CMakeFiles/uart_advanced.dir/Users/lucasolschansky/Pico/pico-sdk/src/common/pico_time/time.c.obj
 .text.make_timeout_time_us
                0x100011fe       0x24 CMakeFiles/uart_advanced.dir/Users/lucasolschansky/Pico/pico-sdk/src/common/pico_time/time.c.obj
 *fill*         0x10001222        0x2 
 .text.add_alarm_under_lock
                0x10001224       0x94 CMakeFiles/uart_advanced.dir/Users/lucasolschansky/Pico/pico-sdk/src/common/pico_time/time.c.obj
 .text.alarm_pool_alarm_callback
                0x100012b8      0x210 CMakeFiles/uart_advanced.dir/Users/lucasolschansky/Pico/pico-sdk/src/common/pico_time/time.c.obj
 .text.alarm_pool_init_default
                0x100014c8       0x40 CMakeFiles/uart_advanced.dir/Users/lucasolschansky/Pico/pico-sdk/src/common/pico_time/time.c.obj
                0x100014c8                alarm_pool_init_default
 .text.alarm_pool_get_default
                0x10001508       0x2c CMakeFiles/uart_advanced.dir/Users/lucasolschansky/Pico/pico-sdk/src/common/pico_time/time.c.obj
                0x10001508                alarm_pool_get_default
 .text.alarm_pool_add_alarm_at
                0x10001534      0x10e CMakeFiles/uart_advanced.dir/Users/lucasolschansky/Pico/pico-sdk/src/common/pico_time/time.c.obj
                0x10001534                alarm_pool_add_alarm_at
 .text.add_alarm_at
                0x10001642       0x2e CMakeFiles/uart_advanced.dir/Users/lucasolschansky/Pico/pico-sdk/src/common/pico_time/time.c.obj
 .text.alarm_pool_cancel_alarm
                0x10001670       0xa8 CMakeFiles/uart_advanced.dir/Users/lucasolschansky/Pico/pico-sdk/src/common/pico_time/time.c.obj
                0x10001670                alarm_pool_cancel_alarm
 .text.cancel_alarm
                0x10001718       0x10 CMakeFiles/uart_advanced.dir/Users/lucasolschansky/Pico/pico-sdk/src/common/pico_time/time.c.obj
 .text.alarm_pool_core_num
                0x10001728        0x4 CMakeFiles/uart_advanced.dir/Users/lucasolschansky/Pico/pico-sdk/src/common/pico_time/time.c.obj
                0x10001728                alarm_pool_core_num
 .text.sleep_until
                0x1000172c       0xb0 CMakeFiles/uart_advanced.dir/Users/lucasolschansky/Pico/pico-sdk/src/common/pico_time/time.c.obj
                0x1000172c                sleep_until
 .text.sleep_us
                0x100017dc       0x1a CMakeFiles/uart_advanced.dir/Users/lucasolschansky/Pico/pico-sdk/src/common/pico_time/time.c.obj
                0x100017dc                sleep_us
 .text.sleep_ms
                0x100017f6       0x14 CMakeFiles/uart_advanced.dir/Users/lucasolschansky/Pico/pico-sdk/src/common/pico_time/time.c.obj
                0x100017f6                sleep_ms
 *fill*         0x1000180a        0x2 
 .text.best_effort_wfe_or_timeout
                0x1000180c       0x44 CMakeFiles/uart_advanced.dir/Users/lucasolschansky/Pico/pico-sdk/src/common/pico_time/time.c.obj
                0x1000180c                best_effort_wfe_or_timeout
 .text.update_us_since_boot
                0x10001850       0x24 CMakeFiles/uart_advanced.dir/Users/lucasolschansky/Pico/pico-sdk/src/rp2_common/hardware_timer/timer.c.obj
 .text.hardware_alarm_irq_handler
                0x10001874       0x8c CMakeFiles/uart_advanced.dir/Users/lucasolschansky/Pico/pico-sdk/src/rp2_common/hardware_timer/timer.c.obj
 .text.hardware_alarm_claim
                0x10001900       0x18 CMakeFiles/uart_advanced.dir/Users/lucasolschansky/Pico/pico-sdk/src/rp2_common/hardware_timer/timer.c.obj
                0x10001900                hardware_alarm_claim
 .text.time_us_64
                0x10001918       0x18 CMakeFiles/uart_advanced.dir/Users/lucasolschansky/Pico/pico-sdk/src/rp2_common/hardware_timer/timer.c.obj
                0x10001918                time_us_64
 .text.busy_wait_until
                0x10001930       0x28 CMakeFiles/uart_advanced.dir/Users/lucasolschansky/Pico/pico-sdk/src/rp2_common/hardware_timer/timer.c.obj
                0x10001930                busy_wait_until
 .text.busy_wait_us
                0x10001958       0x3a CMakeFiles/uart_advanced.dir/Users/lucasolschansky/Pico/pico-sdk/src/rp2_common/hardware_timer/timer.c.obj
                0x10001958                busy_wait_us
 *fill*         0x10001992        0x2 
 .text.hardware_alarm_set_callback
                0x10001994       0x90 CMakeFiles/uart_advanced.dir/Users/lucasolschansky/Pico/pico-sdk/src/rp2_common/hardware_timer/timer.c.obj
                0x10001994                hardware_alarm_set_callback
 .text.hardware_alarm_set_target
                0x10001a24       0xe8 CMakeFiles/uart_advanced.dir/Users/lucasolschansky/Pico/pico-sdk/src/rp2_common/hardware_timer/timer.c.obj
                0x10001a24                hardware_alarm_set_target
 .text.hardware_alarm_cancel
                0x10001b0c       0x40 CMakeFiles/uart_advanced.dir/Users/lucasolschansky/Pico/pico-sdk/src/rp2_common/hardware_timer/timer.c.obj
                0x10001b0c                hardware_alarm_cancel
 .text.ph_get_node
                0x10001b4c       0x30 CMakeFiles/uart_advanced.dir/Users/lucasolschansky/Pico/pico-sdk/src/common/pico_util/pheap.c.obj
 .text.ph_add_child_node
                0x10001b7c       0x6c CMakeFiles/uart_advanced.dir/Users/lucasolschansky/Pico/pico-sdk/src/common/pico_util/pheap.c.obj
 .text.ph_merge_nodes
                0x10001be8       0x3e CMakeFiles/uart_advanced.dir/Users/lucasolschansky/Pico/pico-sdk/src/common/pico_util/pheap.c.obj
 .text.ph_clear
                0x10001c26       0x34 CMakeFiles/uart_advanced.dir/Users/lucasolschansky/Pico/pico-sdk/src/common/pico_util/pheap.c.obj
                0x10001c26                ph_clear
 .text.ph_post_alloc_init
                0x10001c5a        0xe CMakeFiles/uart_advanced.dir/Users/lucasolschansky/Pico/pico-sdk/src/common/pico_util/pheap.c.obj
                0x10001c5a                ph_post_alloc_init
 .text.ph_merge_two_pass
                0x10001c68       0x5c CMakeFiles/uart_advanced.dir/Users/lucasolschansky/Pico/pico-sdk/src/common/pico_util/pheap.c.obj
                0x10001c68                ph_merge_two_pass
 .text.ph_remove_any_head
                0x10001cc4       0xc0 CMakeFiles/uart_advanced.dir/Users/lucasolschansky/Pico/pico-sdk/src/common/pico_util/pheap.c.obj
 .text.ph_remove_head
                0x10001d84       0x14 CMakeFiles/uart_advanced.dir/Users/lucasolschansky/Pico/pico-sdk/src/common/pico_util/pheap.c.obj
                0x10001d84                ph_remove_head
 .text.ph_remove_and_free_node
                0x10001d98       0xa0 CMakeFiles/uart_advanced.dir/Users/lucasolschansky/Pico/pico-sdk/src/common/pico_util/pheap.c.obj
                0x10001d98                ph_remove_and_free_node
 .text.uart_disable_before_lcr_write
                0x10001e38       0x48 CMakeFiles/uart_advanced.dir/Users/lucasolschansky/Pico/pico-sdk/src/rp2_common/hardware_uart/uart.c.obj
 .text.uart_write_lcr_bits_masked
                0x10001e80       0x22 CMakeFiles/uart_advanced.dir/Users/lucasolschansky/Pico/pico-sdk/src/rp2_common/hardware_uart/uart.c.obj
 *fill*         0x10001ea2        0x2 
 .text.uart_set_baudrate
                0x10001ea4       0x5c CMakeFiles/uart_advanced.dir/Users/lucasolschansky/Pico/pico-sdk/src/rp2_common/hardware_uart/uart.c.obj
                0x10001ea4                uart_set_baudrate
 .text.uart_set_format
                0x10001f00       0x2c CMakeFiles/uart_advanced.dir/Users/lucasolschansky/Pico/pico-sdk/src/rp2_common/hardware_uart/uart.c.obj
                0x10001f00                uart_set_format
 .text.uart_set_fifo_enabled
                0x10001f2c       0x10 CMakeFiles/uart_advanced.dir/Users/lucasolschansky/Pico/pico-sdk/src/rp2_common/hardware_uart/uart.c.obj
                0x10001f2c                uart_set_fifo_enabled
 .text.uart_set_translate_crlf
                0x10001f3c       0x28 CMakeFiles/uart_advanced.dir/Users/lucasolschansky/Pico/pico-sdk/src/rp2_common/hardware_uart/uart.c.obj
                0x10001f3c                uart_set_translate_crlf
 .text.uart_init
                0x10001f64       0x80 CMakeFiles/uart_advanced.dir/Users/lucasolschansky/Pico/pico-sdk/src/rp2_common/hardware_uart/uart.c.obj
                0x10001f64                uart_init
 .text.clock_configure
                0x10001fe4      0x108 CMakeFiles/uart_advanced.dir/Users/lucasolschansky/Pico/pico-sdk/src/rp2_common/hardware_clocks/clocks.c.obj
                0x10001fe4                clock_configure
 .text.clocks_init
                0x100020ec      0x100 CMakeFiles/uart_advanced.dir/Users/lucasolschansky/Pico/pico-sdk/src/rp2_common/hardware_clocks/clocks.c.obj
                0x100020ec                clocks_init
 .text.clock_get_hz
                0x100021ec        0xc CMakeFiles/uart_advanced.dir/Users/lucasolschansky/Pico/pico-sdk/src/rp2_common/hardware_clocks/clocks.c.obj
                0x100021ec                clock_get_hz
 .text.pll_init
                0x100021f8      0x120 CMakeFiles/uart_advanced.dir/Users/lucasolschansky/Pico/pico-sdk/src/rp2_common/hardware_pll/pll.c.obj
                0x100021f8                pll_init
 .text.watchdog_start_tick
                0x10002318       0x10 CMakeFiles/uart_advanced.dir/Users/lucasolschansky/Pico/pico-sdk/src/rp2_common/hardware_watchdog/watchdog.c.obj
                0x10002318                watchdog_start_tick
 .text.watchdog_update
                0x10002328       0x14 CMakeFiles/uart_advanced.dir/Users/lucasolschansky/Pico/pico-sdk/src/rp2_common/hardware_watchdog/watchdog.c.obj
                0x10002328                watchdog_update
 .text._watchdog_enable
                0x1000233c       0x78 CMakeFiles/uart_advanced.dir/Users/lucasolschansky/Pico/pico-sdk/src/rp2_common/hardware_watchdog/watchdog.c.obj
                0x1000233c                _watchdog_enable
 .text.watchdog_reboot
                0x100023b4       0x48 CMakeFiles/uart_advanced.dir/Users/lucasolschansky/Pico/pico-sdk/src/rp2_common/hardware_watchdog/watchdog.c.obj
                0x100023b4                watchdog_reboot
 .text.xosc_init
                0x100023fc       0x28 CMakeFiles/uart_advanced.dir/Users/lucasolschansky/Pico/pico-sdk/src/rp2_common/hardware_xosc/xosc.c.obj
                0x100023fc                xosc_init
 .text._exit    0x10002424        0x4 CMakeFiles/uart_advanced.dir/Users/lucasolschansky/Pico/pico-sdk/src/rp2_common/pico_runtime/runtime.c.obj
                0x10002424                _exit
 .text.exit     0x10002428        0x6 CMakeFiles/uart_advanced.dir/Users/lucasolschansky/Pico/pico-sdk/src/rp2_common/pico_runtime/runtime.c.obj
                0x10002428                exit
 *fill*         0x1000242e        0x2 
 .text.__assert_func
                0x10002430       0x38 CMakeFiles/uart_advanced.dir/Users/lucasolschansky/Pico/pico-sdk/src/rp2_common/pico_runtime/runtime.c.obj
                0x10002430                __assert_func
 .text.runtime_init
                0x10002468       0xf8 CMakeFiles/uart_advanced.dir/Users/lucasolschansky/Pico/pico-sdk/src/rp2_common/pico_runtime/runtime.c.obj
                0x10002468                runtime_init
 .text.panic    0x10002560       0x30 CMakeFiles/uart_advanced.dir/Users/lucasolschansky/Pico/pico-sdk/src/rp2_common/pico_runtime/runtime.c.obj
                0x10002560                panic
 .text._out_null
                0x10002590        0x2 CMakeFiles/uart_advanced.dir/Users/lucasolschansky/Pico/pico-sdk/src/rp2_common/pico_printf/printf.c.obj
 .text._out_fct
                0x10002592        0xe CMakeFiles/uart_advanced.dir/Users/lucasolschansky/Pico/pico-sdk/src/rp2_common/pico_printf/printf.c.obj
 .text._atoi    0x100025a0       0x24 CMakeFiles/uart_advanced.dir/Users/lucasolschansky/Pico/pico-sdk/src/rp2_common/pico_printf/printf.c.obj
 .text._out_rev
                0x100025c4       0xae CMakeFiles/uart_advanced.dir/Users/lucasolschansky/Pico/pico-sdk/src/rp2_common/pico_printf/printf.c.obj
 .text._ntoa_format
                0x10002672      0x110 CMakeFiles/uart_advanced.dir/Users/lucasolschansky/Pico/pico-sdk/src/rp2_common/pico_printf/printf.c.obj
 .text._ntoa_long
                0x10002782       0xbc CMakeFiles/uart_advanced.dir/Users/lucasolschansky/Pico/pico-sdk/src/rp2_common/pico_printf/printf.c.obj
 .text._ntoa_long_long
                0x1000283e      0x10e CMakeFiles/uart_advanced.dir/Users/lucasolschansky/Pico/pico-sdk/src/rp2_common/pico_printf/printf.c.obj
 .text._etoa    0x1000294c      0x420 CMakeFiles/uart_advanced.dir/Users/lucasolschansky/Pico/pico-sdk/src/rp2_common/pico_printf/printf.c.obj
 .text._ftoa    0x10002d6c      0x354 CMakeFiles/uart_advanced.dir/Users/lucasolschansky/Pico/pico-sdk/src/rp2_common/pico_printf/printf.c.obj
 .text._vsnprintf
                0x100030c0      0x668 CMakeFiles/uart_advanced.dir/Users/lucasolschansky/Pico/pico-sdk/src/rp2_common/pico_printf/printf.c.obj
 .text.vfctprintf
                0x10003728       0x20 CMakeFiles/uart_advanced.dir/Users/lucasolschansky/Pico/pico-sdk/src/rp2_common/pico_printf/printf.c.obj
                0x10003728                vfctprintf
 .text          0x10003748       0x10 CMakeFiles/uart_advanced.dir/Users/lucasolschansky/Pico/pico-sdk/src/rp2_common/pico_bit_ops/bit_ops_aeabi.S.obj
 .text.rom_func_lookup
                0x10003758       0x10 CMakeFiles/uart_advanced.dir/Users/lucasolschansky/Pico/pico-sdk/src/rp2_common/pico_bootrom/bootrom.c.obj
                0x10003758                rom_func_lookup
 .text.rom_data_lookup
                0x10003768       0x10 CMakeFiles/uart_advanced.dir/Users/lucasolschansky/Pico/pico-sdk/src/rp2_common/pico_bootrom/bootrom.c.obj
                0x10003768                rom_data_lookup
 .text.rom_funcs_lookup
                0x10003778       0x36 CMakeFiles/uart_advanced.dir/Users/lucasolschansky/Pico/pico-sdk/src/rp2_common/pico_bootrom/bootrom.c.obj
                0x10003778                rom_funcs_lookup
 *fill*         0x100037ae        0x2 
 .text.__wrap___aeabi_idiv
                0x100037b0       0x50 CMakeFiles/uart_advanced.dir/Users/lucasolschansky/Pico/pico-sdk/src/rp2_common/pico_divider/divider.S.obj
                0x100037b0                __wrap___aeabi_idivmod
                0x100037b0                divmod_s32s32
                0x100037b0                div_s32s32
                0x100037b0                __wrap___aeabi_idiv
                0x100037b8                divmod_s32s32_unsafe
                0x100037e4                divmod_s32s32_savestate
 .text.__wrap___aeabi_uidiv
                0x10003800       0x4c CMakeFiles/uart_advanced.dir/Users/lucasolschansky/Pico/pico-sdk/src/rp2_common/pico_divider/divider.S.obj
                0x10003800                __wrap___aeabi_uidiv
                0x10003800                __wrap___aeabi_uidivmod
                0x10003800                div_u32u32
                0x10003800                divmod_u32u32
                0x10003808                divmod_u32u32_unsafe
                0x10003830                divmod_u32u32_savestate
 .text.__wrap___aeabi_ldiv
                0x1000384c      0x424 CMakeFiles/uart_advanced.dir/Users/lucasolschansky/Pico/pico-sdk/src/rp2_common/pico_divider/divider.S.obj
                0x1000384c                __wrap___aeabi_ldivmod
                0x1000384c                div_s64s64
                0x1000384c                divmod_s64s64
                0x1000387c                divmod_u64u64
                0x1000387c                div_u64u64
                0x1000387c                __wrap___aeabi_uldivmod
                0x1000388c                divmod_u64u64_savestate
                0x100038ac                divmod_s64s64_unsafe
                0x10003934                divmod_u64u64_unsafe
 .text.__wrap___aeabi_darithmetic
                0x10003c70       0x80 CMakeFiles/uart_advanced.dir/Users/lucasolschansky/Pico/pico-sdk/src/rp2_common/pico_double/double_aeabi.S.obj
                0x10003c70                __wrap___aeabi_drsub
                0x10003c76                __wrap___aeabi_dsub
                0x10003c88                __wrap___aeabi_dadd
                0x10003c9a                __wrap___aeabi_ddiv
                0x10003cd6                __wrap___aeabi_dmul
 .text.__wrap___aeabi_cdcmple
                0x10003cf0       0x6c CMakeFiles/uart_advanced.dir/Users/lucasolschansky/Pico/pico-sdk/src/rp2_common/pico_double/double_aeabi.S.obj
                0x10003cf0                __wrap___aeabi_cdrcmple
                0x10003d00                __wrap___aeabi_cdcmple
                0x10003d00                __wrap___aeabi_cdcmpeq
 .text.__wrap___aeabi_dcmplt
                0x10003d5c        0xc CMakeFiles/uart_advanced.dir/Users/lucasolschansky/Pico/pico-sdk/src/rp2_common/pico_double/double_aeabi.S.obj
                0x10003d5c                __wrap___aeabi_dcmplt
 .text.__wrap___aeabi_dcmple
                0x10003d68       0x10 CMakeFiles/uart_advanced.dir/Users/lucasolschansky/Pico/pico-sdk/src/rp2_common/pico_double/double_aeabi.S.obj
                0x10003d68                __wrap___aeabi_dcmple
 .text.__wrap___aeabi_dcmpge
                0x10003d78       0x10 CMakeFiles/uart_advanced.dir/Users/lucasolschansky/Pico/pico-sdk/src/rp2_common/pico_double/double_aeabi.S.obj
                0x10003d78                __wrap___aeabi_dcmpge
 .text.__wrap___aeabi_dcmpgt
                0x10003d88        0xa CMakeFiles/uart_advanced.dir/Users/lucasolschansky/Pico/pico-sdk/src/rp2_common/pico_double/double_aeabi.S.obj
                0x10003d88                __wrap___aeabi_dcmpgt
 .text.__wrap___aeabi_dcmpun
                0x10003d92       0x1c CMakeFiles/uart_advanced.dir/Users/lucasolschansky/Pico/pico-sdk/src/rp2_common/pico_double/double_aeabi.S.obj
                0x10003d92                __wrap___aeabi_dcmpun
 *fill*         0x10003dae        0x2 
 .text.__wrap___aeabi_i2d
                0x10003db0       0x38 CMakeFiles/uart_advanced.dir/Users/lucasolschansky/Pico/pico-sdk/src/rp2_common/pico_double/double_aeabi.S.obj
                0x10003db0                __wrap___aeabi_ui2d
                0x10003db8                __wrap___aeabi_i2d
 .text.__wrap___aeabi_d2iz
                0x10003de8       0x48 CMakeFiles/uart_advanced.dir/Users/lucasolschansky/Pico/pico-sdk/src/rp2_common/pico_double/double_aeabi.S.obj
                0x10003de8                __wrap___aeabi_d2iz
                0x10003de8                double2int_z
 .text.__wrap___aeabi_d2uiz
                0x10003e30       0x18 CMakeFiles/uart_advanced.dir/Users/lucasolschansky/Pico/pico-sdk/src/rp2_common/pico_double/double_aeabi.S.obj
                0x10003e30                double2uint
                0x10003e30                __wrap___aeabi_d2uiz
 .text.__aeabi_double_init
                0x10003e48       0xcc CMakeFiles/uart_advanced.dir/Users/lucasolschansky/Pico/pico-sdk/src/rp2_common/pico_double/double_init_rom.c.obj
                0x10003e48                __aeabi_double_init
 .text.double_table_shim_on_use_helper
                0x10003f14       0x34 CMakeFiles/uart_advanced.dir/Users/lucasolschansky/Pico/pico-sdk/src/rp2_common/pico_double/double_v1_rom_shim.S.obj
                0x10003f14                double_table_shim_on_use_helper
 .text.__wrap___aeabi_dsub
                0x10003f48       0x10 CMakeFiles/uart_advanced.dir/Users/lucasolschansky/Pico/pico-sdk/src/rp2_common/pico_double/double_v1_rom_shim.S.obj
                0x10003f48                drsub_shim
                0x10003f4e                dsub_shim
 .text.dadd_shim
                0x10003f58      0x15c CMakeFiles/uart_advanced.dir/Users/lucasolschansky/Pico/pico-sdk/src/rp2_common/pico_double/double_v1_rom_shim.S.obj
                0x10003f58                dadd_shim
 .text.dmul_shim
                0x100040b4      0x15c CMakeFiles/uart_advanced.dir/Users/lucasolschansky/Pico/pico-sdk/src/rp2_common/pico_double/double_v1_rom_shim.S.obj
                0x100040b4                dmul_shim
 .text.ddiv_shim
                0x10004210      0x1b0 CMakeFiles/uart_advanced.dir/Users/lucasolschansky/Pico/pico-sdk/src/rp2_common/pico_double/double_v1_rom_shim.S.obj
                0x10004210                ddiv_shim
 .text.double2uint_shim
                0x100043c0        0xe CMakeFiles/uart_advanced.dir/Users/lucasolschansky/Pico/pico-sdk/src/rp2_common/pico_double/double_v1_rom_shim.S.obj
                0x100043c0                double2uint_shim
                0x100043c2                double2ufix_shim
 *fill*         0x100043ce        0x2 
 .text.double2uint64_shim
                0x100043d0       0x70 CMakeFiles/uart_advanced.dir/Users/lucasolschansky/Pico/pico-sdk/src/rp2_common/pico_double/double_v1_rom_shim.S.obj
                0x100043d0                double2uint64_shim
                0x100043d2                double2ufix64_shim
                0x100043f2                d2fix_a
 .text.dunpacks
                0x10004440       0x3c CMakeFiles/uart_advanced.dir/Users/lucasolschansky/Pico/pico-sdk/src/rp2_common/pico_double/double_v1_rom_shim.S.obj
                0x10004440                dunpacks
 .text.__aeabi_lmul
                0x1000447c       0x32 CMakeFiles/uart_advanced.dir/Users/lucasolschansky/Pico/pico-sdk/src/rp2_common/pico_int64_ops/pico_int64_ops_aeabi.S.obj
                0x1000447c                __wrap___aeabi_lmul
 *fill*         0x100044ae        0x2 
 .text.__wrap___aeabi_farithmetic
                0x100044b0       0x58 CMakeFiles/uart_advanced.dir/Users/lucasolschansky/Pico/pico-sdk/src/rp2_common/pico_float/float_aeabi.S.obj
                0x100044b0                __wrap___aeabi_frsub
                0x100044b6                __wrap___aeabi_fsub
                0x100044c0                __wrap___aeabi_fadd
                0x100044ca                __wrap___aeabi_fdiv
                0x100044f6                __wrap___aeabi_fmul
 .text.__wrap___aeabi_i2f
                0x10004508       0x44 CMakeFiles/uart_advanced.dir/Users/lucasolschansky/Pico/pico-sdk/src/rp2_common/pico_float/float_aeabi.S.obj
                0x10004508                __wrap___aeabi_i2f
 .text.__wrap___aeabi_f2uiz
                0x1000454c       0x10 CMakeFiles/uart_advanced.dir/Users/lucasolschansky/Pico/pico-sdk/src/rp2_common/pico_float/float_aeabi.S.obj
                0x1000454c                __wrap___aeabi_f2uiz
 .text.__wrap___aeabi_f2d
                0x1000455c       0x14 CMakeFiles/uart_advanced.dir/Users/lucasolschansky/Pico/pico-sdk/src/rp2_common/pico_float/float_aeabi.S.obj
                0x1000455c                __wrap___aeabi_f2d
 .text.__aeabi_float_init
                0x10004570       0xfc CMakeFiles/uart_advanced.dir/Users/lucasolschansky/Pico/pico-sdk/src/rp2_common/pico_float/float_init_rom.c.obj
                0x10004570                __aeabi_float_init
 .text.float_table_shim_on_use_helper
                0x1000466c       0x34 CMakeFiles/uart_advanced.dir/Users/lucasolschansky/Pico/pico-sdk/src/rp2_common/pico_float/float_v1_rom_shim.S.obj
                0x1000466c                float_table_shim_on_use_helper
 .text.float2double_shim
                0x100046a0       0x30 CMakeFiles/uart_advanced.dir/Users/lucasolschansky/Pico/pico-sdk/src/rp2_common/pico_float/float_v1_rom_shim.S.obj
                0x100046a0                float2double_shim
 .text          0x100046d0       0x10 CMakeFiles/uart_advanced.dir/Users/lucasolschansky/Pico/pico-sdk/src/rp2_common/pico_mem_ops/mem_ops_aeabi.S.obj
                0x100046d0                __aeabi_mem_init
 .text.memset   0x100046e0        0xc CMakeFiles/uart_advanced.dir/Users/lucasolschansky/Pico/pico-sdk/src/rp2_common/pico_mem_ops/mem_ops_aeabi.S.obj
                0x100046e0                __wrap_memset
 .text.memcpy   0x100046ec        0xc CMakeFiles/uart_advanced.dir/Users/lucasolschansky/Pico/pico-sdk/src/rp2_common/pico_mem_ops/mem_ops_aeabi.S.obj
                0x100046ec                __wrap___aeabi_memcpy
                0x100046ec                __wrap_memcpy
 .text.stdio_out_chars_no_crlf
                0x100046f8        0xe CMakeFiles/uart_advanced.dir/Users/lucasolschansky/Pico/pico-sdk/src/rp2_common/pico_stdio/stdio.c.obj
 *fill*         0x10004706        0x2 
 .text.stdio_out_chars_crlf
                0x10004708       0x80 CMakeFiles/uart_advanced.dir/Users/lucasolschansky/Pico/pico-sdk/src/rp2_common/pico_stdio/stdio.c.obj
 .text.stdio_stack_buffer_flush
                0x10004788       0x44 CMakeFiles/uart_advanced.dir/Users/lucasolschansky/Pico/pico-sdk/src/rp2_common/pico_stdio/stdio.c.obj
 .text.stdio_buffered_printer
                0x100047cc       0x20 CMakeFiles/uart_advanced.dir/Users/lucasolschansky/Pico/pico-sdk/src/rp2_common/pico_stdio/stdio.c.obj
 .text.update_us_since_boot
                0x100047ec       0x24 CMakeFiles/uart_advanced.dir/Users/lucasolschansky/Pico/pico-sdk/src/rp2_common/pico_stdio/stdio.c.obj
 .text.get_absolute_time
                0x10004810       0x22 CMakeFiles/uart_advanced.dir/Users/lucasolschansky/Pico/pico-sdk/src/rp2_common/pico_stdio/stdio.c.obj
 *fill*         0x10004832        0x2 
 .text.delayed_by_ms
                0x10004834       0x44 CMakeFiles/uart_advanced.dir/Users/lucasolschansky/Pico/pico-sdk/src/rp2_common/pico_stdio/stdio.c.obj
 .text.make_timeout_time_ms
                0x10004878       0x20 CMakeFiles/uart_advanced.dir/Users/lucasolschansky/Pico/pico-sdk/src/rp2_common/pico_stdio/stdio.c.obj
 .text.stdout_serialize_begin
                0x10004898       0x20 CMakeFiles/uart_advanced.dir/Users/lucasolschansky/Pico/pico-sdk/src/rp2_common/pico_stdio/stdio.c.obj
                0x10004898                stdout_serialize_begin
 .text.stdout_serialize_end
                0x100048b8       0x10 CMakeFiles/uart_advanced.dir/Users/lucasolschansky/Pico/pico-sdk/src/rp2_common/pico_stdio/stdio.c.obj
                0x100048b8                stdout_serialize_end
 .text.stdio_put_string
                0x100048c8       0x98 CMakeFiles/uart_advanced.dir/Users/lucasolschansky/Pico/pico-sdk/src/rp2_common/pico_stdio/stdio.c.obj
 .text.stdio_set_driver_enabled
                0x10004960       0x2c CMakeFiles/uart_advanced.dir/Users/lucasolschansky/Pico/pico-sdk/src/rp2_common/pico_stdio/stdio.c.obj
                0x10004960                stdio_set_driver_enabled
 .text.stdio_flush
                0x1000498c       0x20 CMakeFiles/uart_advanced.dir/Users/lucasolschansky/Pico/pico-sdk/src/rp2_common/pico_stdio/stdio.c.obj
                0x1000498c                stdio_flush
 .text.__wrap_puts
                0x100049ac       0x1e CMakeFiles/uart_advanced.dir/Users/lucasolschansky/Pico/pico-sdk/src/rp2_common/pico_stdio/stdio.c.obj
                0x100049ac                __wrap_puts
 *fill*         0x100049ca        0x2 
 .text.__wrap_vprintf
                0x100049cc       0x40 CMakeFiles/uart_advanced.dir/Users/lucasolschansky/Pico/pico-sdk/src/rp2_common/pico_stdio/stdio.c.obj
                0x100049cc                __wrap_vprintf
 .text.__wrap_printf
                0x10004a0c       0x18 CMakeFiles/uart_advanced.dir/Users/lucasolschansky/Pico/pico-sdk/src/rp2_common/pico_stdio/stdio.c.obj
                0x10004a0c                __wrap_printf
 .text.stdio_init_all
                0x10004a24        0x8 CMakeFiles/uart_advanced.dir/Users/lucasolschansky/Pico/pico-sdk/src/rp2_common/pico_stdio/stdio.c.obj
                0x10004a24                stdio_init_all
 .text.resetd_init
                0x10004a2c        0x2 CMakeFiles/uart_advanced.dir/Users/lucasolschansky/Pico/pico-sdk/src/rp2_common/pico_stdio_usb/reset_interface.c.obj
 *fill*         0x10004a2e        0x2 
 .text.resetd_reset
                0x10004a30        0xc CMakeFiles/uart_advanced.dir/Users/lucasolschansky/Pico/pico-sdk/src/rp2_common/pico_stdio_usb/reset_interface.c.obj
 .text.resetd_open
                0x10004a3c       0x34 CMakeFiles/uart_advanced.dir/Users/lucasolschansky/Pico/pico-sdk/src/rp2_common/pico_stdio_usb/reset_interface.c.obj
 .text.resetd_xfer_cb
                0x10004a70        0x4 CMakeFiles/uart_advanced.dir/Users/lucasolschansky/Pico/pico-sdk/src/rp2_common/pico_stdio_usb/reset_interface.c.obj
 .text.reset_usb_boot
                0x10004a74       0x18 CMakeFiles/uart_advanced.dir/Users/lucasolschansky/Pico/pico-sdk/src/rp2_common/pico_stdio_usb/reset_interface.c.obj
 .text.resetd_control_xfer_cb
                0x10004a8c       0x5c CMakeFiles/uart_advanced.dir/Users/lucasolschansky/Pico/pico-sdk/src/rp2_common/pico_stdio_usb/reset_interface.c.obj
 .text.usbd_app_driver_get_cb
                0x10004ae8        0xc CMakeFiles/uart_advanced.dir/Users/lucasolschansky/Pico/pico-sdk/src/rp2_common/pico_stdio_usb/reset_interface.c.obj
                0x10004ae8                usbd_app_driver_get_cb
 .text.tud_cdc_line_coding_cb
                0x10004af4       0x28 CMakeFiles/uart_advanced.dir/Users/lucasolschansky/Pico/pico-sdk/src/rp2_common/pico_stdio_usb/reset_interface.c.obj
                0x10004af4                tud_cdc_line_coding_cb
 .text.stdio_usb_set_chars_available_callback
                0x10004b1c       0x14 CMakeFiles/uart_advanced.dir/Users/lucasolschansky/Pico/pico-sdk/src/rp2_common/pico_stdio_usb/stdio_usb.c.obj
                0x10004b1c                stdio_usb_set_chars_available_callback
 .text.update_us_since_boot
                0x10004b30       0x24 CMakeFiles/uart_advanced.dir/Users/lucasolschansky/Pico/pico-sdk/src/rp2_common/pico_stdio_usb/stdio_usb.c.obj
 .text.get_absolute_time
                0x10004b54       0x22 CMakeFiles/uart_advanced.dir/Users/lucasolschansky/Pico/pico-sdk/src/rp2_common/pico_stdio_usb/stdio_usb.c.obj
 *fill*         0x10004b76        0x2 
 .text.delayed_by_ms
                0x10004b78       0x44 CMakeFiles/uart_advanced.dir/Users/lucasolschansky/Pico/pico-sdk/src/rp2_common/pico_stdio_usb/stdio_usb.c.obj
 .text.make_timeout_time_ms
                0x10004bbc       0x20 CMakeFiles/uart_advanced.dir/Users/lucasolschansky/Pico/pico-sdk/src/rp2_common/pico_stdio_usb/stdio_usb.c.obj
 .text.delayed_by_us
                0x10004bdc       0x34 CMakeFiles/uart_advanced.dir/Users/lucasolschansky/Pico/pico-sdk/src/rp2_common/pico_stdio_usb/stdio_usb.c.obj
 .text.usb_irq  0x10004c10       0x10 CMakeFiles/uart_advanced.dir/Users/lucasolschansky/Pico/pico-sdk/src/rp2_common/pico_stdio_usb/stdio_usb.c.obj
 .text.critical_section_enter_blocking
                0x10004c20       0x16 CMakeFiles/uart_advanced.dir/Users/lucasolschansky/Pico/pico-sdk/src/rp2_common/pico_stdio_usb/stdio_usb.c.obj
 *fill*         0x10004c36        0x2 
 .text.timer_task
                0x10004c38       0x4c CMakeFiles/uart_advanced.dir/Users/lucasolschansky/Pico/pico-sdk/src/rp2_common/pico_stdio_usb/stdio_usb.c.obj
 .text.alarm_pool_add_alarm_in_us
                0x10004c84       0x3a CMakeFiles/uart_advanced.dir/Users/lucasolschansky/Pico/pico-sdk/src/rp2_common/pico_stdio_usb/stdio_usb.c.obj
 .text.add_alarm_in_us
                0x10004cbe       0x2e CMakeFiles/uart_advanced.dir/Users/lucasolschansky/Pico/pico-sdk/src/rp2_common/pico_stdio_usb/stdio_usb.c.obj
 .text.low_priority_worker_irq
                0x10004cec       0x7c CMakeFiles/uart_advanced.dir/Users/lucasolschansky/Pico/pico-sdk/src/rp2_common/pico_stdio_usb/stdio_usb.c.obj
 .text.tud_cdc_rx_cb
                0x10004d68       0x20 CMakeFiles/uart_advanced.dir/Users/lucasolschansky/Pico/pico-sdk/src/rp2_common/pico_stdio_usb/stdio_usb.c.obj
                0x10004d68                tud_cdc_rx_cb
 .text.stdio_usb_init
                0x10004d88       0xd0 CMakeFiles/uart_advanced.dir/Users/lucasolschansky/Pico/pico-sdk/src/rp2_common/pico_stdio_usb/stdio_usb.c.obj
                0x10004d88                stdio_usb_init
 .text.stdio_usb_connected
                0x10004e58        0xa CMakeFiles/uart_advanced.dir/Users/lucasolschansky/Pico/pico-sdk/src/rp2_common/pico_stdio_usb/stdio_usb.c.obj
                0x10004e58                stdio_usb_connected
 *fill*         0x10004e62        0x2 
 .text.stdio_usb_in_chars
                0x10004e64       0x88 CMakeFiles/uart_advanced.dir/Users/lucasolschansky/Pico/pico-sdk/src/rp2_common/pico_stdio_usb/stdio_usb.c.obj
                0x10004e64                stdio_usb_in_chars
 .text.stdio_usb_out_chars
                0x10004eec       0xd8 CMakeFiles/uart_advanced.dir/Users/lucasolschansky/Pico/pico-sdk/src/rp2_common/pico_stdio_usb/stdio_usb.c.obj
 .text.tud_descriptor_device_cb
                0x10004fc4        0x8 CMakeFiles/uart_advanced.dir/Users/lucasolschansky/Pico/pico-sdk/src/rp2_common/pico_stdio_usb/stdio_usb_descriptors.c.obj
                0x10004fc4                tud_descriptor_device_cb
 .text.tud_descriptor_configuration_cb
                0x10004fcc        0x8 CMakeFiles/uart_advanced.dir/Users/lucasolschansky/Pico/pico-sdk/src/rp2_common/pico_stdio_usb/stdio_usb_descriptors.c.obj
                0x10004fcc                tud_descriptor_configuration_cb
 .text.tud_descriptor_string_cb
                0x10004fd4       0x6c CMakeFiles/uart_advanced.dir/Users/lucasolschansky/Pico/pico-sdk/src/rp2_common/pico_stdio_usb/stdio_usb_descriptors.c.obj
                0x10004fd4                tud_descriptor_string_cb
 .text._retrieve_unique_id_on_boot
                0x10005040       0x10 CMakeFiles/uart_advanced.dir/Users/lucasolschansky/Pico/pico-sdk/src/rp2_common/pico_unique_id/unique_id.c.obj
 .text.pico_get_unique_board_id_string
                0x10005050       0x5c CMakeFiles/uart_advanced.dir/Users/lucasolschansky/Pico/pico-sdk/src/rp2_common/pico_unique_id/unique_id.c.obj
                0x10005050                pico_get_unique_board_id_string
 .text.flash_get_unique_id
                0x100050ac       0x40 CMakeFiles/uart_advanced.dir/Users/lucasolschansky/Pico/pico-sdk/src/rp2_common/hardware_flash/flash.c.obj
                0x100050ac                flash_get_unique_id
 .text.hw_endpoint_get_by_addr
                0x100050ec       0x18 CMakeFiles/uart_advanced.dir/Users/lucasolschansky/Pico/pico-sdk/lib/tinyusb/src/portable/raspberrypi/rp2040/dcd_rp2040.c.obj
 .text._hw_endpoint_alloc
                0x10005104       0x70 CMakeFiles/uart_advanced.dir/Users/lucasolschansky/Pico/pico-sdk/lib/tinyusb/src/portable/raspberrypi/rp2040/dcd_rp2040.c.obj
 .text.hw_endpoint_init
                0x10005174       0x88 CMakeFiles/uart_advanced.dir/Users/lucasolschansky/Pico/pico-sdk/lib/tinyusb/src/portable/raspberrypi/rp2040/dcd_rp2040.c.obj
 .text.dcd_event_sof
                0x100051fc       0x2c CMakeFiles/uart_advanced.dir/Users/lucasolschansky/Pico/pico-sdk/lib/tinyusb/src/portable/raspberrypi/rp2040/dcd_rp2040.c.obj
 .text.hw_endpoint_xfer
                0x10005228       0x14 CMakeFiles/uart_advanced.dir/Users/lucasolschansky/Pico/pico-sdk/lib/tinyusb/src/portable/raspberrypi/rp2040/dcd_rp2040.c.obj
 .text.dcd_int_enable
                0x1000523c       0x2c CMakeFiles/uart_advanced.dir/Users/lucasolschansky/Pico/pico-sdk/lib/tinyusb/src/portable/raspberrypi/rp2040/dcd_rp2040.c.obj
                0x1000523c                dcd_int_enable
 .text.dcd_set_address
                0x10005268       0x2c CMakeFiles/uart_advanced.dir/Users/lucasolschansky/Pico/pico-sdk/lib/tinyusb/src/portable/raspberrypi/rp2040/dcd_rp2040.c.obj
                0x10005268                dcd_set_address
 .text.dcd_connect
                0x10005294       0x10 CMakeFiles/uart_advanced.dir/Users/lucasolschansky/Pico/pico-sdk/lib/tinyusb/src/portable/raspberrypi/rp2040/dcd_rp2040.c.obj
                0x10005294                dcd_connect
 .text.dcd_init
                0x100052a4       0x80 CMakeFiles/uart_advanced.dir/Users/lucasolschansky/Pico/pico-sdk/lib/tinyusb/src/portable/raspberrypi/rp2040/dcd_rp2040.c.obj
                0x100052a4                dcd_init
 .text.dcd_edpt0_status_complete
                0x10005324       0x1c CMakeFiles/uart_advanced.dir/Users/lucasolschansky/Pico/pico-sdk/lib/tinyusb/src/portable/raspberrypi/rp2040/dcd_rp2040.c.obj
                0x10005324                dcd_edpt0_status_complete
 .text.dcd_edpt_open
                0x10005340       0x40 CMakeFiles/uart_advanced.dir/Users/lucasolschansky/Pico/pico-sdk/lib/tinyusb/src/portable/raspberrypi/rp2040/dcd_rp2040.c.obj
                0x10005340                dcd_edpt_open
 .text.dcd_edpt_close_all
                0x10005380        0x8 CMakeFiles/uart_advanced.dir/Users/lucasolschansky/Pico/pico-sdk/lib/tinyusb/src/portable/raspberrypi/rp2040/dcd_rp2040.c.obj
                0x10005380                dcd_edpt_close_all
 .text.dcd_edpt_xfer
                0x10005388       0x34 CMakeFiles/uart_advanced.dir/Users/lucasolschansky/Pico/pico-sdk/lib/tinyusb/src/portable/raspberrypi/rp2040/dcd_rp2040.c.obj
                0x10005388                dcd_edpt_xfer
 .text.dcd_edpt_stall
                0x100053bc       0x2c CMakeFiles/uart_advanced.dir/Users/lucasolschansky/Pico/pico-sdk/lib/tinyusb/src/portable/raspberrypi/rp2040/dcd_rp2040.c.obj
                0x100053bc                dcd_edpt_stall
 .text.dcd_edpt_clear_stall
                0x100053e8       0x20 CMakeFiles/uart_advanced.dir/Users/lucasolschansky/Pico/pico-sdk/lib/tinyusb/src/portable/raspberrypi/rp2040/dcd_rp2040.c.obj
                0x100053e8                dcd_edpt_clear_stall
 .text.rp2040_usb_init
                0x10005408       0x4c CMakeFiles/uart_advanced.dir/Users/lucasolschansky/Pico/pico-sdk/lib/tinyusb/src/portable/raspberrypi/rp2040/rp2040_usb.c.obj
                0x10005408                rp2040_usb_init
 .text.hw_endpoint_xfer_start
                0x10005454       0x50 CMakeFiles/uart_advanced.dir/Users/lucasolschansky/Pico/pico-sdk/lib/tinyusb/src/portable/raspberrypi/rp2040/rp2040_usb.c.obj
                0x10005454                hw_endpoint_xfer_start
 .text.configuration_reset
                0x100054a4       0x84 CMakeFiles/uart_advanced.dir/Users/lucasolschansky/Pico/pico-sdk/lib/tinyusb/src/device/usbd.c.obj
 .text.critical_section_enter_blocking
                0x10005528       0x16 CMakeFiles/uart_advanced.dir/Users/lucasolschansky/Pico/pico-sdk/lib/tinyusb/src/device/usbd.c.obj
 .text.usbd_reset
                0x1000553e        0xc CMakeFiles/uart_advanced.dir/Users/lucasolschansky/Pico/pico-sdk/lib/tinyusb/src/device/usbd.c.obj
 .text.invoke_class_control
                0x1000554a       0x1a CMakeFiles/uart_advanced.dir/Users/lucasolschansky/Pico/pico-sdk/lib/tinyusb/src/device/usbd.c.obj
 .text.process_set_config
                0x10005564      0x178 CMakeFiles/uart_advanced.dir/Users/lucasolschansky/Pico/pico-sdk/lib/tinyusb/src/device/usbd.c.obj
 .text.process_get_descriptor
                0x100056dc       0xdc CMakeFiles/uart_advanced.dir/Users/lucasolschansky/Pico/pico-sdk/lib/tinyusb/src/device/usbd.c.obj
 .text.tud_mounted
                0x100057b8       0x10 CMakeFiles/uart_advanced.dir/Users/lucasolschansky/Pico/pico-sdk/lib/tinyusb/src/device/usbd.c.obj
                0x100057b8                tud_mounted
 .text.tud_suspended
                0x100057c8       0x10 CMakeFiles/uart_advanced.dir/Users/lucasolschansky/Pico/pico-sdk/lib/tinyusb/src/device/usbd.c.obj
                0x100057c8                tud_suspended
 .text.tud_inited
                0x100057d8       0x14 CMakeFiles/uart_advanced.dir/Users/lucasolschansky/Pico/pico-sdk/lib/tinyusb/src/device/usbd.c.obj
                0x100057d8                tud_inited
 .text.tud_init
                0x100057ec       0xcc CMakeFiles/uart_advanced.dir/Users/lucasolschansky/Pico/pico-sdk/lib/tinyusb/src/device/usbd.c.obj
                0x100057ec                tud_init
 .text.usbd_defer_func
                0x100058b8       0x2a CMakeFiles/uart_advanced.dir/Users/lucasolschansky/Pico/pico-sdk/lib/tinyusb/src/device/usbd.c.obj
                0x100058b8                usbd_defer_func
 *fill*         0x100058e2        0x2 
 .text.usbd_edpt_open
                0x100058e4       0x34 CMakeFiles/uart_advanced.dir/Users/lucasolschansky/Pico/pico-sdk/lib/tinyusb/src/device/usbd.c.obj
                0x100058e4                usbd_edpt_open
 .text.usbd_open_edpt_pair
                0x10005918       0x62 CMakeFiles/uart_advanced.dir/Users/lucasolschansky/Pico/pico-sdk/lib/tinyusb/src/device/usbd.c.obj
                0x10005918                usbd_open_edpt_pair
 *fill*         0x1000597a        0x2 
 .text.usbd_edpt_claim
                0x1000597c       0x28 CMakeFiles/uart_advanced.dir/Users/lucasolschansky/Pico/pico-sdk/lib/tinyusb/src/device/usbd.c.obj
                0x1000597c                usbd_edpt_claim
 .text.usbd_edpt_release
                0x100059a4       0x28 CMakeFiles/uart_advanced.dir/Users/lucasolschansky/Pico/pico-sdk/lib/tinyusb/src/device/usbd.c.obj
                0x100059a4                usbd_edpt_release
 .text.usbd_edpt_xfer
                0x100059cc       0x78 CMakeFiles/uart_advanced.dir/Users/lucasolschansky/Pico/pico-sdk/lib/tinyusb/src/device/usbd.c.obj
                0x100059cc                usbd_edpt_xfer
 .text.usbd_edpt_stall
                0x10005a44       0x48 CMakeFiles/uart_advanced.dir/Users/lucasolschansky/Pico/pico-sdk/lib/tinyusb/src/device/usbd.c.obj
                0x10005a44                usbd_edpt_stall
 .text.usbd_edpt_clear_stall
                0x10005a8c       0x48 CMakeFiles/uart_advanced.dir/Users/lucasolschansky/Pico/pico-sdk/lib/tinyusb/src/device/usbd.c.obj
                0x10005a8c                usbd_edpt_clear_stall
 .text.usbd_edpt_stalled
                0x10005ad4       0x1c CMakeFiles/uart_advanced.dir/Users/lucasolschansky/Pico/pico-sdk/lib/tinyusb/src/device/usbd.c.obj
                0x10005ad4                usbd_edpt_stalled
 .text.process_control_request
                0x10005af0      0x374 CMakeFiles/uart_advanced.dir/Users/lucasolschansky/Pico/pico-sdk/lib/tinyusb/src/device/usbd.c.obj
 .text.tud_task_ext
                0x10005e64      0x1a8 CMakeFiles/uart_advanced.dir/Users/lucasolschansky/Pico/pico-sdk/lib/tinyusb/src/device/usbd.c.obj
                0x10005e64                tud_task_ext
 .text._status_stage_xact
                0x1000600c       0x1a CMakeFiles/uart_advanced.dir/Users/lucasolschansky/Pico/pico-sdk/lib/tinyusb/src/device/usbd_control.c.obj
 *fill*         0x10006026        0x2 
 .text._data_stage_xact
                0x10006028       0x58 CMakeFiles/uart_advanced.dir/Users/lucasolschansky/Pico/pico-sdk/lib/tinyusb/src/device/usbd_control.c.obj
 .text.tud_control_status
                0x10006080       0x28 CMakeFiles/uart_advanced.dir/Users/lucasolschansky/Pico/pico-sdk/lib/tinyusb/src/device/usbd_control.c.obj
                0x10006080                tud_control_status
 .text.tud_control_xfer
                0x100060a8       0x68 CMakeFiles/uart_advanced.dir/Users/lucasolschansky/Pico/pico-sdk/lib/tinyusb/src/device/usbd_control.c.obj
                0x100060a8                tud_control_xfer
 .text.usbd_control_reset
                0x10006110       0x14 CMakeFiles/uart_advanced.dir/Users/lucasolschansky/Pico/pico-sdk/lib/tinyusb/src/device/usbd_control.c.obj
                0x10006110                usbd_control_reset
 .text.usbd_control_set_complete_callback
                0x10006124        0xc CMakeFiles/uart_advanced.dir/Users/lucasolschansky/Pico/pico-sdk/lib/tinyusb/src/device/usbd_control.c.obj
                0x10006124                usbd_control_set_complete_callback
 .text.usbd_control_set_request
                0x10006130       0x1c CMakeFiles/uart_advanced.dir/Users/lucasolschansky/Pico/pico-sdk/lib/tinyusb/src/device/usbd_control.c.obj
                0x10006130                usbd_control_set_request
 .text.usbd_control_xfer_cb
                0x1000614c       0xbc CMakeFiles/uart_advanced.dir/Users/lucasolschansky/Pico/pico-sdk/lib/tinyusb/src/device/usbd_control.c.obj
                0x1000614c                usbd_control_xfer_cb
 .text._prep_out_transaction
                0x10006208       0x4a CMakeFiles/uart_advanced.dir/Users/lucasolschansky/Pico/pico-sdk/lib/tinyusb/src/class/cdc/cdc_device.c.obj
 *fill*         0x10006252        0x2 
 .text.tud_cdc_n_connected
                0x10006254       0x38 CMakeFiles/uart_advanced.dir/Users/lucasolschansky/Pico/pico-sdk/lib/tinyusb/src/class/cdc/cdc_device.c.obj
                0x10006254                tud_cdc_n_connected
 .text.tud_cdc_n_available
                0x1000628c       0x18 CMakeFiles/uart_advanced.dir/Users/lucasolschansky/Pico/pico-sdk/lib/tinyusb/src/class/cdc/cdc_device.c.obj
                0x1000628c                tud_cdc_n_available
 .text.tud_cdc_n_read
                0x100062a4       0x28 CMakeFiles/uart_advanced.dir/Users/lucasolschansky/Pico/pico-sdk/lib/tinyusb/src/class/cdc/cdc_device.c.obj
                0x100062a4                tud_cdc_n_read
 .text.tud_cdc_n_write_flush
                0x100062cc       0xb8 CMakeFiles/uart_advanced.dir/Users/lucasolschansky/Pico/pico-sdk/lib/tinyusb/src/class/cdc/cdc_device.c.obj
                0x100062cc                tud_cdc_n_write_flush
 .text.tud_cdc_n_write
                0x10006384       0x38 CMakeFiles/uart_advanced.dir/Users/lucasolschansky/Pico/pico-sdk/lib/tinyusb/src/class/cdc/cdc_device.c.obj
                0x10006384                tud_cdc_n_write
 .text.tud_cdc_n_write_available
                0x100063bc       0x1c CMakeFiles/uart_advanced.dir/Users/lucasolschansky/Pico/pico-sdk/lib/tinyusb/src/class/cdc/cdc_device.c.obj
                0x100063bc                tud_cdc_n_write_available
 .text.cdcd_init
                0x100063d8       0xbc CMakeFiles/uart_advanced.dir/Users/lucasolschansky/Pico/pico-sdk/lib/tinyusb/src/class/cdc/cdc_device.c.obj
                0x100063d8                cdcd_init
 .text.cdcd_reset
                0x10006494       0x44 CMakeFiles/uart_advanced.dir/Users/lucasolschansky/Pico/pico-sdk/lib/tinyusb/src/class/cdc/cdc_device.c.obj
                0x10006494                cdcd_reset
 .text.cdcd_open
                0x100064d8       0xc4 CMakeFiles/uart_advanced.dir/Users/lucasolschansky/Pico/pico-sdk/lib/tinyusb/src/class/cdc/cdc_device.c.obj
                0x100064d8                cdcd_open
 .text.cdcd_control_xfer_cb
                0x1000659c      0x134 CMakeFiles/uart_advanced.dir/Users/lucasolschansky/Pico/pico-sdk/lib/tinyusb/src/class/cdc/cdc_device.c.obj
                0x1000659c                cdcd_control_xfer_cb
 .text.cdcd_xfer_cb
                0x100066d0      0x130 CMakeFiles/uart_advanced.dir/Users/lucasolschansky/Pico/pico-sdk/lib/tinyusb/src/class/cdc/cdc_device.c.obj
                0x100066d0                cdcd_xfer_cb
 .text.tusb_init
                0x10006800        0xa CMakeFiles/uart_advanced.dir/Users/lucasolschansky/Pico/pico-sdk/lib/tinyusb/src/tusb.c.obj
                0x10006800                tusb_init
 .text.tusb_inited
                0x1000680a        0xe CMakeFiles/uart_advanced.dir/Users/lucasolschansky/Pico/pico-sdk/lib/tinyusb/src/tusb.c.obj
                0x1000680a                tusb_inited
 .text.tu_edpt_claim
                0x10006818       0x50 CMakeFiles/uart_advanced.dir/Users/lucasolschansky/Pico/pico-sdk/lib/tinyusb/src/tusb.c.obj
                0x10006818                tu_edpt_claim
 .text.tu_edpt_release
                0x10006868       0x38 CMakeFiles/uart_advanced.dir/Users/lucasolschansky/Pico/pico-sdk/lib/tinyusb/src/tusb.c.obj
                0x10006868                tu_edpt_release
 .text.tu_edpt_validate
                0x100068a0       0x78 CMakeFiles/uart_advanced.dir/Users/lucasolschansky/Pico/pico-sdk/lib/tinyusb/src/tusb.c.obj
                0x100068a0                tu_edpt_validate
 .text.tu_edpt_bind_driver
                0x10006918       0x26 CMakeFiles/uart_advanced.dir/Users/lucasolschansky/Pico/pico-sdk/lib/tinyusb/src/tusb.c.obj
                0x10006918                tu_edpt_bind_driver
 .text.advance_index
                0x1000693e       0x1a CMakeFiles/uart_advanced.dir/Users/lucasolschansky/Pico/pico-sdk/lib/tinyusb/src/common/tusb_fifo.c.obj
 .text._tu_fifo_peek
                0x10006958       0x56 CMakeFiles/uart_advanced.dir/Users/lucasolschansky/Pico/pico-sdk/lib/tinyusb/src/common/tusb_fifo.c.obj
 .text._ff_pull_const_addr
                0x100069ae       0x4c CMakeFiles/uart_advanced.dir/Users/lucasolschansky/Pico/pico-sdk/lib/tinyusb/src/common/tusb_fifo.c.obj
 .text._ff_pull_n
                0x100069fa      0x110 CMakeFiles/uart_advanced.dir/Users/lucasolschansky/Pico/pico-sdk/lib/tinyusb/src/common/tusb_fifo.c.obj
 .text._tu_fifo_peek_n
                0x10006b0a       0x6a CMakeFiles/uart_advanced.dir/Users/lucasolschansky/Pico/pico-sdk/lib/tinyusb/src/common/tusb_fifo.c.obj
 .text._tu_fifo_read_n
                0x10006b74       0x4e CMakeFiles/uart_advanced.dir/Users/lucasolschansky/Pico/pico-sdk/lib/tinyusb/src/common/tusb_fifo.c.obj
 .text._ff_push_const_addr
                0x10006bc2       0x40 CMakeFiles/uart_advanced.dir/Users/lucasolschansky/Pico/pico-sdk/lib/tinyusb/src/common/tusb_fifo.c.obj
 .text._ff_push_n
                0x10006c02      0x10c CMakeFiles/uart_advanced.dir/Users/lucasolschansky/Pico/pico-sdk/lib/tinyusb/src/common/tusb_fifo.c.obj
 .text._tu_fifo_write_n
                0x10006d0e       0xf0 CMakeFiles/uart_advanced.dir/Users/lucasolschansky/Pico/pico-sdk/lib/tinyusb/src/common/tusb_fifo.c.obj
 .text.tu_fifo_config
                0x10006dfe       0x7c CMakeFiles/uart_advanced.dir/Users/lucasolschansky/Pico/pico-sdk/lib/tinyusb/src/common/tusb_fifo.c.obj
                0x10006dfe                tu_fifo_config
 .text.tu_fifo_count
                0x10006e7a       0x2a CMakeFiles/uart_advanced.dir/Users/lucasolschansky/Pico/pico-sdk/lib/tinyusb/src/common/tusb_fifo.c.obj
                0x10006e7a                tu_fifo_count
 .text.tu_fifo_empty
                0x10006ea4        0xe CMakeFiles/uart_advanced.dir/Users/lucasolschansky/Pico/pico-sdk/lib/tinyusb/src/common/tusb_fifo.c.obj
                0x10006ea4                tu_fifo_empty
 .text.tu_fifo_full
                0x10006eb2       0x28 CMakeFiles/uart_advanced.dir/Users/lucasolschansky/Pico/pico-sdk/lib/tinyusb/src/common/tusb_fifo.c.obj
                0x10006eb2                tu_fifo_full
 .text.tu_fifo_remaining
                0x10006eda       0x2c CMakeFiles/uart_advanced.dir/Users/lucasolschansky/Pico/pico-sdk/lib/tinyusb/src/common/tusb_fifo.c.obj
                0x10006eda                tu_fifo_remaining
 .text.tu_fifo_read
                0x10006f06       0x42 CMakeFiles/uart_advanced.dir/Users/lucasolschansky/Pico/pico-sdk/lib/tinyusb/src/common/tusb_fifo.c.obj
                0x10006f06                tu_fifo_read
 .text.tu_fifo_read_n
                0x10006f48        0xa CMakeFiles/uart_advanced.dir/Users/lucasolschansky/Pico/pico-sdk/lib/tinyusb/src/common/tusb_fifo.c.obj
                0x10006f48                tu_fifo_read_n
 .text.tu_fifo_write
                0x10006f52       0x64 CMakeFiles/uart_advanced.dir/Users/lucasolschansky/Pico/pico-sdk/lib/tinyusb/src/common/tusb_fifo.c.obj
                0x10006f52                tu_fifo_write
 .text.tu_fifo_write_n
                0x10006fb6        0xa CMakeFiles/uart_advanced.dir/Users/lucasolschansky/Pico/pico-sdk/lib/tinyusb/src/common/tusb_fifo.c.obj
                0x10006fb6                tu_fifo_write_n
 .text.tu_fifo_clear
                0x10006fc0       0x3e CMakeFiles/uart_advanced.dir/Users/lucasolschansky/Pico/pico-sdk/lib/tinyusb/src/common/tusb_fifo.c.obj
                0x10006fc0                tu_fifo_clear
 .text.tu_fifo_set_overwritable
                0x10006ffe       0x46 CMakeFiles/uart_advanced.dir/Users/lucasolschansky/Pico/pico-sdk/lib/tinyusb/src/common/tusb_fifo.c.obj
                0x10006ffe                tu_fifo_set_overwritable
 .text.atoi     0x10007044        0xc /Applications/ArmGNUToolchain/13.2.Rel1/arm-none-eabi/bin/../lib/gcc/arm-none-eabi/13.2.1/../../../../arm-none-eabi/lib/thumb/v6-m/nofp/libg.a(libc_a-atoi.o)
                0x10007044                atoi
 .text._strtol_l.isra.0
                0x10007050      0x158 /Applications/ArmGNUToolchain/13.2.Rel1/arm-none-eabi/bin/../lib/gcc/arm-none-eabi/13.2.1/../../../../arm-none-eabi/lib/thumb/v6-m/nofp/libg.a(libc_a-strtol.o)
 .text.strtol   0x100071a8       0x18 /Applications/ArmGNUToolchain/13.2.Rel1/arm-none-eabi/bin/../lib/gcc/arm-none-eabi/13.2.1/../../../../arm-none-eabi/lib/thumb/v6-m/nofp/libg.a(libc_a-strtol.o)
                0x100071a8                strtol
 .text.__errno  0x100071c0        0xc /Applications/ArmGNUToolchain/13.2.Rel1/arm-none-eabi/bin/../lib/gcc/arm-none-eabi/13.2.1/../../../../arm-none-eabi/lib/thumb/v6-m/nofp/libg.a(libc_a-errno.o)
                0x100071c0                __errno
 .text.strlen   0x100071cc       0x5c /Applications/ArmGNUToolchain/13.2.Rel1/arm-none-eabi/bin/../lib/gcc/arm-none-eabi/13.2.1/../../../../arm-none-eabi/lib/thumb/v6-m/nofp/libg.a(libc_a-strlen-stub.o)
                0x100071cc                strlen
 *(.fini)
 .fini          0x10007228        0x4 /Applications/ArmGNUToolchain/13.2.Rel1/arm-none-eabi/bin/../lib/gcc/arm-none-eabi/13.2.1/thumb/v6-m/nofp/crti.o
                0x10007228                _fini
 *fill*         0x1000722c        0x4 
 .fini.__stub   0x10007230       0xe0 linker stubs
 *crtbegin.o(.ctors)
 *crtbegin?.o(.ctors)
 *(EXCLUDE_FILE(*crtend.o *crtend?.o) .ctors)
 *(SORT_BY_NAME(.ctors.*))
 *(.ctors)
 *crtbegin.o(.dtors)
 *crtbegin?.o(.dtors)
 *(EXCLUDE_FILE(*crtend.o *crtend?.o) .dtors)
 *(SORT_BY_NAME(.dtors.*))
 *(.dtors)
 *(.eh_frame*)
 .eh_frame      0x10007310        0x0 /Applications/ArmGNUToolchain/13.2.Rel1/arm-none-eabi/bin/../lib/gcc/arm-none-eabi/13.2.1/thumb/v6-m/nofp/crtbegin.o
                0x10007310                        . = ALIGN (0x4)

.glue_7         0x10007310        0x0
 .glue_7        0x10007310        0x0 linker stubs

.glue_7t        0x10007310        0x0
 .glue_7t       0x10007310        0x0 linker stubs

.vfp11_veneer   0x10007310        0x0
 .vfp11_veneer  0x10007310        0x0 linker stubs

.v4_bx          0x10007310        0x0
 .v4_bx         0x10007310        0x0 linker stubs

.iplt           0x10007310        0x0
 .iplt          0x10007310        0x0 /Applications/ArmGNUToolchain/13.2.Rel1/arm-none-eabi/bin/../lib/gcc/arm-none-eabi/13.2.1/thumb/v6-m/nofp/crtbegin.o

.rodata         0x10007310     0x16fc
 *(EXCLUDE_FILE(*libm.a: *libc.a:*lib_a-mem*.o *libgcc.a:) .rodata*)
 .rodata.motor_control.str1.4
                0x10007310      0xf37 CMakeFiles/uart_advanced.dir/uart_advanced.c.obj
                                 0x25 (size before relaxing)
 .rodata.on_uart_rx.str1.4
                0x10008247        0xf CMakeFiles/uart_advanced.dir/uart_advanced.c.obj
 .rodata.spin_lock_claim_unused.str1.4
                0x10008247       0x1b CMakeFiles/uart_advanced.dir/Users/lucasolschansky/Pico/pico-sdk/src/rp2_common/hardware_sync/sync.c.obj
 .rodata.resolve_branch.str1.4
                0x10008247       0x5f CMakeFiles/uart_advanced.dir/Users/lucasolschansky/Pico/pico-sdk/src/rp2_common/hardware_irq/irq.c.obj
 .rodata.make_branch.str1.4
                0x10008247       0x30 CMakeFiles/uart_advanced.dir/Users/lucasolschansky/Pico/pico-sdk/src/rp2_common/hardware_irq/irq.c.obj
 .rodata.insert_branch_and_link.str1.4
                0x10008247       0x10 CMakeFiles/uart_advanced.dir/Users/lucasolschansky/Pico/pico-sdk/src/rp2_common/hardware_irq/irq.c.obj
 .rodata.irq_set_exclusive_handler.str1.4
                0x10008247       0x36 CMakeFiles/uart_advanced.dir/Users/lucasolschansky/Pico/pico-sdk/src/rp2_common/hardware_irq/irq.c.obj
 .rodata.irq_add_shared_handler.str1.4
                0x10008247       0xc2 CMakeFiles/uart_advanced.dir/Users/lucasolschansky/Pico/pico-sdk/src/rp2_common/hardware_irq/irq.c.obj
 .rodata.irq_remove_handler.str1.4
                0x10008247       0x3a CMakeFiles/uart_advanced.dir/Users/lucasolschansky/Pico/pico-sdk/src/rp2_common/hardware_irq/irq.c.obj
 .rodata.irq_add_tail_to_free_list.str1.4
                0x10008247       0x3a CMakeFiles/uart_advanced.dir/Users/lucasolschansky/Pico/pico-sdk/src/rp2_common/hardware_irq/irq.c.obj
 .rodata.user_irq_claim_unused.str1.4
                0x10008247       0x1b CMakeFiles/uart_advanced.dir/Users/lucasolschansky/Pico/pico-sdk/src/rp2_common/hardware_irq/irq.c.obj
 *fill*         0x10008247        0x1 
 .rodata.__func__.0
                0x10008248       0x1a CMakeFiles/uart_advanced.dir/Users/lucasolschansky/Pico/pico-sdk/src/rp2_common/hardware_irq/irq.c.obj
 *fill*         0x10008262        0x2 
 .rodata.__func__.1
                0x10008264       0x17 CMakeFiles/uart_advanced.dir/Users/lucasolschansky/Pico/pico-sdk/src/rp2_common/hardware_irq/irq.c.obj
 *fill*         0x1000827b        0x1 
 .rodata.__func__.2
                0x1000827c       0x13 CMakeFiles/uart_advanced.dir/Users/lucasolschansky/Pico/pico-sdk/src/rp2_common/hardware_irq/irq.c.obj
 *fill*         0x1000828f        0x1 
 .rodata.__func__.3
                0x10008290        0xc CMakeFiles/uart_advanced.dir/Users/lucasolschansky/Pico/pico-sdk/src/rp2_common/hardware_irq/irq.c.obj
 .rodata.__func__.4
                0x1000829c        0xf CMakeFiles/uart_advanced.dir/Users/lucasolschansky/Pico/pico-sdk/src/rp2_common/hardware_irq/irq.c.obj
 *fill*         0x100082ab        0x1 
 .rodata.__func__.5
                0x100082ac       0x17 CMakeFiles/uart_advanced.dir/Users/lucasolschansky/Pico/pico-sdk/src/rp2_common/hardware_irq/irq.c.obj
 *fill*         0x100082c3        0x1 
 .rodata.__func__.6
                0x100082c4       0x1a CMakeFiles/uart_advanced.dir/Users/lucasolschansky/Pico/pico-sdk/src/rp2_common/hardware_irq/irq.c.obj
 .rodata.update_us_since_boot.str1.4
                0x100082de       0x6b CMakeFiles/uart_advanced.dir/Users/lucasolschansky/Pico/pico-sdk/src/common/pico_sync/mutex.c.obj
 .rodata.str1.4
                0x100082de       0x95 CMakeFiles/uart_advanced.dir/Users/lucasolschansky/Pico/pico-sdk/src/common/pico_sync/mutex.c.obj
 *fill*         0x100082de        0x2 
 .rodata.__func__.1
                0x100082e0        0xb CMakeFiles/uart_advanced.dir/Users/lucasolschansky/Pico/pico-sdk/src/common/pico_sync/mutex.c.obj
 *fill*         0x100082eb        0x1 
 .rodata.__func__.3
                0x100082ec       0x18 CMakeFiles/uart_advanced.dir/Users/lucasolschansky/Pico/pico-sdk/src/common/pico_sync/mutex.c.obj
 .rodata.__func__.4
                0x10008304       0x15 CMakeFiles/uart_advanced.dir/Users/lucasolschansky/Pico/pico-sdk/src/common/pico_sync/mutex.c.obj
 .rodata.get_entry.str1.4
                0x10008319       0x65 CMakeFiles/uart_advanced.dir/Users/lucasolschansky/Pico/pico-sdk/src/common/pico_time/time.c.obj
 .rodata.update_us_since_boot.str1.4
                0x10008319       0x6b CMakeFiles/uart_advanced.dir/Users/lucasolschansky/Pico/pico-sdk/src/common/pico_time/time.c.obj
 .rodata.ph_get_node.str1.4
                0x10008319       0x70 CMakeFiles/uart_advanced.dir/Users/lucasolschansky/Pico/pico-sdk/src/common/pico_time/time.c.obj
 .rodata.ph_add_child_node.str1.4
                0x10008319       0x2e CMakeFiles/uart_advanced.dir/Users/lucasolschansky/Pico/pico-sdk/src/common/pico_time/time.c.obj
 .rodata.ph_insert_node.str1.4
                0x10008319        0x3 CMakeFiles/uart_advanced.dir/Users/lucasolschansky/Pico/pico-sdk/src/common/pico_time/time.c.obj
 .rodata.ph_free_node.str1.4
                0x10008319       0x38 CMakeFiles/uart_advanced.dir/Users/lucasolschansky/Pico/pico-sdk/src/common/pico_time/time.c.obj
 .rodata.add_alarm_under_lock.str1.4
                0x10008319       0x28 CMakeFiles/uart_advanced.dir/Users/lucasolschansky/Pico/pico-sdk/src/common/pico_time/time.c.obj
 .rodata.alarm_pool_alarm_callback.str1.4
                0x10008319       0x60 CMakeFiles/uart_advanced.dir/Users/lucasolschansky/Pico/pico-sdk/src/common/pico_time/time.c.obj
 .rodata.alarm_pool_get_default.str1.4
                0x10008319       0x21 CMakeFiles/uart_advanced.dir/Users/lucasolschansky/Pico/pico-sdk/src/common/pico_time/time.c.obj
 .rodata.alarm_pool_cancel_alarm.str1.4
                0x10008319       0x27 CMakeFiles/uart_advanced.dir/Users/lucasolschansky/Pico/pico-sdk/src/common/pico_time/time.c.obj
 .rodata.sleep_until.str1.4
                0x10008319       0x4d CMakeFiles/uart_advanced.dir/Users/lucasolschansky/Pico/pico-sdk/src/common/pico_time/time.c.obj
 *fill*         0x10008319        0x3 
 .rodata.__func__.1
                0x1000831c       0x18 CMakeFiles/uart_advanced.dir/Users/lucasolschansky/Pico/pico-sdk/src/common/pico_time/time.c.obj
 .rodata.__func__.3
                0x10008334       0x17 CMakeFiles/uart_advanced.dir/Users/lucasolschansky/Pico/pico-sdk/src/common/pico_time/time.c.obj
 *fill*         0x1000834b        0x1 
 .rodata.__func__.4
                0x1000834c       0x12 CMakeFiles/uart_advanced.dir/Users/lucasolschansky/Pico/pico-sdk/src/common/pico_time/time.c.obj
 *fill*         0x1000835e        0x2 
 .rodata.__func__.5
                0x10008360        0xd CMakeFiles/uart_advanced.dir/Users/lucasolschansky/Pico/pico-sdk/src/common/pico_time/time.c.obj
 *fill*         0x1000836d        0x3 
 .rodata.__func__.6
                0x10008370       0x12 CMakeFiles/uart_advanced.dir/Users/lucasolschansky/Pico/pico-sdk/src/common/pico_time/time.c.obj
 *fill*         0x10008382        0x2 
 .rodata.__func__.7
                0x10008384        0xf CMakeFiles/uart_advanced.dir/Users/lucasolschansky/Pico/pico-sdk/src/common/pico_time/time.c.obj
 *fill*         0x10008393        0x1 
 .rodata.__func__.8
                0x10008394        0xc CMakeFiles/uart_advanced.dir/Users/lucasolschansky/Pico/pico-sdk/src/common/pico_time/time.c.obj
 .rodata.__func__.9
                0x100083a0       0x15 CMakeFiles/uart_advanced.dir/Users/lucasolschansky/Pico/pico-sdk/src/common/pico_time/time.c.obj
 *fill*         0x100083b5        0x3 
 .rodata.__func__.10
                0x100083b8       0x15 CMakeFiles/uart_advanced.dir/Users/lucasolschansky/Pico/pico-sdk/src/common/pico_time/time.c.obj
 *fill*         0x100083cd        0x3 
 .rodata.__func__.11
                0x100083d0       0x1a CMakeFiles/uart_advanced.dir/Users/lucasolschansky/Pico/pico-sdk/src/common/pico_time/time.c.obj
 *fill*         0x100083ea        0x2 
 .rodata.__func__.12
                0x100083ec        0xa CMakeFiles/uart_advanced.dir/Users/lucasolschansky/Pico/pico-sdk/src/common/pico_time/time.c.obj
 .rodata.update_us_since_boot.str1.4
                0x100083f6       0x6b CMakeFiles/uart_advanced.dir/Users/lucasolschansky/Pico/pico-sdk/src/rp2_common/hardware_timer/timer.c.obj
 .rodata.hardware_alarm_claim.str1.4
                0x100083f6       0x22 CMakeFiles/uart_advanced.dir/Users/lucasolschansky/Pico/pico-sdk/src/rp2_common/hardware_timer/timer.c.obj
 .rodata.hardware_alarm_set_target.str1.4
                0x100083f6       0x6f CMakeFiles/uart_advanced.dir/Users/lucasolschansky/Pico/pico-sdk/src/rp2_common/hardware_timer/timer.c.obj
 *fill*         0x100083f6        0x2 
 .rodata.__func__.0
                0x100083f8       0x1a CMakeFiles/uart_advanced.dir/Users/lucasolschansky/Pico/pico-sdk/src/rp2_common/hardware_timer/timer.c.obj
 *fill*         0x10008412        0x2 
 .rodata.__func__.1
                0x10008414       0x15 CMakeFiles/uart_advanced.dir/Users/lucasolschansky/Pico/pico-sdk/src/rp2_common/hardware_timer/timer.c.obj
 .rodata.ph_get_node.str1.4
                0x10008429       0x70 CMakeFiles/uart_advanced.dir/Users/lucasolschansky/Pico/pico-sdk/src/common/pico_util/pheap.c.obj
 .rodata.ph_add_child_node.str1.4
                0x10008429       0x2e CMakeFiles/uart_advanced.dir/Users/lucasolschansky/Pico/pico-sdk/src/common/pico_util/pheap.c.obj
 .rodata.ph_remove_any_head.str1.4
                0x10008429       0xac CMakeFiles/uart_advanced.dir/Users/lucasolschansky/Pico/pico-sdk/src/common/pico_util/pheap.c.obj
 .rodata.ph_remove_and_free_node.str1.4
                0x10008429       0x26 CMakeFiles/uart_advanced.dir/Users/lucasolschansky/Pico/pico-sdk/src/common/pico_util/pheap.c.obj
 *fill*         0x10008429        0x3 
 .rodata.__func__.0
                0x1000842c       0x18 CMakeFiles/uart_advanced.dir/Users/lucasolschansky/Pico/pico-sdk/src/common/pico_util/pheap.c.obj
 .rodata.__func__.1
                0x10008444       0x13 CMakeFiles/uart_advanced.dir/Users/lucasolschansky/Pico/pico-sdk/src/common/pico_util/pheap.c.obj
 *fill*         0x10008457        0x1 
 .rodata.__func__.2
                0x10008458       0x12 CMakeFiles/uart_advanced.dir/Users/lucasolschansky/Pico/pico-sdk/src/common/pico_util/pheap.c.obj
 *fill*         0x1000846a        0x2 
 .rodata.__func__.3
                0x1000846c        0xc CMakeFiles/uart_advanced.dir/Users/lucasolschansky/Pico/pico-sdk/src/common/pico_util/pheap.c.obj
 .rodata.clock_configure.str1.4
                0x10008478       0x61 CMakeFiles/uart_advanced.dir/Users/lucasolschansky/Pico/pico-sdk/src/rp2_common/hardware_clocks/clocks.c.obj
 .rodata.__func__.1
                0x10008478       0x10 CMakeFiles/uart_advanced.dir/Users/lucasolschansky/Pico/pico-sdk/src/rp2_common/hardware_clocks/clocks.c.obj
 .rodata.pll_init.str1.4
                0x10008488      0x12c CMakeFiles/uart_advanced.dir/Users/lucasolschansky/Pico/pico-sdk/src/rp2_common/hardware_pll/pll.c.obj
 .rodata.__func__.0
                0x10008488        0x9 CMakeFiles/uart_advanced.dir/Users/lucasolschansky/Pico/pico-sdk/src/rp2_common/hardware_pll/pll.c.obj
 .rodata.__assert_func.str1.4
                0x10008491       0x43 CMakeFiles/uart_advanced.dir/Users/lucasolschansky/Pico/pico-sdk/src/rp2_common/pico_runtime/runtime.c.obj
 .rodata.runtime_init.str1.4
                0x10008491       0x6b CMakeFiles/uart_advanced.dir/Users/lucasolschansky/Pico/pico-sdk/src/rp2_common/pico_runtime/runtime.c.obj
 .rodata.panic.str1.4
                0x10008491       0x12 CMakeFiles/uart_advanced.dir/Users/lucasolschansky/Pico/pico-sdk/src/rp2_common/pico_runtime/runtime.c.obj
 *fill*         0x10008491        0x3 
 .rodata.__func__.2
                0x10008494        0xd CMakeFiles/uart_advanced.dir/Users/lucasolschansky/Pico/pico-sdk/src/rp2_common/pico_runtime/runtime.c.obj
 .rodata._ftoa.str1.4
                0x100084a1       0x15 CMakeFiles/uart_advanced.dir/Users/lucasolschansky/Pico/pico-sdk/src/rp2_common/pico_printf/printf.c.obj
 *fill*         0x100084a1        0x3 
 .rodata._vsnprintf
                0x100084a4      0x19c CMakeFiles/uart_advanced.dir/Users/lucasolschansky/Pico/pico-sdk/src/rp2_common/pico_printf/printf.c.obj
 .rodata.pow10.0
                0x10008640       0x50 CMakeFiles/uart_advanced.dir/Users/lucasolschansky/Pico/pico-sdk/src/rp2_common/pico_printf/printf.c.obj
 .rodata.__aeabi_double_init.str1.4
                0x10008690       0xa6 CMakeFiles/uart_advanced.dir/Users/lucasolschansky/Pico/pico-sdk/src/rp2_common/pico_double/double_init_rom.c.obj
 .rodata.__func__.0
                0x10008690       0x14 CMakeFiles/uart_advanced.dir/Users/lucasolschansky/Pico/pico-sdk/src/rp2_common/pico_double/double_init_rom.c.obj
 .rodata.__aeabi_float_init.str1.4
                0x100086a4       0x88 CMakeFiles/uart_advanced.dir/Users/lucasolschansky/Pico/pico-sdk/src/rp2_common/pico_float/float_init_rom.c.obj
 .rodata.__func__.0
                0x100086a4       0x13 CMakeFiles/uart_advanced.dir/Users/lucasolschansky/Pico/pico-sdk/src/rp2_common/pico_float/float_init_rom.c.obj
 .rodata.str1.4
                0x100086b7       0x44 CMakeFiles/uart_advanced.dir/Users/lucasolschansky/Pico/pico-sdk/src/rp2_common/pico_standard_link/binary_info.c.obj
 *fill*         0x100086b7        0x1 
 .rodata.__bi_81
                0x100086b8        0xc CMakeFiles/uart_advanced.dir/Users/lucasolschansky/Pico/pico-sdk/src/rp2_common/pico_standard_link/binary_info.c.obj
 .rodata.__bi_75
                0x100086c4        0xc CMakeFiles/uart_advanced.dir/Users/lucasolschansky/Pico/pico-sdk/src/rp2_common/pico_standard_link/binary_info.c.obj
 .rodata.__bi_44
                0x100086d0        0xc CMakeFiles/uart_advanced.dir/Users/lucasolschansky/Pico/pico-sdk/src/rp2_common/pico_standard_link/binary_info.c.obj
 .rodata.update_us_since_boot.str1.4
                0x100086dc       0x6b CMakeFiles/uart_advanced.dir/Users/lucasolschansky/Pico/pico-sdk/src/rp2_common/pico_stdio/stdio.c.obj
 .rodata.crlf_str.2
                0x100086dc        0x2 CMakeFiles/uart_advanced.dir/Users/lucasolschansky/Pico/pico-sdk/src/rp2_common/pico_stdio/stdio.c.obj
 *fill*         0x100086de        0x2 
 .rodata.__func__.3
                0x100086e0       0x15 CMakeFiles/uart_advanced.dir/Users/lucasolschansky/Pico/pico-sdk/src/rp2_common/pico_stdio/stdio.c.obj
 *fill*         0x100086f5        0x3 
 .rodata._resetd_driver
                0x100086f8       0x18 CMakeFiles/uart_advanced.dir/Users/lucasolschansky/Pico/pico-sdk/src/rp2_common/pico_stdio_usb/reset_interface.c.obj
 .rodata.update_us_since_boot.str1.4
                0x10008710       0x6b CMakeFiles/uart_advanced.dir/Users/lucasolschansky/Pico/pico-sdk/src/rp2_common/pico_stdio_usb/stdio_usb.c.obj
 .rodata.stdio_usb_init.str1.4
                0x10008710       0x57 CMakeFiles/uart_advanced.dir/Users/lucasolschansky/Pico/pico-sdk/src/rp2_common/pico_stdio_usb/stdio_usb.c.obj
 .rodata.str1.4
                0x10008710       0x13 CMakeFiles/uart_advanced.dir/Users/lucasolschansky/Pico/pico-sdk/src/rp2_common/pico_stdio_usb/stdio_usb.c.obj
 .rodata.__bi_182.0
                0x10008710        0xc CMakeFiles/uart_advanced.dir/Users/lucasolschansky/Pico/pico-sdk/src/rp2_common/pico_stdio_usb/stdio_usb.c.obj
 .rodata.__func__.1
                0x1000871c        0xf CMakeFiles/uart_advanced.dir/Users/lucasolschansky/Pico/pico-sdk/src/rp2_common/pico_stdio_usb/stdio_usb.c.obj
 *fill*         0x1000872b        0x1 
 .rodata.__func__.3
                0x1000872c       0x15 CMakeFiles/uart_advanced.dir/Users/lucasolschansky/Pico/pico-sdk/src/rp2_common/pico_stdio_usb/stdio_usb.c.obj
 .rodata.str1.4
                0x10008741       0x2a CMakeFiles/uart_advanced.dir/Users/lucasolschansky/Pico/pico-sdk/src/rp2_common/pico_stdio_usb/stdio_usb_descriptors.c.obj
 *fill*         0x10008741        0x3 
 .rodata.usbd_desc_str
                0x10008744       0x18 CMakeFiles/uart_advanced.dir/Users/lucasolschansky/Pico/pico-sdk/src/rp2_common/pico_stdio_usb/stdio_usb_descriptors.c.obj
 .rodata.usbd_desc_cfg
                0x1000875c       0x54 CMakeFiles/uart_advanced.dir/Users/lucasolschansky/Pico/pico-sdk/src/rp2_common/pico_stdio_usb/stdio_usb_descriptors.c.obj
 .rodata.usbd_desc_device
                0x100087b0       0x12 CMakeFiles/uart_advanced.dir/Users/lucasolschansky/Pico/pico-sdk/src/rp2_common/pico_stdio_usb/stdio_usb_descriptors.c.obj
 .rodata.pico_get_unique_board_id_string.str1.4
                0x100087c2       0x57 CMakeFiles/uart_advanced.dir/Users/lucasolschansky/Pico/pico-sdk/src/rp2_common/pico_unique_id/unique_id.c.obj
 *fill*         0x100087c2        0x2 
 .rodata.__func__.0
                0x100087c4       0x20 CMakeFiles/uart_advanced.dir/Users/lucasolschansky/Pico/pico-sdk/src/rp2_common/pico_unique_id/unique_id.c.obj
 .rodata.str1.4
                0x100087e4      0x162 CMakeFiles/uart_advanced.dir/Users/lucasolschansky/Pico/pico-sdk/src/rp2_common/hardware_flash/flash.c.obj
 .rodata.__func__.0
                0x100087e4        0xd CMakeFiles/uart_advanced.dir/Users/lucasolschansky/Pico/pico-sdk/src/rp2_common/hardware_flash/flash.c.obj
 .rodata._hw_endpoint_alloc.str1.4
                0x100087f1       0xc1 CMakeFiles/uart_advanced.dir/Users/lucasolschansky/Pico/pico-sdk/lib/tinyusb/src/portable/raspberrypi/rp2040/dcd_rp2040.c.obj
 .rodata.str1.4
                0x100087f1       0x14 CMakeFiles/uart_advanced.dir/Users/lucasolschansky/Pico/pico-sdk/lib/tinyusb/src/portable/raspberrypi/rp2040/dcd_rp2040.c.obj
 .rodata.dcd_int_enable.str1.4
                0x100087f1        0xc CMakeFiles/uart_advanced.dir/Users/lucasolschansky/Pico/pico-sdk/lib/tinyusb/src/portable/raspberrypi/rp2040/dcd_rp2040.c.obj
 *fill*         0x100087f1        0x3 
 .rodata.__func__.0
                0x100087f4        0xe CMakeFiles/uart_advanced.dir/Users/lucasolschansky/Pico/pico-sdk/lib/tinyusb/src/portable/raspberrypi/rp2040/dcd_rp2040.c.obj
 *fill*         0x10008802        0x2 
 .rodata.__func__.1
                0x10008804        0xe CMakeFiles/uart_advanced.dir/Users/lucasolschansky/Pico/pico-sdk/lib/tinyusb/src/portable/raspberrypi/rp2040/dcd_rp2040.c.obj
 *fill*         0x10008812        0x2 
 .rodata.__func__.3
                0x10008814       0x10 CMakeFiles/uart_advanced.dir/Users/lucasolschansky/Pico/pico-sdk/lib/tinyusb/src/portable/raspberrypi/rp2040/dcd_rp2040.c.obj
 .rodata.__func__.5
                0x10008824        0xf CMakeFiles/uart_advanced.dir/Users/lucasolschansky/Pico/pico-sdk/lib/tinyusb/src/portable/raspberrypi/rp2040/dcd_rp2040.c.obj
 *fill*         0x10008833        0x1 
 .rodata.__func__.6
                0x10008834       0x13 CMakeFiles/uart_advanced.dir/Users/lucasolschansky/Pico/pico-sdk/lib/tinyusb/src/portable/raspberrypi/rp2040/dcd_rp2040.c.obj
 *fill*         0x10008847        0x1 
 .rodata.__func__.7
                0x10008848        0x9 CMakeFiles/uart_advanced.dir/Users/lucasolschansky/Pico/pico-sdk/lib/tinyusb/src/portable/raspberrypi/rp2040/dcd_rp2040.c.obj
 .rodata.str1.4
                0x10008851       0xf3 CMakeFiles/uart_advanced.dir/Users/lucasolschansky/Pico/pico-sdk/lib/tinyusb/src/portable/raspberrypi/rp2040/rp2040_usb.c.obj
 *fill*         0x10008851        0x3 
 .rodata.__func__.0
                0x10008854        0xf CMakeFiles/uart_advanced.dir/Users/lucasolschansky/Pico/pico-sdk/lib/tinyusb/src/portable/raspberrypi/rp2040/rp2040_usb.c.obj
 *fill*         0x10008863        0x1 
 .rodata.process_get_descriptor
                0x10008864       0x40 CMakeFiles/uart_advanced.dir/Users/lucasolschansky/Pico/pico-sdk/lib/tinyusb/src/device/usbd.c.obj
 .rodata.process_control_request
                0x100088a4       0x28 CMakeFiles/uart_advanced.dir/Users/lucasolschansky/Pico/pico-sdk/lib/tinyusb/src/device/usbd.c.obj
 .rodata.tud_task_ext
                0x100088cc       0x24 CMakeFiles/uart_advanced.dir/Users/lucasolschansky/Pico/pico-sdk/lib/tinyusb/src/device/usbd.c.obj
 .rodata._usbd_driver
                0x100088f0       0x18 CMakeFiles/uart_advanced.dir/Users/lucasolschansky/Pico/pico-sdk/lib/tinyusb/src/device/usbd.c.obj
 .rodata._ctype_
                0x10008908      0x101 /Applications/ArmGNUToolchain/13.2.Rel1/arm-none-eabi/bin/../lib/gcc/arm-none-eabi/13.2.1/../../../../arm-none-eabi/lib/thumb/v6-m/nofp/libg.a(libc_a-ctype_.o)
                0x10008908                _ctype_
                0x10008a0c                        . = ALIGN (0x4)
 *fill*         0x10008a09        0x3 
 *(SORT_BY_ALIGNMENT(SORT_BY_NAME(.flashdata*)))
                0x10008a0c                        . = ALIGN (0x4)

.ARM.extab
 *(.ARM.extab* .gnu.linkonce.armextab.*)
                0x10008a0c                        __exidx_start = .

.ARM.exidx
 *(.ARM.exidx* .gnu.linkonce.armexidx.*)
                0x10008a0c                        __exidx_end = .
                0x10008a0c                        . = ALIGN (0x4)
                0x10008a0c                        __binary_info_start = .

.binary_info    0x10008a0c       0x20
 *(.binary_info.keep.*)
 .binary_info.keep.__bi_ptr81
                0x10008a0c        0x4 CMakeFiles/uart_advanced.dir/Users/lucasolschansky/Pico/pico-sdk/src/rp2_common/pico_standard_link/binary_info.c.obj
 .binary_info.keep.__bi_ptr75
                0x10008a10        0x4 CMakeFiles/uart_advanced.dir/Users/lucasolschansky/Pico/pico-sdk/src/rp2_common/pico_standard_link/binary_info.c.obj
 .binary_info.keep.__bi_ptr50
                0x10008a14        0x4 CMakeFiles/uart_advanced.dir/Users/lucasolschansky/Pico/pico-sdk/src/rp2_common/pico_standard_link/binary_info.c.obj
 .binary_info.keep.__bi_ptr44
                0x10008a18        0x4 CMakeFiles/uart_advanced.dir/Users/lucasolschansky/Pico/pico-sdk/src/rp2_common/pico_standard_link/binary_info.c.obj
 .binary_info.keep.__bi_ptr38
                0x10008a1c        0x4 CMakeFiles/uart_advanced.dir/Users/lucasolschansky/Pico/pico-sdk/src/rp2_common/pico_standard_link/binary_info.c.obj
 .binary_info.keep.__bi_ptr30
                0x10008a20        0x4 CMakeFiles/uart_advanced.dir/Users/lucasolschansky/Pico/pico-sdk/src/rp2_common/pico_standard_link/binary_info.c.obj
 .binary_info.keep.__bi_ptr22
                0x10008a24        0x4 CMakeFiles/uart_advanced.dir/Users/lucasolschansky/Pico/pico-sdk/src/rp2_common/pico_standard_link/binary_info.c.obj
 *(.binary_info.*)
 .binary_info.__bi_ptr182
                0x10008a28        0x4 CMakeFiles/uart_advanced.dir/Users/lucasolschansky/Pico/pico-sdk/src/rp2_common/pico_stdio_usb/stdio_usb.c.obj
                0x10008a2c                        __binary_info_end = .

.rel.dyn        0x10008a2c        0x0
 .rel.iplt      0x10008a2c        0x0 /Applications/ArmGNUToolchain/13.2.Rel1/arm-none-eabi/bin/../lib/gcc/arm-none-eabi/13.2.1/thumb/v6-m/nofp/crtbegin.o
                0x10008a2c                        . = ALIGN (0x4)

.ram_vector_table
                0x20000000       0xc0
 *(.ram_vector_table)
 .ram_vector_table
                0x20000000       0xc0 CMakeFiles/uart_advanced.dir/Users/lucasolschansky/Pico/pico-sdk/src/rp2_common/pico_runtime/runtime.c.obj
                0x20000000                ram_vector_table

.data           0x200000c0      0xc68 load address 0x10008a2c
                0x200000c0                        __data_start__ = .
 *(vtable)
 *(.time_critical*)
 .time_critical.mutex_try_enter
                0x200000c0       0x46 CMakeFiles/uart_advanced.dir/Users/lucasolschansky/Pico/pico-sdk/src/common/pico_sync/mutex.c.obj
                0x200000c0                mutex_try_enter
 *fill*         0x20000106        0x2 
 .time_critical.mutex_enter_block_until
                0x20000108       0x8c CMakeFiles/uart_advanced.dir/Users/lucasolschansky/Pico/pico-sdk/src/common/pico_sync/mutex.c.obj
                0x20000108                mutex_enter_block_until